(POWERON_REhï¿½Úšï¿½j%ï¿½(44) boot.esp32: SPI Mode       : DIO[0m
[0;32mI (48) boot.esp32: SPI Flash Size : 2MB[0m
[0;32mI (53) boot: Enabling RNG early entropy sï¿½ets Jun  8 2016 00:22:57

rst:0x1 (POWERON_RESET),boot:0x13 (SPI_FAST_FLASH_BOOT)
configsip: 0, SPIWP:0xee
clk_drv:0x00,q_drv:0x00,d_drv:0x00,cs0_drv:0x00,hd_drv:0x00,wp_drv:0x00
mode:DIO, clock div:2
load:0x3fff0030,len:7084
ho 0 tail 12 room 4
load:0x40078000,len:15584
load:0x40080400,len:4
load:0x40080404,len:3876
entry 0x4008064c
[0;32mI (31) boot: ESP-IDF v5.1.2-dirty 2nd stage bootloader[0m
[0;32mI (31) boot: compile time May  1 2024 10:16:43[0m
[0;32mI (31) boot: Multicore bootloader[0m
[0;32mI (35) boot: chip revision: v1.0[0m
[0;32mI (39) boot.esp32: SPI Speed      : 40MHz[0m
[0;32mI (44) boot.esp32: SPI Mode       : DIO[0m
[0;32mI (48) boot.esp32: SPI Flash Size : 2MB[0m
[0;32mI (53) boot: Enabling RNG early entropy source...[0m
[0;32mI (58) boot: Partition Table:[0m
[0;32mI (62) boot: ## Label            Usage          Type ST Offset   Length[0m
[0;32mI (69) boot:  0 nvs              WiFi data        01 02 00009000 00006000[0m
[0;32mI (77) boot:  1 phy_init         RF data          01 01 0000f000 00001000[0m
[0;32mI (84) boot:  2 factory          factory app      00 00 00010000 00100000[0m
[0;32mI (92) boot: End of partition table[0m
[0;32mI (96) esp_image: segment 0: paddr=00010020 vaddr=3f400020 size=0a670h ( 42608) map[0m
[0;32mI (120) esp_image: segment 1: paddr=0001a698 vaddr=3ffb0000 size=02158h (  8536) load[0m
[0;32mI (123) esp_image: segment 2: paddr=0001c7f8 vaddr=40080000 size=03820h ( 14368) load[0m
[0;32mI (131) esp_image: segment 3: paddr=00020020 vaddr=400d0020 size=1668ch ( 91788) map[0m
[0;32mI (167) esp_image: segment 4: paddr=000366b4 vaddr=40083820 size=096b8h ( 38584) load[0m
[0;32mI (190) boot: Loaded app from partition at offset 0x10000[0m
[0;32mI (190) boot: Disabling RNG early entropy source...[0m
[0;32mI (201) cpu_start: Multicore app[0m
[0;32mI (202) cpu_start: Pro cpu up.[0m
[0;32mI (202) cpu_start: Starting app cpu, entry point is 0x400811e0[0m
[0;32mI (0) cpu_start: App cpu up.[0m
[0;32mI (220) cpu_start: Pro cpu start user code[0m
[0;32mI (220) cpu_start: cpu freq: 160000000 Hz[0m
[0;32mI (220) cpu_start: Application information:[0m
[0;32mI (224) cpu_start: Project name:     IoT_Speaker[0m
[0;32mI (230) cpu_start: App version:      1[0m
[0;32mI (234) cpu_start: Compile time:     May  1 2024 10:22:59[0m
[0;32mI (240) cpu_start: ELF file SHA256:  cc644599ea775638...[0m
[0;32mI (246) cpu_start: ESP-IDF:          v5.1.2-dirty[0m
[0;32mI (252) cpu_start: Min chip rev:     v0.0[0m
[0;32mI (256) cpu_start: Max chip rev:     v3.99 [0m
[0;32mI (261) cpu_start: Chip rev:         v1.0[0m
[0;32mI (266) heap_init: Initializing. RAM available for dynamic allocation:[0m
[0;32mI (273) heap_init: At 3FFAE6E0 len 00001920 (6 KiB): DRAM[0m
[0;32mI (279) heap_init: At 3FFB29D8 len 0002D628 (181 KiB): DRAM[0m
[0;32mI (285) heap_init: At 3FFE0440 len 00003AE0 (14 KiB): D/IRAM[0m
[0;32mI (292) heap_init: At 3FFE4350 len 0001BCB0 (111 KiB): D/IRAM[0m
[0;32mI (298) heap_init: At 4008CED8 len 00013128 (76 KiB): IRAM[0m
[0;32mI (306) spi_flash: detected chip: generic[0m
[0;32mI (309) spi_flash: flash io: dio[0m
[0;33mW (313) spi_flash: Detected size(4096k) larger than the size in the binary image header(2048k). Using the size in the binary image header.[0m
[0;32mI (327) app_start: Starting scheduler on CPU0[0m
[0;32mI (331) app_start: Starting scheduler on CPU1[0m
[0;32mI (331) main_task: Started on CPU0[0m
[0;32mI (341) main_task: Calling app_main()[0m
Guru Meditation Error: Core  0 panic'ed (LoadProhibited). Exception was unhandled.

Core  0 register dump:
PC      : 0x400d77be  PS      : 0x00060530  A0      : 0x800d8124  A1      : 0x3ffb4be0  
A2      : 0x00000000  A3      : 0x3ffb28c4  A4      : 0x0000000a  A5      : 0x00000000  
A6      : 0x00000000  A7      : 0x3ffb28c8  A8      : 0xff0a0000  A9      : 0x3ffb4bf0  
A10     : 0x3ff000dc  A11     : 0xffffffff  A12     : 0x00060a20  A13     : 0xffffffff  
A14     : 0x0000001f  A15     : 0x00000010  SAR     : 0x00000010  EXCCAUSE: 0x0000001c  
EXCVADDR: 0xff0a00f4  LBEG    : 0x4000c46c  LEND    : 0x4000c477  LCOUNT  : 0x00000000  


Backtrace: 0x400d77bb:0x3ffb4be0 0x400d8121:0x3ffb4c20 0x400d58ed:0x3ffb4c50 0x400d590e:0x3ffb4c70 0x400d5921:0x3ffb4c90 0x400d58b8:0x3ffb4cb0 0x400e5efc:0x3ffb4cd0 0x40088b09:0x3ffb4d00




ELF file SHA256: cc644599ea775638

Rebooting...
ets Jun  8 2016 00:22:57

rst:0xc (SW_CPU_RESET),boot:0x13 (SPI_FAST_FLASH_BOOT)
configsip: 0, SPIWP:0xee
clk_drv:0x00,q_drv:0x00,d_drv:0x00,cs0_drv:0x00,hd_drv:0x00,wp_drv:0x00
mode:DIO, clock div:2
load:0x3fff0030,len:7084
ho 0 tail 12 room 4
load:0x40078000,len:15584
load:0x40080400,len:4
load:0x40080404,len:3876
entry 0x4008064c
[0;32mI (31) boot: ESP-IDF v5.1.2-dirty 2nd stage bootloader[0m
[0;32mI (31) boot: compile time May  1 2024 10:16:43[0m
[0;32mI (31) boot: Multicore bootloader[0m
[0;32mI (36) boot: chip revision: v1.0[0m
[0;32mI (40) boot.esp32: SPI Speed      : 40MHz[0m
[0;32mI (44) boot.esp32: SPI Mode       : DIO[0m
[0;32mI (49) boot.esp32: SPI Flash Size : 2MB[0m
[0;32mI (53) boot: Enabling RNG early entropy source...[0m
[0;32mI (59) boot: Partition Table:[0m
[0;32mI (62) boot: ## Label            Usage          Type ST Offset   Length[0m
[0;32mI (70) boot:  0 nvs              WiFi data        01 02 00009000 00006000[0m
[0;32mI (77) boot:  1 phy_init         RF data          01 01 0000f000 00001000[0m
[0;32mI (84) boot:  2 factory          factory app      00 00 00010000 00100000[0m
[0;32mI (92) boot: End of partition table[0m
[0;32mI (96) esp_image: segment 0: paddr=00010020 vaddr=3f400020 size=0a670h ( 42608) map[0m
[0;32mI (120) esp_image: segment 1: paddr=0001a698 vaddr=3ffb0000 size=02158h (  8536) load[0m
[0;32mI (124) esp_image: segment 2: paddr=0001c7f8 vaddr=40080000 size=03820h ( 14368) load[0m
[0;32mI (132) esp_image: segment 3: paddr=00020020 vaddr=400d0020 size=1668ch ( 91788) map[0m
[0;32mI (167) esp_image: segment 4: paddr=000366b4 vaddr=40083820 size=096b8h ( 38584) load[0m
[0;32mI (190) boot: Loaded app from partition at offset 0x10000[0m
[0;32mI (190) boot: Disabling RNG early entropy source...[0m
[0;32mI (202) cpu_start: Multicore app[0m
[0;32mI (202) cpu_start: Pro cpu up.[0m
[0;32mI (202) cpu_start: Starting app cpu, entry point is 0x400811e0[0m
[0;32mI (190) cpu_start: App cpu up.[0m
[0;32mI (220) cpu_start: Pro cpu start user code[0m
[0;32mI (220) cpu_start: cpu freq: 160000000 Hz[0m
[0;32mI (220) cpu_start: Application information:[0m
[0;32mI (225) cpu_start: Project name:     IoT_Speaker[0m
[0;32mI (230) cpu_start: App version:      1[0m
[0;32mI (235) cpu_start: Compile time:     May  1 2024 10:22:59[0m
[0;32mI (241) cpu_start: ELF file SHA256:  cc644599ea775638...[0m
[0;32mI (247) cpu_start: ESP-IDF:          v5.1.2-dirty[0m
[0;32mI (252) cpu_start: Min chip rev:     v0.0[0m
[0;32mI (257) cpu_start: Max chip rev:     v3.99 [0m
[0;32mI (262) cpu_start: Chip rev:         v1.0[0m
[0;32mI (267) heap_init: Initializing. RAM available for dynamic allocation:[0m
[0;32mI (274) heap_init: At 3FFAE6E0 len 00001920 (6 KiB): DRAM[0m
[0;32mI (280) heap_init: At 3FFB29D8 len 0002D628 (181 KiB): DRAM[0m
[0;32mI (286) heap_init: At 3FFE0440 len 00003AE0 (14 KiB): D/IRAM[0m
[0;32mI (292) heap_init: At 3FFE4350 len 0001BCB0 (111 KiB): D/IRAM[0m
[0;32mI (299) heap_init: At 4008CED8 len 00013128 (76 KiB): IRAM[0m
[0;32mI (306) spi_flash: detected chip: generic[0m
[0;32mI (310) spi_flash: flash io: dio[0m
[0;33mW (314) spi_flash: Detected size(4096k) larger than the size in the binary image header(2048k). Using the size in the binary image header.[0m
[0;32mI (327) app_start: Starting scheduler on CPU0[0m
[0;32mI (332) app_start: Starting scheduler on CPU1[0m
[0;32mI (332) main_task: Started on CPU0[0m
[0;32mI (342) main_task: Calling app_main()[0m
Guru Meditation Error: Core  0 panic'ed (LoadProhibited). Exception was unhandled.

Core  0 register dump:
PC      : 0x400d77be  PS      : 0x00060530  A0      : 0x800d8124  A1      : 0x3ffb4be0  
A2      : 0x00000000  A3      : 0x3ffb28c4  A4      : 0x0000000a  A5      : 0x00000000  
A6      : 0x00000000  A7      : 0x3ffb28c8  A8      : 0xff0a0000  A9      : 0x3ffb4bf0  
A10     : 0x3ff000dc  A11     : 0xffffffff  A12     : 0x00060a20  A13     : 0xffffffff  
A14     : 0x0000001f  A15     : 0x00000010  SAR     : 0x00000010  EXCCAUSE: 0x0000001c  
EXCVADDR: 0xff0a00f4  LBEG    : 0x4000c46c  LEND    : 0x4000c477  LCOUNT  : 0x00000000  


Backtrace: 0x400d77bb:0x3ffb4be0 0x400d8121:0x3ffb4c20 0x400d58ed:0x3ffb4c50 0x400d590e:0x3ffb4c70 0x400d5921:0x3ffb4c90 0x400d58b8:0x3ffb4cb0 0x400e5efc:0x3ffb4cd0 0x40088b09:0x3ffb4d00




ELF file SHA256: cc644599ea775638

Rebooting...
ets Jun  8 2016 00:22:57

rst:0xc (SW_CPU_RESET),boot:0x13 (SPI_FAST_FLASH_BOOT)
configsip: 0, SPIWP:0xee
clk_drv:0x00,q_drv:0x00,d_drv:0x00,cs0_drv:0x00,hd_drv:0x00,wp_drv:0x00
mode:DIO, clock div:2
load:0x3fff0030,len:7084
ho 0 tail 12 room 4
load:0x40078000,len:15584
load:0x40080400,len:4
load:0x40080404,len:3876
entry 0x4008064c
[0;32mI (31) boot: ESP-IDF v5.1.2-dirty 2nd stage bootloader[0m
[0;32mI (31) boot: compile time May  1 2024 10:16:43[0m
[0;32mI (31) boot: Multicore bootloader[0m
[0;32mI (36) boot: chip revision: v1.0[0m
[0;32mI (40) boot.esp32: SPI Speed      : 40MHz[0m
[0;32mI (44) boot.esp32: SPI Mode       : DIO[0m
[0;32mI (49) boot.esp32: SPI Flash Size : 2MB[0m
[0;32mI (53) boot: Enabling RNG early entropy source...[0m
[0;32mI (59) boot: Partition Table:[0m
[0;32mI (62) boot: ## Label            Usage          Type ST Offset   Length[0m
[0;32mI (70) boot:  0 nvs              WiFi data        01 02 00009000 00006000[0m
[0;32mI (77) boot:  1 phy_init         RF data          01 01 0000f000 00001000[0m
[0;32mI (84) boot:  2 factory          factory app      00 00 00010000 00100000[0m
[0;32mI (92) boot: End of partition table[0m
[0;32mI (96) esp_image: segment 0: paddr=00010020 vaddr=3f400020 size=0a670h ( 42608) map[0m
[0;32mI (120) esp_image: segment 1: paddr=0001a698 vaddr=3ffb0000 size=02158h (  8536) load[0m
[0;32mI (124) esp_image: segment 2: paddr=0001c7f8 vaddr=40080000 size=03820h ( 14368) load[0m
[0;32mI (132) esp_image: segment 3: paddr=00020020 vaddr=400d0020 size=1668ch ( 91788) map[0m
[0;32mI (167) esp_image: segment 4: paddr=000366b4 vaddr=40083820 size=096b8h ( 38584) load[0m
[0;32mI (190) boot: Loaded app from partition at offset 0x10000[0m
[0;32mI (190) boot: Disabling RNG early entropy source...[0m
[0;32mI (202) cpu_start: Multicore app[0m
[0;32mI (202) cpu_start: Pro cpu up.[0m
[0;32mI (202) cpu_start: Starting app cpu, entry point is 0x400811e0[0m
[0;32mI (190) cpu_start: App cpu up.[0m
[0;32mI (220) cpu_start: Pro cpu start user code[0m
[0;32mI (220) cpu_start: cpu freq: 160000000 Hz[0m
[0;32mI (220) cpu_start: Application information:[0m
[0;32mI (225) cpu_start: Project name:     IoT_Speaker[0m
[0;32mI (230) cpu_start: App version:      1[0m
[0;32mI (235) cpu_start: Compile time:     May  1 2024 10:22:59[0m
[0;32mI (241) cpu_start: ELF file SHA256:  cc644599ea775638...[0m
[0;32mI (247) cpu_start: ESP-IDF:          v5.1.2-dirty[0m
[0;32mI (252) cpu_start: Min chip rev:     v0.0[0m
[0;32mI (257) cpu_start: Max chip rev:     v3.99 [0m
[0;32mI (262) cpu_start: Chip rev:         v1.0[0m
[0;32mI (267) heap_init: Initializing. RAM available for dynamic allocation:[0m
[0;32mI (274) heap_init: At 3FFAE6E0 len 00001920 (6 KiB): DRAM[0m
[0;32mI (280) heap_init: At 3FFB29D8 len 0002D628 (181 KiB): DRAM[0m
[0;32mI (286) heap_init: At 3FFE0440 len 00003AE0 (14 KiB): D/IRAM[0m
[0;32mI (292) heap_init: At 3FFE4350 len 0001BCB0 (111 KiB): D/IRAM[0m
[0;32mI (299) heap_init: At 4008CED8 len 00013128 (76 KiB): IRAM[0m
[0;32mI (306) spi_flash: detected chip: generic[0m
[0;32mI (310) spi_flash: flash io: dio[0m
[0;33mW (314) spi_flash: Detected size(4096k) larger than the size in the binary image header(2048k). Using the size in the binary image header.[0m
[0;32mI (327) app_start: Starting scheduler on CPU0[0m
[0;32mI (332) app_start: Starting scheduler on CPU1[0m
[0;32mI (332) main_task: Started on CPU0[0m
[0;32mI (342) main_task: Calling app_main()[0m
Guru Meditation Error: Core  0 panic'ed (LoadProhibited). Exception was unhandled.

Core  0 register dump:
PC      : 0x400d77be  PS      : 0x00060530  A0      : 0x800d8124  A1      : 0x3ffb4be0  
A2      : 0x00000000  A3      : 0x3ffb28c4  A4      : 0x0000000a  A5      : 0x00000000  
A6      : 0x00000000  A7      : 0x3ffb28c8  A8      : 0xff0a0000  A9      : 0x3ffb4bf0  
A10     : 0x3ff000dc  A11     : 0xffffffff  A12     : 0x00060a20  A13     : 0xffffffff  
A14     : 0x0000001f  A15     : 0x00000010  SAR     : 0x00000010  EXCCAUSE: 0x0000001c  
EXCVADDR: 0xff0a00f4  LBEG    : 0x4000c46c  LEND    : 0x4000c477  LCOUNT  : 0x00000000  


Backtrace: 0x400d77bb:0x3ffb4be0 0x400d8121:0x3ffb4c20 0x400d58ed:0x3ffb4c50 0x400d590e:0x3ffb4c70 0x400d5921:0x3ffb4c90 0x400d58b8:0x3ffb4cb0 0x400e5efc:0x3ffb4cd0 0x40088b09:0x3ffb4d00




ELF file SHA256: cc644599ea775638

Rebooting...
ets Jun  8 2016 00:22:57

rst:0xc (SW_CPU_RESET),boot:0x13 (SPI_FAST_FLASH_BOOT)
configsip: 0, SPIWP:0xee
clk_drv:0x00,q_drv:0x00,d_drv:0x00,cs0_drv:0x00,hd_drv:0x00,wp_drv:0x00
mode:DIO, clock div:2
load:0x3fff0030,len:7084
ho 0 tail 12 room 4
load:0x40078000,len:15584
load:0x40080400,len:4
load:0x40080404,len:3876
entry 0x4008064c
[0;32mI (31) boot: ESP-IDF v5.1.2-dirty 2nd stage bootloader[0m
[0;32mI (31) boot: compile time May  1 2024 10:16:43[0m
[0;32mI (31) boot: Multicore bootloader[0m
[0;32mI (36) boot: chip revision: v1.0[0m
[0;32mI (40) boot.esp32: SPI Speed      : 40MHz[0m
[0;32mI (44) boot.esp32: SPI Mode       : DIO[0m
[0;32mI (49) boot.esp32: SPI Flash Size : 2MB[0m
[0;32mI (53) boot: Enabling RNG early entropy source...[0m
[0;32mI (59) boot: Partition Table:[0m
[0;32mI (62) boot: ## Label            Usage          Type ST Offset   Length[0m
[0;32mI (70) boot:  0 nvs              WiFi data        01 02 00009000 00006000[0m
[0;32mI (77) boot:  1 phy_init         RF data          01 01 0000f000 00001000[0m
[0;32mI (84) boot:  2 factory          factory app      00 00 00010000 00100000[0m
[0;32mI (92) boot: End of partition table[0m
[0;32mI (96) esp_image: segment 0: paddr=00010020 vaddr=3f400020 size=0a670h ( 42608) map[0m
[0;32mI (120) esp_image: segment 1: paddr=0001a698 vaddr=3ffb0000 size=02158h (  8536) load[0m
[0;32mI (124) esp_image: segment 2: paddr=0001c7f8 vaddr=40080000 size=03820h ( 14368) load[0m
[0;32mI (132) esp_image: segment 3: paddr=00020020 vaddr=400d0020 size=1668ch ( 91788) map[0m
[0;32mI (167) esp_image: segment 4: paddr=000366b4 vaddr=40083820 size=096b8h ( 38584) load[0m
[0;32mI (190) boot: Loaded app from partition at offset 0x10000[0m
[0;32mI (190) boot: Disabling RNG early entropy source...[0m
[0;32mI (202) cpu_start: Multicore app[0m
[0;32mI (202) cpu_start: Pro cpu up.[0m
[0;32mI (202) cpu_start: Starting app cpu, entry point is 0x400811e0[0m
[0;32mI (190) cpu_start: App cpu up.[0m
[0;32mI (220) cpu_start: Pro cpu start user code[0m
[0;32mI (220) cpu_start: cpu freq: 160000000 Hz[0m
[0;32mI (220) cpu_start: Application information:[0m
[0;32mI (225) cpu_start: Project name:     IoT_Speaker[0m
[0;32mI (230) cpu_start: App version:      1[0m
[0;32mI (235) cpu_start: Compile time:     May  1 2024 10:22:59[0m
[0;32mI (241) cpu_start: ELF file SHA256:  cc644599ea775638...[0m
[0;32mI (247) cpu_start: ESP-IDF:          v5.1.2-dirty[0m
[0;32mI (252) cpu_start: Min chip rev:     v0.0[0m
[0;32mI (257) cpu_start: Max chip rev:     v3.99 [0m
[0;32mI (262) cpu_start: Chip rev:         v1.0[0m
[0;32mI (267) heap_init: Initializing. RAM available for dynamic allocation:[0m
[0;32mI (274) heap_init: At 3FFAE6E0 len 00001920 (6 KiB): DRAM[0m
[0;32mI (280) heap_init: At 3FFB29D8 len 0002D628 (181 KiB): DRAM[0m
[0;32mI (286) heap_init: At 3FFE0440 len 00003AE0 (14 KiB): D/IRAM[0m
[0;32mI (292) heap_init: At 3FFE4350 len 0001BCB0 (111 KiB): D/IRAM[0m
[0;32mI (299) heap_init: At 4008CED8 len 00013128 (76 KiB): IRAM[0m
[0;32mI (306) spi_flash: detected chip: generic[0m
[0;32mI (310) spi_flash: flash io: dio[0m
[0;33mW (314) spi_flash: Detected size(4096k) larger than the size in the binary image header(2048k). Using the size in the binary image header.[0m
[0;32mI (327) app_start: Starting scheduler on CPU0[0m
[0;32mI (332) app_start: Starting scheduler on CPU1[0m
[0;32mI (332) main_task: Started on CPU0[0m
[0;32mI (342) main_task: Calling app_main()[0m
Guru Meditation Error: Core  0 panic'ed (LoadProhibited). Exception was unhandled.

Core  0 register dump:
PC      : 0x400d77be  PS      : 0x00060530  A0      : 0x800d8124  A1      : 0x3ffb4be0  
A2      : 0x00000000  A3      : 0x3ffb28c4  A4      : 0x0000000a  A5      : 0x00000000  
A6      : 0x00000000  A7      : 0x3ffb28c8  A8      : 0xff0a0000  A9      : 0x3ffb4bf0  
A10     : 0x3ff000dc  A11     : 0xffffffff  A12     : 0x00060a20  A13     : 0xffffffff  
A14     : 0x0000001f  A15     : 0x00000010  SAR     : 0x00000010  EXCCAUSE: 0x0000001c  
EXCVADDR: 0xff0a00f4  LBEG    : 0x4000c46c  LEND    : 0x4000c477  LCOUNT  : 0x00000000  


Backtrace: 0x400d77bb:0x3ffb4be0 0x400d8121:0x3ffb4c20 0x400d58ed:0x3ffb4c50 0x400d590e:0x3ffb4c70 0x400d5921:0x3ffb4c90 0x400d58b8:0x3ffb4cb0 0x400e5efc:0x3ffb4cd0 0x40088b09:0x3ffb4d00




ELF file SHA256: cc644599ea775638

Rebooting...
ets Jun  8 2016 00:22:57

rst:0xc (SW_CPU_RESET),boot:0x13 (SPI_FAST_FLASH_BOOT)
configsip: 0, SPIWP:0xee
clk_drv:0x00,q_drv:0x00,d_drv:0x00,cs0_drv:0x00,hd_drv:0x00,wp_drv:0x00
mode:DIO, clock div:2
load:0x3fff0030,len:7084
ho 0 tail 12 room 4
load:0x40078000,len:15584
load:0x40080400,len:4
load:0x40080404,len:3876
entry 0x4008064c
[0;32mI (31) boot: ESP-IDF v5.1.2-dirty 2nd stage bootloader[0m
[0;32mI (31) boot: compile time May  1 2024 10:16:43[0m
[0;32mI (31) boot: Multicore bootloader[0m
[0;32mI (36) boot: chip revision: v1.0[0m
[0;32mI (40) boot.esp32: SPI Speed      : 40MHz[0m
[0;32mI (44) boot.esp32: SPI Mode       : DIO[0m
[0;32mI (49) boot.esp32: SPI Flash Size : 2MB[0m
[0;32mI (53) boot: Enabling RNG early entropy source...[0m
[0;32mI (59) boot: Partition Table:[0m
[0;32mI (62) boot: ## Label            Usage          Type ST Offset   Length[0m
[0;32mI (70) boot:  0 nvs              WiFi data        01 02 00009000 00006000[0m
[0;32mI (77) boot:  1 phy_init         RF data          01 01 0000f000 00001000[0m
[0;32mI (84) boot:  2 factory          factory app      00 00 00010000 00100000[0m
[0;32mI (92) boot: End of partition table[0m
[0;32mI (96) esp_image: segment 0: paddr=00010020 vaddr=3f400020 size=0a670h ( 42608) map[0m
[0;32mI (120) esp_image: segment 1: paddr=0001a698 vaddr=3ffb0000 size=02158h (  8536) load[0m
[0;32mI (124) esp_image: segment 2: paddr=0001c7f8 vaddr=40080000 size=03820h ( 14368) load[0m
[0;32mI (132) esp_image: segment 3: paddr=00020020 vaddr=400d0020 size=1668ch ( 91788) map[0m
[0;32mI (167) esp_image: segment 4: paddr=000366b4 vaddr=40083820 size=096b8h ( 38584) load[0m
[0;32mI (190) boot: Loaded app from partition at offset 0x10000[0m
[0;32mI (190) boot: Disabling RNG early entropy source...[0m
[0;32mI (202) cpu_start: Multicore app[0m
[0;32mI (202) cpu_start: Pro cpu up.[0m
[0;32mI (202) cpu_start: Starting app cpu, entry point is 0x400811e0[0m
[0;32mI (190) cpu_start: App cpu up.[0m
[0;32mI (220) cpu_start: Pro cpu start user code[0m
[0;32mI (220) cpu_start: cpu freq: 160000000 Hz[0m
[0;32mI (220) cpu_start: Application information:[0m
[0;32mI (225) cpu_start: Project name:     IoT_Speaker[0m
[0;32mI (230) cpu_start: App version:      1[0m
[0;32mI (235) cpu_start: Compile time:     May  1 2024 10:22:59[0m
[0;32mI (241) cpu_start: ELF file SHA256:  cc644599ea775638...[0m
[0;32mI (247) cpu_start: ESP-IDF:          v5.1.2-dirty[0m
[0;32mI (252) cpu_start: Min chip rev:     v0.0[0m
[0;32mI (257) cpu_start: Max chip rev:     v3.99 [0m
[0;32mI (262) cpu_start: Chip rev:         v1.0[0m
[0;32mI (267) heap_init: Initializing. RAM available for dynamic allocation:[0m
[0;32mI (274) heap_init: At 3FFAE6E0 len 00001920 (6 KiB): DRAM[0m
[0;32mI (280) heap_init: At 3FFB29D8 len 0002D628 (181 KiB): DRAM[0m
[0;32mI (286) heap_init: At 3FFE0440 len 00003AE0 (14 KiB): D/IRAM[0m
[0;32mI (292) heap_init: At 3FFE4350 len 0001BCB0 (111 KiB): D/IRAM[0m
[0;32mI (299) heap_init: At 4008CED8 len 00013128 (76 KiB): IRAM[0m
[0;32mI (306) spi_flash: detected chip: generic[0m
[0;32mI (310) spi_flash: flash io: dio[0m
[0;33mW (314) spi_flash: Detected size(4096k) larger than the size in the binary image header(2048k). Using the size in the binary image header.[0m
[0;32mI (327) app_start: Starting scheduler on CPU0[0m
[0;32mI (332) app_start: Starting scheduler on CPU1[0m
[0;32mI (332) main_task: Started on CPU0[0m
[0;32mI (342) main_task: Calling app_main()[0m
Guru Meditation Error: Core  0 panic'ed (LoadProhibited). Exception was unhandled.

Core  0 register dump:
PC      : 0x400d77be  PS      : 0x00060530  A0      : 0x800d8124  A1      : 0x3ffb4be0  
A2      : 0x00000000  A3      : 0x3ffb28c4  A4      : 0x0000000a  A5      : 0x00000000  
A6      : 0x00000000  A7      : 0x3ffb28c8  A8      : 0xff0a0000  A9      : 0x3ffb4bf0  
A10     : 0x3ff000dc  A11     : 0xffffffff  A12     : 0x00060a20  A13     : 0xffffffff  
A14     : 0x0000001f  A15     : 0x00000010  SAR     : 0x00000010  EXCCAUSE: 0x0000001c  
EXCVADDR: 0xff0a00f4  LBEG    : 0x4000c46c  LEND    : 0x4000c477  LCOUNT  : 0x00000000  


Backtrace: 0x400d77bb:0x3ffb4be0 0x400d8121:0x3ffb4c20 0x400d58ed:0x3ffb4c50 0x400d590e:0x3ffb4c70 0x400d5921:0x3ffb4c90 0x400d58b8:0x3ffb4cb0 0x400e5efc:0x3ffb4cd0 0x40088b09:0x3ffb4d00




ELF file SHA256: cc644599ea775638

Rebooting...
ets Jun  8 2016 00:22:57

rst:0xc (SW_CPU_RESET),boot:0x13 (SPI_FAST_FLASH_BOOT)
configsip: 0, SPIWP:0xee
clk_drv:0x00,q_drv:0x00,d_drv:0x00,cs0_drv:0x00,hd_drv:0x00,wp_drv:0x00
mode:DIO, clock div:2
load:0x3fff0030,len:7084
ho 0 tail 12 room 4
load:0x40078000,len:15584
load:0x40080400,len:4
load:0x40080404,len:3876
entry 0x4008064c
[0;32mI (31) boot: ESP-IDF v5.1.2-dirty 2nd stage bootloader[0m
[0;32mI (31) boot: compile time May  1 2024 10:16:43[0m
[0;32mI (31) boot: Multicore bootloader[0m
[0;32mI (36) boot: chip revision: v1.0[0m
[0;32mI (40) boot.esp32: SPI Speed      : 40MHz[0m
[0;32mI (44) boot.esp32: SPI Mode       : DIO[0m
[0;32mI (49) boot.esp32: SPI Flash Size : 2MB[0m
[0;32mI (53) boot: Enabling RNG early entropy source...[0m
[0;32mI (59) boot: Partition Table:[0m
[0;32mI (62) boot: ## Label            Usage          Type ST Offset   Length[0m
[0;32mI (70) boot:  0 nvs              WiFi data        01 02 00009000 00006000[0m
[0;32mI (77) boot:  1 phy_init         RF data          01 01 0000f000 00001000[0m
[0;32mI (84) boot:  2 factory          factory app      00 00 00010000 00100000[0m
[0;32mI (92) boot: End of partition table[0m
[0;32mI (96) esp_image: segment 0: paddr=00010020 vaddr=3f400020 size=0a670h ( 42608) map[0m
[0;32mI (120) esp_image: segment 1: paddr=0001a698 vaddr=3ffb0000 size=02158h (  8536) load[0m
[0;32mI (124) esp_image: segment 2: paddr=0001c7f8 vaddr=40080000 size=03820h ( 14368) load[0m
[0;32mI (132) esp_image: segment 3: paddr=00020020 vaddr=400d0020 size=1668ch ( 91788) map[0m
[0;32mI (167) esp_image: segment 4: paddr=000366b4 vaddr=40083820 size=096b8h ( 38584) load[0m
[0;32mI (190) boot: Loaded app from partition at offset 0x10000[0m
[0;32mI (190) boot: Disabling RNG early entropy source...[0m
[0;32mI (202) cpu_start: Multicore app[0m
[0;32mI (202) cpu_start: Pro cpu up.[0m
[0;32mI (202) cpu_start: Starting app cpu, entry point is 0x400811e0[0m
[0;32mI (190) cpu_start: App cpu up.[0m
[0;32mI (220) cpu_start: Pro cpu start user code[0m
[0;32mI (220) cpu_start: cpu freq: 160000000 Hz[0m
[0;32mI (220) cpu_start: Application information:[0m
[0;32mI (225) cpu_start: Project name:     IoT_Speaker[0m
[0;32mI (230) cpu_start: App version:      1[0m
[0;32mI (235) cpu_start: Compile time:     May  1 2024 10:22:59[0m
[0;32mI (241) cpu_start: ELF file SHA256:  cc644599ea775638...[0m
[0;32mI (247) cpu_start: ESP-IDF:          v5.1.2-dirty[0m
[0;32mI (252) cpu_start: Min chip rev:     v0.0[0m
[0;32mI (257) cpu_start: Max chip rev:     v3.99 [0m
[0;32mI (262) cpu_start: Chip rev:         v1.0[0m
[0;32mI (267) heap_init: Initializing. RAM available for dynamic allocation:[0m
[0;32mI (274) heap_init: At 3FFAE6E0 len 00001920 (6 KiB): DRAM[0m
[0;32mI (280) heap_init: At 3FFB29D8 len 0002D628 (181 KiB): DRAM[0m
[0;32mI (286) heap_init: At 3FFE0440 len 00003AE0 (14 KiB): D/IRAM[0m
[0;32mI (292) heap_init: At 3FFE4350 len 0001BCB0 (111 KiB): D/IRAM[0m
[0;32mI (299) heap_init: At 4008CED8 len 00013128 (76 KiB): IRAM[0m
[0;32mI (306) spi_flash: detected chip: generic[0m
[0;32mI (310) spi_flash: flash io: dio[0m
[0;33mW (314) spi_flash: Detected size(4096k) larger than the size in the binary image header(2048k). Using the size in the binary image header.[0m
[0;32mI (327) app_start: Starting scheduler on CPU0[0m
[0;32mI (332) app_start: Starting scheduler on CPU1[0m
[0;32mI (332) main_task: Started on CPU0[0m
[0;32mI (342) main_task: Calling app_main()[0m
Guru Meditation Error: Core  0 panic'ed (LoadProhibited). Exception was unhandled.

Core  0 register dump:
PC      : 0x400d77be  PS      : 0x00060530  A0      : 0x800d8124  A1      : 0x3ffb4be0  
A2      : 0x00000000  A3      : 0x3ffb28c4  A4      : 0x0000000a  A5      : 0x00000000  
A6      : 0x00000000  A7      : 0x3ffb28c8  A8      : 0xff0a0000  A9      : 0x3ffb4bf0  
A10     : 0x3ff000dc  A11     : 0xffffffff  A12     : 0x00060a20  A13     : 0xffffffff  
A14     : 0x0000001f  A15     : 0x00000010  SAR     : 0x00000010  EXCCAUSE: 0x0000001c  
EXCVADDR: 0xff0a00f4  LBEG    : 0x4000c46c  LEND    : 0x4000c477  LCOUNT  : 0x00000000  


Backtrace: 0x400d77bb:0x3ffb4be0 0x400d8121:0x3ffb4c20 0x400d58ed:0x3ffb4c50 0x400d590e:0x3ffb4c70 0x400d5921:0x3ffb4c90 0x400d58b8:0x3ffb4cb0 0x400e5efc:0x3ffb4cd0 0x40088b09:0x3ffb4d00




ELF file SHA256: cc644599ea775638

Rebooting...
ets Jun  8 2016 00:22:57

rst:0xc (SW_CPU_RESET),boot:0x13 (SPI_FAST_FLASH_BOOT)
configsip: 0, SPIWP:0xee
clk_drv:0x00,q_drv:0x00,d_drv:0x00,cs0_drv:0x00,hd_drv:0x00,wp_drv:0x00
mode:DIO, clock div:2
load:0x3fff0030,len:7084
ho 0 tail 12 room 4
load:0x40078000,len:15584
load:0x40080400,len:4
load:0x40080404,len:3876
entry 0x4008064c
[0;32mI (31) boot: ESP-IDF v5.1.2-dirty 2nd stage bootloader[0m
[0;32mI (31) boot: compile time May  1 2024 10:16:43[0m
[0;32mI (31) boot: Multicore bootloader[0m
[0;32mI (36) boot: chip revision: v1.0[0m
[0;32mI (40) boot.esp32: SPI Speed      : 40MHz[0m
[0;32mI (44) boot.esp32: SPI Mode       : DIO[0m
[0;32mI (49) boot.esp32: SPI Flash Size : 2MB[0m
[0;32mI (53) boot: Enabling RNG early entropy source...[0m
[0;32mI (59) boot: Partition Table:[0m
[0;32mI (62) boot: ## Label            Usage          Type ST Offset   Length[0m
[0;32mI (70) boot:  0 nvs              WiFi data        01 02 00009000 00006000[0m
[0;32mI (77) boot:  1 phy_init         RF data          01 01 0000f000 00001000[0m
[0;32mI (84) boot:  2 factory          factory app      00 00 00010000 00100000[0m
[0;32mI (92) boot: End of partition table[0m
[0;32mI (96) esp_image: segment 0: paddr=00010020 vaddr=3f400020 size=0a670h ( 42608) map[0m
[0;32mI (120) esp_image: segment 1: paddr=0001a698 vaddr=3ffb0000 size=02158h (  8536) load[0m
[0;32mI (124) esp_image: segment 2: paddr=0001c7f8 vaddr=40080000 size=03820h ( 14368) load[0m
[0;32mI (132) esp_image: segment 3: paddr=00020020 vaddr=400d0020 size=1668ch ( 91788) map[0m
[0;32mI (167) esp_image: segment 4: paddr=000366b4 vaddr=40083820 size=096b8h ( 38584) load[0m
[0;32mI (190) boot: Loaded app from partition at offset 0x10000[0m
[0;32mI (190) boot: Disabling RNG early entropy source...[0m
[0;32mI (202) cpu_start: Multicore app[0m
[0;32mI (202) cpu_start: Pro cpu up.[0m
[0;32mI (202) cpu_start: Starting app cpu, entry point is 0x400811e0[0m
[0;32mI (190) cpu_start: App cpu up.[0m
[0;32mI (220) cpu_start: Pro cpu start user code[0m
[0;32mI (220) cpu_start: cpu freq: 160000000 Hz[0m
[0;32mI (220) cpu_start: Application information:[0m
[0;32mI (225) cpu_start: Project name:     IoT_Speaker[0m
[0;32mI (230) cpu_start: App version:      1[0m
[0;32mI (235) cpu_start: Compile time:     May  1 2024 10:22:59[0m
[0;32mI (241) cpu_start: ELF file SHA256:  cc644599ea775638...[0m
[0;32mI (247) cpu_start: ESP-IDF:          v5.1.2-dirty[0m
[0;32mI (252) cpu_start: Min chip rev:     v0.0[0m
[0;32mI (257) cpu_start: Max chip rev:     v3.99 [0m
[0;32mI (262) cpu_start: Chip rev:         v1.0[0m
[0;32mI (267) heap_init: Initializing. RAM available for dynamic allocation:[0m
[0;32mI (274) heap_init: At 3FFAE6E0 len 00001920 (6 KiB): DRAM[0m
[0;32mI (280) heap_init: At 3FFB29D8 len 0002D628 (181 KiB): DRAM[0m
[0;32mI (286) heap_init: At 3FFE0440 len 00003AE0 (14 KiB): D/IRAM[0m
[0;32mI (292) heap_init: At 3FFE4350 len 0001BCB0 (111 KiB): D/IRAM[0m
[0;32mI (299) heap_init: At 4008CED8 len 00013128 (76 KiB): IRAM[0m
[0;32mI (306) spi_flash: detected chip: generic[0m
[0;32mI (310) spi_flash: flash io: dio[0m
[0;33mW (314) spi_flash: Detected size(4096k) larger than the size in the binary image header(2048k). Using the size in the binary image header.[0m
[0;32mI (327) app_start: Starting scheduler on CPU0[0m
[0;32mI (332) app_start: Starting scheduler on CPU1[0m
[0;32mI (332) main_task: Started on CPU0[0m
[0;32mI (342) main_task: Calling app_main()[0m
Guru Meditation Error: Core  0 panic'ed (LoadProhibited). Exception was unhandled.

Core  0 register dump:
PC      : 0x400d77be  PS      : 0x00060530  A0      : 0x800d8124  A1      : 0x3ffb4be0  
A2      : 0x00000000  A3      : 0x3ffb28c4  A4      : 0x0000000a  A5      : 0x00000000  
A6      : 0x00000000  A7      : 0x3ffb28c8  A8      : 0xff0a0000  A9      : 0x3ffb4bf0  
A10     : 0x3ff000dc  A11     : 0xffffffff  A12     : 0x00060a20  A13     : 0xffffffff  
A14     : 0x0000001f  A15     : 0x00000010  SAR     : 0x00000010  EXCCAUSE: 0x0000001c  
EXCVADDR: 0xff0a00f4  LBEG    : 0x4000c46c  LEND    : 0x4000c477  LCOUNT  : 0x00000000  


Backtrace: 0x400d77bb:0x3ffb4be0 0x400d8121:0x3ffb4c20 0x400d58ed:0x3ffb4c50 0x400d590e:0x3ffb4c70 0x400d5921:0x3ffb4c90 0x400d58b8:0x3ffb4cb0 0x400e5efc:0x3ffb4cd0 0x40088b09:0x3ffb4d00




ELF file SHA256: cc644599ea775638

Rebooting...
ets Jun  8 2016 00:22:57

rst:0xc (SW_CPU_RESET),boot:0x13 (SPI_FAST_FLASH_BOOT)
configsip: 0, SPIWP:0xee
clk_drv:0x00,q_drv:0x00,d_drv:0x00,cs0_drv:0x00,hd_drv:0x00,wp_drv:0x00
mode:DIO, clock div:2
load:0x3fff0030,len:7084
ho 0 tail 12 room 4
load:0x40078000,len:15584
load:0x40080400,len:4
load:0x40080404,len:3876
entry 0x4008064c
[0;32mI (31) boot: ESP-IDF v5.1.2-dirty 2nd stage bootloader[0m
[0;32mI (31) boot: compile time May  1 2024 10:16:43[0m
[0;32mI (31) boot: Multicore bootloader[0m
[0;32mI (36) boot: chip revision: v1.0[0m
[0;32mI (40) boot.esp32: SPI Speed      : 40MHz[0m
[0;32mI (44) boot.esp32: SPI Mode       : DIO[0m
[0;32mI (49) boot.esp32: SPI Flash Size : 2MB[0m
[0;32mI (53) boot: Enabling RNG early entropy source...[0m
[0;32mI (59) boot: Partition Table:[0m
[0;32mI (62) boot: ## Label            Usage          Type ST Offset   Length[0m
[0;32mI (70) boot:  0 nvs              WiFi data        01 02 00009000 00006000[0m
[0;32mI (77) boot:  1 phy_init         RF data          01 01 0000f000 00001000[0m
[0;32mI (84) boot:  2 factory          factory app      00 00 00010000 00100000[0m
[0;32mI (92) boot: End of partition table[0m
[0;32mI (96) esp_image: segment 0: paddr=00010020 vaddr=3f400020 size=0a670h ( 42608) map[0m
[0;32mI (120) esp_image: segment 1: paddr=0001a698 vaddr=3ffb0000 size=02158h (  8536) load[0m
[0;32mI (124) esp_image: segment 2: paddr=0001c7f8 vaddr=40080000 size=03820h ( 14368) load[0m
[0;32mI (132) esp_image: segment 3: paddr=00020020 vaddr=400d0020 size=1668ch ( 91788) map[0m
[0;32mI (167) esp_image: segment 4: paddr=000366b4 vaddr=40083820 size=096b8h ( 38584) load[0m
[0;32mI (190) boot: Loaded app from partition at offset 0x10000[0m
[0;32mI (190) boot: Disabling RNG early entropy source...[0m
[0;32mI (202) cpu_start: Multicore app[0m
[0;32mI (202) cpu_start: Pro cpu up.[0m
[0;32mI (202) cpu_start: Starting app cpu, entry point is 0x400811e0[0m
[0;32mI (190) cpu_start: App cpu up.[0m
[0;32mI (220) cpu_start: Pro cpu start user code[0m
[0;32mI (220) cpu_start: cpu freq: 160000000 Hz[0m
[0;32mI (220) cpu_start: Application information:[0m
[0;32mI (225) cpu_start: Project name:     IoT_Speaker[0m
[0;32mI (230) cpu_start: App version:      1[0m
[0;32mI (235) cpu_start: Compile time:     May  1 2024 10:22:59[0m
[0;32mI (241) cpu_start: ELF file SHA256:  cc644599ea775638...[0m
[0;32mI (247) cpu_start: ESP-IDF:          v5.1.2-dirty[0m
[0;32mI (252) cpu_start: Min chip rev:     v0.0[0m
[0;32mI (257) cpu_start: Max chip rev:     v3.99 [0m
[0;32mI (262) cpu_start: Chip rev:         v1.0[0m
[0;32mI (267) heap_init: Initializing. RAM available for dynamic allocation:[0m
[0;32mI (274) heap_init: At 3FFAE6E0 len 00001920 (6 KiB): DRAM[0m
[0;32mI (280) heap_init: At 3FFB29D8 len 0002D628 (181 KiB): DRAM[0m
[0;32mI (286) heap_init: At 3FFE0440 len 00003AE0 (14 KiB): D/IRAM[0m
[0;32mI (292) heap_init: At 3FFE4350 len 0001BCB0 (111 KiB): D/IRAM[0m
[0;32mI (299) heap_init: At 4008CED8 len 00013128 (76 KiB): IRAM[0m
[0;32mI (306) spi_flash: detected chip: generic[0m
[0;32mI (310) spi_flash: flash io: dio[0m
[0;33mW (314) spi_flash: Detected size(4096k) larger than the size in the binary image header(2048k). Using the size in the binary image header.[0m
[0;32mI (327) app_start: Starting scheduler on CPU0[0m
[0;32mI (332) app_start: Starting scheduler on CPU1[0m
[0;32mI (332) main_task: Started on CPU0[0m
[0;32mI (342) main_task: Calling app_main()[0m
Guru Meditation Error: Core  0 panic'ed (LoadProhibited). Exception was unhandled.

Core  0 register dump:
PC      : 0x400d77be  PS      : 0x00060530  A0      : 0x800d8124  A1      : 0x3ffb4be0  
A2      : 0x00000000  A3      : 0x3ffb28c4  A4      : 0x0000000a  A5      : 0x00000000  
A6      : 0x00000000  A7      : 0x3ffb28c8  A8      : 0xff0a0000  A9      : 0x3ffb4bf0  
A10     : 0x3ff000dc  A11     : 0xffffffff  A12     : 0x00060a20  A13     : 0xffffffff  
A14     : 0x0000001f  A15     : 0x00000010  SAR     : 0x00000010  EXCCAUSE: 0x0000001c  
EXCVADDR: 0xff0a00f4  LBEG    : 0x4000c46c  LEND    : 0x4000c477  LCOUNT  : 0x00000000  


Backtrace: 0x400d77bb:0x3ffb4be0 0x400d8121:0x3ffb4c20 0x400d58ed:0x3ffb4c50 0x400d590e:0x3ffb4c70 0x400d5921:0x3ffb4c90 0x400d58b8:0x3ffb4cb0 0x400e5efc:0x3ffb4cd0 0x40088b09:0x3ffb4d00




ELF file SHA256: cc644599ea775638

Rebooting...
ets Jun  8 2016 00:22:57

rst:0xc (SW_CPU_RESET),boot:0x13 (SPI_FAST_FLASH_BOOT)
configsip: 0, SPIWP:0xee
clk_drv:0x00,q_drv:0x00,d_drv:0x00,cs0_drv:0x00,hd_drv:0x00,wp_drv:0x00
mode:DIO, clock div:2
load:0x3fff0030,len:7084
ho 0 tail 12 room 4
load:0x40078000,len:15584
load:0x40080400,len:4
load:0x40080404,len:3876
entry 0x4008064c
[0;32mI (31) boot: ESP-IDF v5.1.2-dirty 2nd stage bootloader[0m
[0;32mI (31) boot: compile time May  1 2024 10:16:43[0m
[0;32mI (31) boot: Multicore bootloader[0m
[0;32mI (36) boot: chip revision: v1.0[0m
[0;32mI (40) boot.esp32: SPI Speed      : 40MHz[0m
[0;32mI (44) boot.esp32: SPI Mode       : DIO[0m
[0;32mI (49) boot.esp32: SPI Flash Size : 2MB[0m
[0;32mI (53) boot: Enabling RNG early entropy source...[0m
[0;32mI (59) boot: Partition Table:[0m
[0;32mI (62) boot: ## Label            Usage          Type ST Offset   Length[0m
[0;32mI (70) boot:  0 nvs              WiFi data        01 02 00009000 00006000[0m
[0;32mI (77) boot:  1 phy_init         RF data          01 01 0000f000 00001000[0m
[0;32mI (84) boot:  2 factory          factory app      00 00 00010000 00100000[0m
[0;32mI (92) boot: End of partition table[0m
[0;32mI (96) esp_image: segment 0: paddr=00010020 vaddr=3f400020 size=0a670h ( 42608) map[0m
[0;32mI (120) esp_image: segment 1: paddr=0001a698 vaddr=3ffb0000 size=02158h (  8536) load[0m
[0;32mI (124) esp_image: segment 2: paddr=0001c7f8 vaddr=40080000 size=03820h ( 14368) load[0m
[0;32mI (132) esp_image: segment 3: paddr=00020020 vaddr=400d0020 size=1668ch ( 91788) map[0m
[0;32mI (167) esp_image: segment 4: paddr=000366b4 vaddr=40083820 size=096b8h ( 38584) load[0m
[0;32mI (190) boot: Loaded app from partition at offset 0x10000[0m
[0;32mI (190) boot: Disabling RNG early entropy source...[0m
[0;32mI (202) cpu_start: Multicore app[0m
[0;32mI (202) cpu_start: Pro cpu up.[0m
[0;32mI (202) cpu_start: Starting app cpu, entry point is 0x400811e0[0m
[0;32mI (190) cpu_start: App cpu up.[0m
[0;32mI (220) cpu_start: Pro cpu start user code[0m
[0;32mI (220) cpu_start: cpu freq: 160000000 Hz[0m
[0;32mI (220) cpu_start: Application information:[0m
[0;32mI (225) cpu_start: Project name:     IoT_Speaker[0m
[0;32mI (230) cpu_start: App version:      1[0m
[0;32mI (235) cpu_start: Compile time:     May  1 2024 10:22:59[0m
[0;32mI (241) cpu_start: ELF file SHA256:  cc644599ea775638...[0m
[0;32mI (247) cpu_start: ESP-IDF:          v5.1.2-dirty[0m
[0;32mI (252) cpu_start: Min chip rev:     v0.0[0m
[0;32mI (257) cpu_start: Max chip rev:     v3.99 [0m
[0;32mI (262) cpu_start: Chip rev:         v1.0[0m
[0;32mI (267) heap_init: Initializing. RAM available for dynamic allocation:[0m
[0;32mI (274) heap_init: At 3FFAE6E0 len 00001920 (6 KiB): DRAM[0m
[0;32mI (280) heap_init: At 3FFB29D8 len 0002D628 (181 KiB): DRAM[0m
[0;32mI (286) heap_init: At 3FFE0440 len 00003AE0 (14 KiB): D/IRAM[0m
[0;32mI (292) heap_init: At 3FFE4350 len 0001BCB0 (111 KiB): D/IRAM[0m
[0;32mI (299) heap_init: At 4008CED8 len 00013128 (76 KiB): IRAM[0m
[0;32mI (306) spi_flash: detected chip: generic[0m
[0;32mI (310) spi_flash: flash io: dio[0m
[0;33mW (314) spi_flash: Detected size(4096k) larger than the size in the binary image header(2048k). Using the size in the binary image header.[0m
[0;32mI (327) app_start: Starting scheduler on CPU0[0m
[0;32mI (332) app_start: Starting scheduler on CPU1[0m
[0;32mI (332) main_task: Started on CPU0[0m
[0;32mI (342) main_task: Calling app_main()[0m
Guru Meditation Error: Core  0 panic'ed (LoadProhibited). Exception was unhandled.

Core  0 register dump:
PC      : 0x400d77be  PS      : 0x00060530  A0      : 0x800d8124  A1      : 0x3ffb4be0  
A2      : 0x00000000  A3      : 0x3ffb28c4  A4      : 0x0000000a  A5      : 0x00000000  
A6      : 0x00000000  A7      : 0x3ffb28c8  A8      : 0xff0a0000  A9      : 0x3ffb4bf0  
A10     : 0x3ff000dc  A11     : 0xffffffff  A12     : 0x00060a20  A13     : 0xffffffff  
A14     : 0x0000001f  A15     : 0x00000010  SAR     : 0x00000010  EXCCAUSE: 0x0000001c  
EXCVADDR: 0xff0a00f4  LBEG    : 0x4000c46c  LEND    : 0x4000c477  LCOUNT  : 0x00000000  


Backtrace: 0x400d77bb:0x3ffb4be0 0x400d8121:0x3ffb4c20 0x400d58ed:0x3ffb4c50 0x400d590e:0x3ffb4c70 0x400d5921:0x3ffb4c90 0x400d58b8:0x3ffb4cb0 0x400e5efc:0x3ffb4cd0 0x40088b09:0x3ffb4d00




ELF file SHA256: cc644599ea775638

Rebooting...
ets Jun  8 2016 00:22:57

rst:0xc (SW_CPU_RESET),boot:0x13 (SPI_FAST_FLASH_BOOT)
configsip: 0, SPIWP:0xee
clk_drv:0x00,q_drv:0x00,d_drv:0x00,cs0_drv:0x00,hd_drv:0x00,wp_drv:0x00
mode:DIO, clock div:2
load:0x3fff0030,len:7084
ho 0 tail 12 room 4
load:0x40078000,len:15584
load:0x40080400,len:4
load:0x40080404,len:3876
entry 0x4008064c
[0;32mI (31) boot: ESP-IDF v5.1.2-dirty 2nd stage bootloader[0m
[0;32mI (31) boot: compile time May  1 2024 10:16:43[0m
[0;32mI (31) boot: Multicore bootloader[0m
[0;32mI (36) boot: chip revision: v1.0[0m
[0;32mI (40) boot.esp32: SPI Speed      : 40MHz[0m
[0;32mI (44) boot.esp32: SPI Mode       : DIO[0m
[0;32mI (49) boot.esp32: SPI Flash Size : 2MB[0m
[0;32mI (53) boot: Enabling RNG early entropy source...[0m
[0;32mI (59) boot: Partition Table:[0m
[0;32mI (62) boot: ## Label            Usage          Type ST Offset   Length[0m
[0;32mI (70) boot:  0 nvs              WiFi data        01 02 00009000 00006000[0m
[0;32mI (77) boot:  1 phy_init         RF data          01 01 0000f000 00001000[0m
[0;32mI (84) boot:  2 factory          factory app      00 00 00010000 00100000[0m
[0;32mI (92) boot: End of partition table[0m
[0;32mI (96) esp_image: segment 0: paddr=00010020 vaddr=3f400020 size=0a670h ( 42608) map[0m
[0;32mI (120) esp_image: segment 1: paddr=0001a698 vaddr=3ffb0000 size=02158h (  8536) load[0m
[0;32mI (124) esp_image: segment 2: paddr=0001c7f8 vaddr=40080000 size=03820h ( 14368) load[0m
[0;32mI (132) esp_image: segment 3: paddr=00020020 vaddr=400d0020 size=1668ch ( 91788) map[0m
[0;32mI (167) esp_image: segment 4: paddr=000366b4 vaddr=40083820 size=096b8h ( 38584) load[0m
[0;32mI (190) boot: Loaded app from partition at offset 0x10000[0m
[0;32mI (190) boot: Disabling RNG early entropy source...[0m
[0;32mI (202) cpu_start: Multicore app[0m
[0;32mI (202) cpu_start: Pro cpu up.[0m
[0;32mI (202) cpu_start: Starting app cpu, entry point is 0x400811e0[0m
[0;32mI (190) cpu_start: App cpu up.[0m
[0;32mI (220) cpu_start: Pro cpu start user code[0m
[0;32mI (220) cpu_start: cpu freq: 160000000 Hz[0m
[0;32mI (220) cpu_start: Application information:[0m
[0;32mI (225) cpu_start: Project name:     IoT_Speaker[0m
[0;32mI (230) cpu_start: App version:      1[0m
[0;32mI (235) cpu_start: Compile time:     May  1 2024 10:22:59[0m
[0;32mI (241) cpu_start: ELF file SHA256:  cc644599ea775638...[0m
[0;32mI (247) cpu_start: ESP-IDF:          v5.1.2-dirty[0m
[0;32mI (252) cpu_start: Min chip rev:     v0.0[0m
[0;32mI (257) cpu_start: Max chip rev:     v3.99 [0m
[0;32mI (262) cpu_start: Chip rev:         v1.0[0m
[0;32mI (267) heap_init: Initializing. RAM available for dynamic allocation:[0m
[0;32mI (274) heap_init: At 3FFAE6E0 len 00001920 (6 KiB): DRAM[0m
[0;32mI (280) heap_init: At 3FFB29D8 len 0002D628 (181 KiB): DRAM[0m
[0;32mI (286) heap_init: At 3FFE0440 len 00003AE0 (14 KiB): D/IRAM[0m
[0;32mI (292) heap_init: At 3FFE4350 len 0001BCB0 (111 KiB): D/IRAM[0m
[0;32mI (299) heap_init: At 4008CED8 len 00013128 (76 KiB): IRAM[0m
[0;32mI (306) spi_flash: detected chip: generic[0m
[0;32mI (310) spi_flash: flash io: dio[0m
[0;33mW (314) spi_flash: Detected size(4096k) larger than the size in the binary image header(2048k). Using the size in the binary image header.[0m
[0;32mI (327) app_start: Starting scheduler on CPU0[0m
[0;32mI (332) app_start: Starting scheduler on CPU1[0m
[0;32mI (332) main_task: Started on CPU0[0m
[0;32mI (342) main_task: Calling app_main()[0m
Guru Meditation Error: Core  0 panic'ed (LoadProhibited). Exception was unhandled.

Core  0 register dump:
PC      : 0x400d77be  PS      : 0x00060530  A0      : 0x800d8124  A1      : 0x3ffb4be0  
A2      : 0x00000000  A3      : 0x3ffb28c4  A4      : 0x0000000a  A5      : 0x00000000  
A6      : 0x00000000  A7      : 0x3ffb28c8  A8      : 0xff0a0000  A9      : 0x3ffb4bf0  
A10     : 0x3ff000dc  A11     : 0xffffffff  A12     : 0x00060a20  A13     : 0xffffffff  
A14     : 0x0000001f  A15     : 0x00000010  SAR     : 0x00000010  EXCCAUSE: 0x0000001c  
EXCVADDR: 0xff0a00f4  LBEG    : 0x4000c46c  LEND    : 0x4000c477  LCOUNT  : 0x00000000  


Backtrace: 0x400d77bb:0x3ffb4be0 0x400d8121:0x3ffb4c20 0x400d58ed:0x3ffb4c50 0x400d590e:0x3ffb4c70 0x400d5921:0x3ffb4c90 0x400d58b8:0x3ffb4cb0 0x400e5efc:0x3ffb4cd0 0x40088b09:0x3ffb4d00




ELF file SHA256: cc644599ea775638

Rebooting...
ets Jun  8 2016 00:22:57

rst:0xc (SW_CPU_RESET),boot:0x13 (SPI_FAST_FLASH_BOOT)
configsip: 0, SPIWP:0xee
clk_drv:0x00,q_drv:0x00,d_drv:0x00,cs0_drv:0x00,hd_drv:0x00,wp_drv:0x00
mode:DIO, clock div:2
load:0x3fff0030,len:7084
ho 0 tail 12 room 4
load:0x40078000,len:15584
load:0x40080400,len:4
load:0x40080404,len:3876
entry 0x4008064c
[0;32mI (31) boot: ESP-IDF v5.1.2-dirty 2nd stage bootloader[0m
[0;32mI (31) boot: compile time May  1 2024 10:16:43[0m
[0;32mI (31) boot: Multicore bootloader[0m
[0;32mI (36) boot: chip revision: v1.0[0m
[0;32mI (40) boot.esp32: SPI Speed      : 40MHz[0m
[0;32mI (44) boot.esp32: SPI Mode       : DIO[0m
[0;32mI (49) boot.esp32: SPI Flash Size : 2MB[0m
[0;32mI (53) boot: Enabling RNG early entropy source...[0m
[0;32mI (59) boot: Partition Table:[0m
[0;32mI (62) boot: ## Label            Usage          Type ST Offset   Length[0m
[0;32mI (70) boot:  0 nvs              WiFi data        01 02 00009000 00006000[0m
[0;32mI (77) boot:  1 phy_init         RF data          01 01 0000f000 00001000[0m
[0;32mI (84) boot:  2 factory          factory app      00 00 00010000 00100000[0m
[0;32mI (92) boot: End of partition table[0m
[0;32mI (96) esp_image: segment 0: paddr=00010020 vaddr=3f400020 size=0a670h ( 42608) map[0m
[0;32mI (120) esp_image: segment 1: paddr=0001a698 vaddr=3ffb0000 size=02158h (  8536) load[0m
[0;32mI (124) esp_image: segment 2: paddr=0001c7f8 vaddr=40080000 size=03820h ( 14368) load[0m
[0;32mI (132) esp_image: segment 3: paddr=00020020 vaddr=400d0020 size=1668ch ( 91788) map[0m
[0;32mI (167) esp_image: segment 4: paddr=000366b4 vaddr=40083820 size=096b8h ( 38584) load[0m
[0;32mI (190) boot: Loaded app from partition at offset 0x10000[0m
[0;32mI (190) boot: Disabling RNG early entropy source...[0m
[0;32mI (202) cpu_start: Multicore app[0m
[0;32mI (202) cpu_start: Pro cpu up.[0m
[0;32mI (202) cpu_start: Starting app cpu, entry point is 0x400811e0[0m
[0;32mI (190) cpu_start: App cpu up.[0m
[0;32mI (220) cpu_start: Pro cpu start user code[0m
[0;32mI (220) cpu_start: cpu freq: 160000000 Hz[0m
[0;32mI (220) cpu_start: Application information:[0m
[0;32mI (225) cpu_start: Project name:     IoT_Speaker[0m
[0;32mI (230) cpu_start: App version:      1[0m
[0;32mI (235) cpu_start: Compile time:     May  1 2024 10:22:59[0m
[0;32mI (241) cpu_start: ELF file SHA256:  cc644599ea775638...[0m
[0;32mI (247) cpu_start: ESP-IDF:          v5.1.2-dirty[0m
[0;32mI (252) cpu_start: Min chip rev:     v0.0[0m
[0;32mI (257) cpu_start: Max chip rev:     v3.99 [0m
[0;32mI (262) cpu_start: Chip rev:         v1.0[0m
[0;32mI (267) heap_init: Initializing. RAM available for dynamic allocation:[0m
[0;32mI (274) heap_init: At 3FFAE6E0 len 00001920 (6 KiB): DRAM[0m
[0;32mI (280) heap_init: At 3FFB29D8 len 0002D628 (181 KiB): DRAM[0m
[0;32mI (286) heap_init: At 3FFE0440 len 00003AE0 (14 KiB): D/IRAM[0m
[0;32mI (292) heap_init: At 3FFE4350 len 0001BCB0 (111 KiB): D/IRAM[0m
[0;32mI (299) heap_init: At 4008CED8 len 00013128 (76 KiB): IRAM[0m
[0;32mI (306) spi_flash: detected chip: generic[0m
[0;32mI (310) spi_flash: flash io: dio[0m
[0;33mW (314) spi_flash: Detected size(4096k) larger than the size in the binary image header(2048k). Using the size in the binary image header.[0m
[0;32mI (327) app_start: Starting scheduler on CPU0[0m
[0;32mI (332) app_start: Starting scheduler on CPU1[0m
[0;32mI (332) main_task: Started on CPU0[0m
[0;32mI (342) main_task: Calling app_main()[0m
Guru Meditation Error: Core  0 panic'ed (LoadProhibited). Exception was unhandled.

Core  0 register dump:
PC      : 0x400d77be  PS      : 0x00060530  A0      : 0x800d8124  A1      : 0x3ffb4be0  
A2      : 0x00000000  A3      : 0x3ffb28c4  A4      : 0x0000000a  A5      : 0x00000000  
A6      : 0x00000000  A7      : 0x3ffb28c8  A8      : 0xff0a0000  A9      : 0x3ffb4bf0  
A10     : 0x3ff000dc  A11     : 0xffffffff  A12     : 0x00060a20  A13     : 0xffffffff  
A14     : 0x0000001f  A15     : 0x00000010  SAR     : 0x00000010  EXCCAUSE: 0x0000001c  
EXCVADDR: 0xff0a00f4  LBEG    : 0x4000c46c  LEND    : 0x4000c477  LCOUNT  : 0x00000000  


Backtrace: 0x400d77bb:0x3ffb4be0 0x400d8121:0x3ffb4c20 0x400d58ed:0x3ffb4c50 0x400d590e:0x3ffb4c70 0x400d5921:0x3ffb4c90 0x400d58b8:0x3ffb4cb0 0x400e5efc:0x3ffb4cd0 0x40088b09:0x3ffb4d00




ELF file SHA256: cc644599ea775638

Rebooting...
ets Jun  8 2016 00:22:57

rst:0xc (SW_CPU_RESET),boot:0x13 (SPI_FAST_FLASH_BOOT)
configsip: 0, SPIWP:0xee
clk_drv:0x00,q_drv:0x00,d_drv:0x00,cs0_drv:0x00,hd_drv:0x00,wp_drv:0x00
mode:DIO, clock div:2
load:0x3fff0030,len:7084
ho 0 tail 12 room 4
load:0x40078000,len:15584
load:0x40080400,len:4
load:0x40080404,len:3876
entry 0x4008064c
[0;32mI (31) boot: ESP-IDF v5.1.2-dirty 2nd stage bootloader[0m
[0;32mI (31) boot: compile time May  1 2024 10:16:43[0m
[0;32mI (31) boot: Multicore bootloader[0m
[0;32mI (36) boot: chip revision: v1.0[0m
[0;32mI (40) boot.esp32: SPI Speed      : 40MHz[0m
[0;32mI (44) boot.esp32: SPI Mode       : DIO[0m
[0;32mI (49) boot.esp32: SPI Flash Size : 2MB[0m
[0;32mI (53) boot: Enabling RNG early entropy source...[0m
[0;32mI (59) boot: Partition Table:[0m
[0;32mI (62) boot: ## Label            Usage          Type ST Offset   Length[0m
[0;32mI (70) boot:  0 nvs              WiFi data        01 02 00009000 00006000[0m
[0;32mI (77) boot:  1 phy_init         RF data          01 01 0000f000 00001000[0m
[0;32mI (84) boot:  2 factory          factory app      00 00 00010000 00100000[0m
[0;32mI (92) boot: End of partition table[0m
[0;32mI (96) esp_image: segment 0: paddr=00010020 vaddr=3f400020 size=0a670h ( 42608) map[0m
[0;32mI (120) esp_image: segment 1: paddr=0001a698 vaddr=3ffb0000 size=02158h (  8536) load[0m
[0;32mI (124) esp_image: segment 2: paddr=0001c7f8 vaddr=40080000 size=03820h ( 14368) load[0m
[0;32mI (132) esp_image: segment 3: paddr=00020020 vaddr=400d0020 size=1668ch ( 91788) map[0m
[0;32mI (167) esp_image: segment 4: paddr=000366b4 vaddr=40083820 size=096b8h ( 38584) load[0m
[0;32mI (190) boot: Loaded app from partition at offset 0x10000[0m
[0;32mI (190) boot: Disabling RNG early entropy source...[0m
[0;32mI (202) cpu_start: Multicore app[0m
[0;32mI (202) cpu_start: Pro cpu up.[0m
[0;32mI (202) cpu_start: Starting app cpu, entry point is 0x400811e0[0m
[0;32mI (190) cpu_start: App cpu up.[0m
[0;32mI (220) cpu_start: Pro cpu start user code[0m
[0;32mI (220) cpu_start: cpu freq: 160000000 Hz[0m
[0;32mI (220) cpu_start: Application information:[0m
[0;32mI (225) cpu_start: Project name:     IoT_Speaker[0m
[0;32mI (230) cpu_start: App version:      1[0m
[0;32mI (235) cpu_start: Compile time:     May  1 2024 10:22:59[0m
[0;32mI (241) cpu_start: ELF file SHA256:  cc644599ea775638...[0m
[0;32mI (247) cpu_start: ESP-IDF:          v5.1.2-dirty[0m
[0;32mI (252) cpu_start: Min chip rev:     v0.0[0m
[0;32mI (257) cpu_start: Max chip rev:     v3.99 [0m
[0;32mI (262) cpu_start: Chip rev:         v1.0[0m
[0;32mI (267) heap_init: Initializing. RAM available for dynamic allocation:[0m
[0;32mI (274) heap_init: At 3FFAE6E0 len 00001920 (6 KiB): DRAM[0m
[0;32mI (280) heap_init: At 3FFB29D8 len 0002D628 (181 KiB): DRAM[0m
[0;32mI (286) heap_init: At 3FFE0440 len 00003AE0 (14 KiB): D/IRAM[0m
[0;32mI (292) heap_init: At 3FFE4350 len 0001BCB0 (111 KiB): D/IRAM[0m
[0;32mI (299) heap_init: At 4008CED8 len 00013128 (76 KiB): IRAM[0m
[0;32mI (306) spi_flash: detected chip: generic[0m
[0;32mI (310) spi_flash: flash io: dio[0m
[0;33mW (314) spi_flash: Detected size(4096k) larger than the size in the binary image header(2048k). Using the size in the binary image header.[0m
[0;32mI (327) app_start: Starting scheduler on CPU0[0m
[0;32mI (332) app_start: Starting scheduler on CPU1[0m
[0;32mI (332) main_task: Started on CPU0[0m
[0;32mI (342) main_task: Calling app_main()[0m
Guru Meditation Error: Core  0 panic'ed (LoadProhibited). Exception was unhandled.

Core  0 register dump:
PC      : 0x400d77be  PS      : 0x00060530  A0      : 0x800d8124  A1      : 0x3ffb4be0  
A2      : 0x00000000  A3      : 0x3ffb28c4  A4      : 0x0000000a  A5      : 0x00000000  
A6      : 0x00000000  A7      : 0x3ffb28c8  A8      : 0xff0a0000  A9      : 0x3ffb4bf0  
A10     : 0x3ff000dc  A11     : 0xffffffff  A12     : 0x00060a20  A13     : 0xffffffff  
A14     : 0x0000001f  A15     : 0x00000010  SAR     : 0x00000010  EXCCAUSE: 0x0000001c  
EXCVADDR: 0xff0a00f4  LBEG    : 0x4000c46c  LEND    : 0x4000c477  LCOUNT  : 0x00000000  


Backtrace: 0x400d77bb:0x3ffb4be0 0x400d8121:0x3ffb4c20 0x400d58ed:0x3ffb4c50 0x400d590e:0x3ffb4c70 0x400d5921:0x3ffb4c90 0x400d58b8:0x3ffb4cb0 0x400e5efc:0x3ffb4cd0 0x40088b09:0x3ffb4d00




ELF file SHA256: cc644599ea775638

Rebooting...
ets Jun  8 2016 00:22:57

rst:0xc (SW_CPU_RESET),boot:0x13 (SPI_FAST_FLASH_BOOT)
configsip: 0, SPIWP:0xee
clk_drv:0x00,q_drv:0x00,d_drv:0x00,cs0_drv:0x00,hd_drv:0x00,wp_drv:0x00
mode:DIO, clock div:2
load:0x3fff0030,len:7084
ho 0 tail 12 room 4
load:0x40078000,len:15584
load:0x40080400,len:4
load:0x40080404,len:3876
entry 0x4008064c
[0;32mI (31) boot: ESP-IDF v5.1.2-dirty 2nd stage bootloader[0m
[0;32mI (31) boot: compile time May  1 2024 10:16:43[0m
[0;32mI (31) boot: Multicore bootloader[0m
[0;32mI (36) boot: chip revision: v1.0[0m
[0;32mI (40) boot.esp32: SPI Speed      : 40MHz[0m
[0;32mI (44) boot.esp32: SPI Mode       : DIO[0m
[0;32mI (49) boot.esp32: SPI Flash Size : 2MB[0m
[0;32mI (53) boot: Enabling RNG early entropy source...[0m
[0;32mI (59) boot: Partition Table:[0m
[0;32mI (62) boot: ## Label            Usage          Type ST Offset   Length[0m
[0;32mI (70) boot:  0 nvs              WiFi data        01 02 00009000 00006000[0m
[0;32mI (77) boot:  1 phy_init         RF data          01 01 0000f000 00001000[0m
[0;32mI (84) boot:  2 factory          factory app      00 00 00010000 00100000[0m
[0;32mI (92) boot: End of partition table[0m
[0;32mI (96) esp_image: segment 0: paddr=00010020 vaddr=3f400020 size=0a670h ( 42608) map[0m
[0;32mI (120) esp_image: segment 1: paddr=0001a698 vaddr=3ffb0000 size=02158h (  8536) load[0m
[0;32mI (124) esp_image: segment 2: paddr=0001c7f8 vaddr=40080000 size=03820h ( 14368) load[0m
[0;32mI (132) esp_image: segment 3: paddr=00020020 vaddr=400d0020 size=1668ch ( 91788) map[0m
[0;32mI (167) esp_image: segment 4: paddr=000366b4 vaddr=40083820 size=096b8h ( 38584) load[0m
[0;32mI (190) boot: Loaded app from partition at offset 0x10000[0m
[0;32mI (190) boot: Disabling RNG early entropy source...[0m
[0;32mI (202) cpu_start: Multicore app[0m
[0;32mI (202) cpu_start: Pro cpu up.[0m
[0;32mI (202) cpu_start: Starting app cpu, entry point is 0x400811e0[0m
[0;32mI (190) cpu_start: App cpu up.[0m
[0;32mI (220) cpu_start: Pro cpu start user code[0m
[0;32mI (220) cpu_start: cpu freq: 160000000 Hz[0m
[0;32mI (220) cpu_start: Application information:[0m
[0;32mI (225) cpu_start: Project name:     IoT_Speaker[0m
[0;32mI (230) cpu_start: App version:      1[0m
[0;32mI (235) cpu_start: Compile time:     May  1 2024 10:22:59[0m
[0;32mI (241) cpu_start: ELF file SHA256:  cc644599ea775638...[0m
[0;32mI (247) cpu_start: ESP-IDF:          v5.1.2-dirty[0m
[0;32mI (252) cpu_start: Min chip rev:     v0.0[0m
[0;32mI (257) cpu_start: Max chip rev:     v3.99 [0m
[0;32mI (262) cpu_start: Chip rev:         v1.0[0m
[0;32mI (267) heap_init: Initializing. RAM available for dynamic allocation:[0m
[0;32mI (274) heap_init: At 3FFAE6E0 len 00001920 (6 KiB): DRAM[0m
[0;32mI (280) heap_init: At 3FFB29D8 len 0002D628 (181 KiB): DRAM[0m
[0;32mI (286) heap_init: At 3FFE0440 len 00003AE0 (14 KiB): D/IRAM[0m
[0;32mI (292) heap_init: At 3FFE4350 len 0001BCB0 (111 KiB): D/IRAM[0m
[0;32mI (299) heap_init: At 4008CED8 len 00013128 (76 KiB): IRAM[0m
[0;32mI (306) spi_flash: detected chip: generic[0m
[0;32mI (310) spi_flash: flash io: dio[0m
[0;33mW (314) spi_flash: Detected size(4096k) larger than the size in the binary image header(2048k). Using the size in the binary image header.[0m
[0;32mI (327) app_start: Starting scheduler on CPU0[0m
[0;32mI (332) app_start: Starting scheduler on CPU1[0m
[0;32mI (332) main_task: Started on CPU0[0m
[0;32mI (342) main_task: Calling app_main()[0m
Guru Meditation Error: Core  0 panic'ed (LoadProhibited). Exception was unhandled.

Core  0 register dump:
PC      : 0x400d77be  PS      : 0x00060530  A0      : 0x800d8124  A1      : 0x3ffb4be0  
A2      : 0x00000000  A3      : 0x3ffb28c4  A4      : 0x0000000a  A5      : 0x00000000  
A6      : 0x00000000  A7      : 0x3ffb28c8  A8      : 0xff0a0000  A9      : 0x3ffb4bf0  
A10     : 0x3ff000dc  A11     : 0xffffffff  A12     : 0x00060a20  A13     : 0xffffffff  
A14     : 0x0000001f  A15     : 0x00000010  SAR     : 0x00000010  EXCCAUSE: 0x0000001c  
EXCVADDR: 0xff0a00f4  LBEG    : 0x4000c46c  LEND    : 0x4000c477  LCOUNT  : 0x00000000  


Backtrace: 0x400d77bb:0x3ffb4be0 0x400d8121:0x3ffb4c20 0x400d58ed:0x3ffb4c50 0x400d590e:0x3ffb4c70 0x400d5921:0x3ffb4c90 0x400d58b8:0x3ffb4cb0 0x400e5efc:0x3ffb4cd0 0x40088b09:0x3ffb4d00




ELF file SHA256: cc644599ea775638

Rebooting...
ets Jun  8 2016 00:22:57

rst:0xc (SW_CPU_RESET),boot:0x13 (SPI_FAST_FLASH_BOOT)
configsip: 0, SPIWP:0xee
clk_drv:0x00,q_drv:0x00,d_drv:0x00,cs0_drv:0x00,hd_drv:0x00,wp_drv:0x00
mode:DIO, clock div:2
load:0x3fff0030,len:7084
ho 0 tail 12 room 4
load:0x40078000,len:15584
load:0x40080400,len:4
load:0x40080404,len:3876
entry 0x4008064c
[0;32mI (31) boot: ESP-IDF v5.1.2-dirty 2nd stage bootloader[0m
[0;32mI (31) boot: compile time May  1 2024 10:16:43[0m
[0;32mI (31) boot: Multicore bootloader[0m
[0;32mI (36) boot: chip revision: v1.0[0m
[0;32mI (40) boot.esp32: SPI Speed      : 40MHz[0m
[0;32mI (44) boot.esp32: SPI Mode       : DIO[0m
[0;32mI (49) boot.esp32: SPI Flash Size : 2MB[0m
[0;32mI (53) boot: Enabling RNG early entropy source...[0m
[0;32mI (59) boot: Partition Table:[0m
[0;32mI (62) boot: ## Label            Usage          Type ST Offset   Length[0m
[0;32mI (70) boot:  0 nvs              WiFi data        01 02 00009000 00006000[0m
[0;32mI (77) boot:  1 phy_init         RF data          01 01 0000f000 00001000[0m
[0;32mI (84) boot:  2 factory          factory app      00 00 00010000 00100000[0m
[0;32mI (92) boot: End of partition table[0m
[0;32mI (96) esp_image: segment 0: paddr=00010020 vaddr=3f400020 size=0a670h ( 42608) map[0m
[0;32mI (120) esp_image: segment 1: paddr=0001a698 vaddr=3ffb0000 size=02158h (  8536) load[0m
[0;32mI (124) esp_image: segment 2: paddr=0001c7f8 vaddr=40080000 size=03820h ( 14368) load[0m
[0;32mI (132) esp_image: segment 3: paddr=00020020 vaddr=400d0020 size=1668ch ( 91788) map[0m
[0;32mI (167) esp_image: segment 4: paddr=000366b4 vaddr=40083820 size=096b8h ( 38584) load[0m
[0;32mI (190) boot: Loaded app from partition at offset 0x10000[0m
[0;32mI (190) boot: Disabling RNG early entropy source...[0m
[0;32mI (202) cpu_start: Multicore app[0m
[0;32mI (202) cpu_start: Pro cpu up.[0m
[0;32mI (202) cpu_start: Starting app cpu, entry point is 0x400811e0[0m
[0;32mI (190) cpu_start: App cpu up.[0m
[0;32mI (220) cpu_start: Pro cpu start user code[0m
[0;32mI (220) cpu_start: cpu freq: 160000000 Hz[0m
[0;32mI (220) cpu_start: Application information:[0m
[0;32mI (225) cpu_start: Project name:     IoT_Speaker[0m
[0;32mI (230) cpu_start: App version:      1[0m
[0;32mI (235) cpu_start: Compile time:     May  1 2024 10:22:59[0m
[0;32mI (241) cpu_start: ELF file SHA256:  cc644599ea775638...[0m
[0;32mI (247) cpu_start: ESP-IDF:          v5.1.2-dirty[0m
[0;32mI (252) cpu_start: Min chip rev:     v0.0[0m
[0;32mI (257) cpu_start: Max chip rev:     v3.99 [0m
[0;32mI (262) cpu_start: Chip rev:         v1.0[0m
[0;32mI (267) heap_init: Initializing. RAM available for dynamic allocation:[0m
[0;32mI (274) heap_init: At 3FFAE6E0 len 00001920 (6 KiB): DRAM[0m
[0;32mI (280) heap_init: At 3FFB29D8 len 0002D628 (181 KiB): DRAM[0m
[0;32mI (286) heap_init: At 3FFE0440 len 00003AE0 (14 KiB): D/IRAM[0m
[0;32mI (292) heap_init: At 3FFE4350 len 0001BCB0 (111 KiB): D/IRAM[0m
[0;32mI (299) heap_init: At 4008CED8 len 00013128 (76 KiB): IRAM[0m
[0;32mI (306) spi_flash: detected chip: generic[0m
[0;32mI (310) spi_flash: flash io: dio[0m
[0;33mW (314) spi_flash: Detected size(4096k) larger than the size in the binary image header(2048k). Using the size in the binary image header.[0m
[0;32mI (327) app_start: Starting scheduler on CPU0[0m
[0;32mI (332) app_start: Starting scheduler on CPU1[0m
[0;32mI (332) main_task: Started on CPU0[0m
[0;32mI (342) main_task: Calling app_main()[0m
Guru Meditation Error: Core  0 panic'ed (LoadProhibited). Exception was unhandled.

Core  0 register dump:
PC      : 0x400d77be  PS      : 0x00060530  A0      : 0x800d8124  A1      : 0x3ffb4be0  
A2      : 0x00000000  A3      : 0x3ffb28c4  A4      : 0x0000000a  A5      : 0x00000000  
A6      : 0x00000000  A7      : 0x3ffb28c8  A8      : 0xff0a0000  A9      : 0x3ffb4bf0  
A10     : 0x3ff000dc  A11     : 0xffffffff  A12     : 0x00060a20  A13     : 0xffffffff  
A14     : 0x0000001f  A15     : 0x00000010  SAR     : 0x00000010  EXCCAUSE: 0x0000001c  
EXCVADDR: 0xff0a00f4  LBEG    : 0x4000c46c  LEND    : 0x4000c477  LCOUNT  : 0x00000000  


Backtrace: 0x400d77bb:0x3ffb4be0 0x400d8121:0x3ffb4c20 0x400d58ed:0x3ffb4c50 0x400d590e:0x3ffb4c70 0x400d5921:0x3ffb4c90 0x400d58b8:0x3ffb4cb0 0x400e5efc:0x3ffb4cd0 0x40088b09:0x3ffb4d00




ELF file SHA256: cc644599ea775638

Rebooting...
ets Jun  8 2016 00:22:57

rst:0xc (SW_CPU_RESET),boot:0x13 (SPI_FAST_FLASH_BOOT)
configsip: 0, SPIWP:0xee
clk_drv:0x00,q_drv:0x00,d_drv:0x00,cs0_drv:0x00,hd_drv:0x00,wp_drv:0x00
mode:DIO, clock div:2
load:0x3fff0030,len:7084
ho 0 tail 12 room 4
load:0x40078000,len:15584
load:0x40080400,len:4
load:0x40080404,len:3876
entry 0x4008064c
[0;32mI (31) boot: ESP-IDF v5.1.2-dirty 2nd stage bootloader[0m
[0;32mI (31) boot: compile time May  1 2024 10:16:43[0m
[0;32mI (31) boot: Multicore bootloader[0m
[0;32mI (36) boot: chip revision: v1.0[0m
[0;32mI (40) boot.esp32: SPI Speed      : 40MHz[0m
[0;32mI (44) boot.esp32: SPI Mode       : DIO[0m
[0;32mI (49) boot.esp32: SPI Flash Size : 2MB[0m
[0;32mI (53) boot: Enabling RNG early entropy source...[0m
[0;32mI (59) boot: Partition Table:[0m
[0;32mI (62) boot: ## Label            Usage          Type ST Offset   Length[0m
[0;32mI (70) boot:  0 nvs              WiFi data        01 02 00009000 00006000[0m
[0;32mI (77) boot:  1 phy_init         RF data          01 01 0000f000 00001000[0m
[0;32mI (84) boot:  2 factory          factory app      00 00 00010000 00100000[0m
[0;32mI (92) boot: End of partition table[0m
[0;32mI (96) esp_image: segment 0: paddr=00010020 vaddr=3f400020 size=0a670h ( 42608) map[0m
[0;32mI (120) esp_image: segment 1: paddr=0001a698 vaddr=3ffb0000 size=02158h (  8536) load[0m
[0;32mI (124) esp_image: segment 2: paddr=0001c7f8 vaddr=40080000 size=03820h ( 14368) load[0m
[0;32mI (132) esp_image: segment 3: paddr=00020020 vaddr=400d0020 size=1668ch ( 91788) map[0m
[0;32mI (167) esp_image: segment 4: paddr=000366b4 vaddr=40083820 size=096b8h ( 38584) load[0m
[0;32mI (190) boot: Loaded app from partition at offset 0x10000[0m
[0;32mI (190) boot: Disabling RNG early entropy source...[0m
[0;32mI (202) cpu_start: Multicore app[0m
[0;32mI (202) cpu_start: Pro cpu up.[0m
[0;32mI (202) cpu_start: Starting app cpu, entry point is 0x400811e0[0m
[0;32mI (190) cpu_start: App cpu up.[0m
[0;32mI (220) cpu_start: Pro cpu start user code[0m
[0;32mI (220) cpu_start: cpu freq: 160000000 Hz[0m
[0;32mI (220) cpu_start: Application information:[0m
[0;32mI (225) cpu_start: Project name:     IoT_Speaker[0m
[0;32mI (230) cpu_start: App version:      1[0m
[0;32mI (235) cpu_start: Compile time:     May  1 2024 10:22:59[0m
[0;32mI (241) cpu_start: ELF file SHA256:  cc644599ea775638...[0m
[0;32mI (247) cpu_start: ESP-IDF:          v5.1.2-dirty[0m
[0;32mI (252) cpu_start: Min chip rev:     v0.0[0m
[0;32mI (257) cpu_start: Max chip rev:     v3.99 [0m
[0;32mI (262) cpu_start: Chip rev:         v1.0[0m
[0;32mI (267) heap_init: Initializing. RAM available for dynamic allocation:[0m
[0;32mI (274) heap_init: At 3FFAE6E0 len 00001920 (6 KiB): DRAM[0m
[0;32mI (280) heap_init: At 3FFB29D8 len 0002D628 (181 KiB): DRAM[0m
[0;32mI (286) heap_init: At 3FFE0440 len 00003AE0 (14 KiB): D/IRAM[0m
[0;32mI (292) heap_init: At 3FFE4350 len 0001BCB0 (111 KiB): D/IRAM[0m
[0;32mI (299) heap_init: At 4008CED8 len 00013128 (76 KiB): IRAM[0m
[0;32mI (306) spi_flash: detected chip: generic[0m
[0;32mI (310) spi_flash: flash io: dio[0m
[0;33mW (314) spi_flash: Detected size(4096k) larger than the size in the binary image header(2048k). Using the size in the binary image header.[0m
[0;32mI (327) app_start: Starting scheduler on CPU0[0m
[0;32mI (332) app_start: Starting scheduler on CPU1[0m
[0;32mI (332) main_task: Started on CPU0[0m
[0;32mI (342) main_task: Calling app_main()[0m
Guru Meditation Error: Core  0 panic'ed (LoadProhibited). Exception was unhandled.

Core  0 register dump:
PC      : 0x400d77be  PS      : 0x00060530  A0      : 0x800d8124  A1      : 0x3ffb4be0  
A2      : 0x00000000  A3      : 0x3ffb28c4  A4      : 0x0000000a  A5      : 0x00000000  
A6      : 0x00000000  A7      : 0x3ffb28c8  A8      : 0xff0a0000  A9      : 0x3ffb4bf0  
A10     : 0x3ff000dc  A11     : 0xffffffff  A12     : 0x00060a20  A13     : 0xffffffff  
A14     : 0x0000001f  A15     : 0x00000010  SAR     : 0x00000010  EXCCAUSE: 0x0000001c  
EXCVADDR: 0xff0a00f4  LBEG    : 0x4000c46c  LEND    : 0x4000c477  LCOUNT  : 0x00000000  


Backtrace: 0x400d77bb:0x3ffb4be0 0x400d8121:0x3ffb4c20 0x400d58ed:0x3ffb4c50 0x400d590e:0x3ffb4c70 0x400d5921:0x3ffb4c90 0x400d58b8:0x3ffb4cb0 0x400e5efc:0x3ffb4cd0 0x40088b09:0x3ffb4d00




ELF file SHA256: cc644599ea775638

Rebooting...
ets Jun  8 2016 00:22:57

rst:0xc (SW_CPU_RESET),boot:0x13 (SPI_FAST_FLASH_BOOT)
configsip: 0, SPIWP:0xee
clk_drv:0x00,q_drv:0x00,d_drv:0x00,cs0_drv:0x00,hd_drv:0x00,wp_drv:0x00
mode:DIO, clock div:2
load:0x3fff0030,len:7084
ho 0 tail 12 room 4
load:0x40078000,len:15584
load:0x40080400,len:4
load:0x40080404,len:3876
entry 0x4008064c
[0;32mI (31) boot: ESP-IDF v5.1.2-dirty 2nd stage bootloader[0m
[0;32mI (31) boot: compile time May  1 2024 10:16:43[0m
[0;32mI (31) boot: Multicore bootloader[0m
[0;32mI (36) boot: chip revision: v1.0[0m
[0;32mI (40) boot.esp32: SPI Speed      : 40MHz[0m
[0;32mI (44) boot.esp32: SPI Mode       : DIO[0m
[0;32mI (49) boot.esp32: SPI Flash Size : 2MB[0m
[0;32mI (53) boot: Enabling RNG early entropy source...[0m
[0;32mI (59) boot: Partition Table:[0m
[0;32mI (62) boot: ## Label            Usage          Type ST Offset   Length[0m
[0;32mI (70) boot:  0 nvs              WiFi data        01 02 00009000 00006000[0m
[0;32mI (77) boot:  1 phy_init         RF data          01 01 0000f000 00001000[0m
[0;32mI (84) boot:  2 factory          factory app      00 00 00010000 00100000[0m
[0;32mI (92) boot: End of partition table[0m
[0;32mI (96) esp_image: segment 0: paddr=00010020 vaddr=3f400020 size=0a670h ( 42608) map[0m
[0;32mI (120) esp_image: segment 1: paddr=0001a698 vaddr=3ffb0000 size=02158h (  8536) load[0m
[0;32mI (124) esp_image: segment 2: paddr=0001c7f8 vaddr=40080000 size=03820h ( 14368) load[0m
[0;32mI (132) esp_image: segment 3: paddr=00020020 vaddr=400d0020 size=1668ch ( 91788) map[0m
[0;32mI (167) esp_image: segment 4: paddr=000366b4 vaddr=40083820 size=096b8h ( 38584) load[0m
[0;32mI (190) boot: Loaded app from partition at offset 0x10000[0m
[0;32mI (190) boot: Disabling RNG early entropy source...[0m
[0;32mI (202) cpu_start: Multicore app[0m
[0;32mI (202) cpu_start: Pro cpu up.[0m
[0;32mI (202) cpu_start: Starting app cpu, entry point is 0x400811e0[0m
[0;32mI (190) cpu_start: App cpu up.[0m
[0;32mI (220) cpu_start: Pro cpu start user code[0m
[0;32mI (220) cpu_start: cpu freq: 160000000 Hz[0m
[0;32mI (220) cpu_start: Application information:[0m
[0;32mI (225) cpu_start: Project name:     IoT_Speaker[0m
[0;32mI (230) cpu_start: App version:      1[0m
[0;32mI (235) cpu_start: Compile time:     May  1 2024 10:22:59[0m
[0;32mI (241) cpu_start: ELF file SHA256:  cc644599ea775638...[0m
[0;32mI (247) cpu_start: ESP-IDF:          v5.1.2-dirty[0m
[0;32mI (252) cpu_start: Min chip rev:     v0.0[0m
[0;32mI (257) cpu_start: Max chip rev:     v3.99 [0m
[0;32mI (262) cpu_start: Chip rev:         v1.0[0m
[0;32mI (267) heap_init: Initializing. RAM available for dynamic allocation:[0m
[0;32mI (274) heap_init: At 3FFAE6E0 len 00001920 (6 KiB): DRAM[0m
[0;32mI (280) heap_init: At 3FFB29D8 len 0002D628 (181 KiB): DRAM[0m
[0;32mI (286) heap_init: At 3FFE0440 len 00003AE0 (14 KiB): D/IRAM[0m
[0;32mI (292) heap_init: At 3FFE4350 len 0001BCB0 (111 KiB): D/IRAM[0m
[0;32mI (299) heap_init: At 4008CED8 len 00013128 (76 KiB): IRAM[0m
[0;32mI (306) spi_flash: detected chip: generic[0m
[0;32mI (310) spi_flash: flash io: dio[0m
[0;33mW (314) spi_flash: Detected size(4096k) larger than the size in the binary image header(2048k). Using the size in the binary image header.[0m
[0;32mI (327) app_start: Starting scheduler on CPU0[0m
[0;32mI (332) app_start: Starting scheduler on CPU1[0m
[0;32mI (332) main_task: Started on CPU0[0m
[0;32mI (342) main_task: Calling app_main()[0m
Guru Meditation Error: Core  0 panic'ed (LoadProhibited). Exception was unhandled.

Core  0 register dump:
PC      : 0x400d77be  PS      : 0x00060530  A0      : 0x800d8124  A1      : 0x3ffb4be0  
A2      : 0x00000000  A3      : 0x3ffb28c4  A4      : 0x0000000a  A5      : 0x00000000  
A6      : 0x00000000  A7      : 0x3ffb28c8  A8      : 0xff0a0000  A9      : 0x3ffb4bf0  
A10     : 0x3ff000dc  A11     : 0xffffffff  A12     : 0x00060a20  A13     : 0xffffffff  
A14     : 0x0000001f  A15     : 0x00000010  SAR     : 0x00000010  EXCCAUSE: 0x0000001c  
EXCVADDR: 0xff0a00f4  LBEG    : 0x4000c46c  LEND    : 0x4000c477  LCOUNT  : 0x00000000  


Backtrace: 0x400d77bb:0x3ffb4be0 0x400d8121:0x3ffb4c20 0x400d58ed:0x3ffb4c50 0x400d590e:0x3ffb4c70 0x400d5921:0x3ffb4c90 0x400d58b8:0x3ffb4cb0 0x400e5efc:0x3ffb4cd0 0x40088b09:0x3ffb4d00




ELF file SHA256: cc644599ea775638

Rebooting...
ets Jun  8 2016 00:22:57

rst:0xc (SW_CPU_RESET),boot:0x13 (SPI_FAST_FLASH_BOOT)
configsip: 0, SPIWP:0xee
clk_drv:0x00,q_drv:0x00,d_drv:0x00,cs0_drv:0x00,hd_drv:0x00,wp_drv:0x00
mode:DIO, clock div:2
load:0x3fff0030,len:7084
ho 0 tail 12 room 4
load:0x40078000,len:15584
load:0x40080400,len:4
load:0x40080404,len:3876
entry 0x4008064c
[0;32mI (31) boot: ESP-IDF v5.1.2-dirty 2nd stage bootloader[0m
[0;32mI (31) boot: compile time May  1 2024 10:16:43[0m
[0;32mI (31) boot: Multicore bootloader[0m
[0;32mI (36) boot: chip revision: v1.0[0m
[0;32mI (40) boot.esp32: SPI Speed      : 40MHz[0m
[0;32mI (44) boot.esp32: SPI Mode       : DIO[0m
[0;32mI (49) boot.esp32: SPI Flash Size : 2MB[0m
[0;32mI (53) boot: Enabling RNG early entropy source...[0m
[0;32mI (59) boot: Partition Table:[0m
[0;32mI (62) boot: ## Label            Usage          Type ST Offset   Length[0m
[0;32mI (70) boot:  0 nvs              WiFi data        01 02 00009000 00006000[0m
[0;32mI (77) boot:  1 phy_init         RF data          01 01 0000f000 00001000[0m
[0;32mI (84) boot:  2 factory          factory app      00 00 00010000 00100000[0m
[0;32mI (92) boot: End of partition table[0m
[0;32mI (96) esp_image: segment 0: paddr=00010020 vaddr=3f400020 size=0a670h ( 42608) map[0m
[0;32mI (120) esp_image: segment 1: paddr=0001a698 vaddr=3ffb0000 size=02158h (  8536) load[0m
[0;32mI (124) esp_image: segment 2: paddr=0001c7f8 vaddr=40080000 size=03820h ( 14368) load[0m
[0;32mI (132) esp_image: segment 3: paddr=00020020 vaddr=400d0020 size=1668ch ( 91788) map[0m
[0;32mI (167) esp_image: segment 4: paddr=000366b4 vaddr=40083820 size=096b8h ( 38584) load[0m
[0;32mI (190) boot: Loaded app from partition at offset 0x10000[0m
[0;32mI (190) boot: Disabling RNG early entropy source...[0m
[0;32mI (202) cpu_start: Multicore app[0m
[0;32mI (202) cpu_start: Pro cpu up.[0m
[0;32mI (202) cpu_start: Starting app cpu, entry point is 0x400811e0[0m
[0;32mI (190) cpu_start: App cpu up.[0m
[0;32mI (220) cpu_start: Pro cpu start user code[0m
[0;32mI (220) cpu_start: cpu freq: 160000000 Hz[0m
[0;32mI (220) cpu_start: Application information:[0m
[0;32mI (225) cpu_start: Project name:     IoT_Speaker[0m
[0;32mI (230) cpu_start: App version:      1[0m
[0;32mI (235) cpu_start: Compile time:     May  1 2024 10:22:59[0m
[0;32mI (241) cpu_start: ELF file SHA256:  cc644599ea775638...[0m
[0;32mI (247) cpu_start: ESP-IDF:          v5.1.2-dirty[0m
[0;32mI (252) cpu_start: Min chip rev:     v0.0[0m
[0;32mI (257) cpu_start: Max chip rev:     v3.99 [0m
[0;32mI (262) cpu_start: Chip rev:         v1.0[0m
[0;32mI (267) heap_init: Initializing. RAM available for dynamic allocation:[0m
[0;32mI (274) heap_init: At 3FFAE6E0 len 00001920 (6 KiB): DRAM[0m
[0;32mI (280) heap_init: At 3FFB29D8 len 0002D628 (181 KiB): DRAM[0m
[0;32mI (286) heap_init: At 3FFE0440 len 00003AE0 (14 KiB): D/IRAM[0m
[0;32mI (292) heap_init: At 3FFE4350 len 0001BCB0 (111 KiB): D/IRAM[0m
[0;32mI (299) heap_init: At 4008CED8 len 00013128 (76 KiB): IRAM[0m
[0;32mI (306) spi_flash: detected chip: generic[0m
[0;32mI (310) spi_flash: flash io: dio[0m
[0;33mW (314) spi_flash: Detected size(4096k) larger than the size in the binary image header(2048k). Using the size in the binary image header.[0m
[0;32mI (327) app_start: Starting scheduler on CPU0[0m
[0;32mI (332) app_start: Starting scheduler on CPU1[0m
[0;32mI (332) main_task: Started on CPU0[0m
[0;32mI (342) main_task: Calling app_main()[0m
Guru Meditation Error: Core  0 panic'ed (LoadProhibited). Exception was unhandled.

Core  0 register dump:
PC      : 0x400d77be  PS      : 0x00060530  A0      : 0x800d8124  A1      : 0x3ffb4be0  
