x13 (SPI_FAST_FLASH_BOOode       : DIO[0m
[0;32mI (49) boot.esp32: SPI Flash Size : 2MB[0m
[0;32mI (53) boot: Enabling RNG early entropy source...[0m
[0;32mI (59) booï¿½ets Jun  8 2016 00:22:57

rst:0x1 (POWERON_RESET),boot:0x13 (SPI_FAST_FLASH_BOOT)
configsip: 0, SPIWP:0xee
clk_drv:0x00,q_drv:0x00,d_drv:0x00,cs0_drv:0x00,hd_drv:0x00,wp_drv:0x00
mode:DIO, clock div:2
load:0x3fff0030,len:7084
ho 0 tail 12 room 4
load:0x40078000,len:15584
load:0x40080400,len:4
load:0x40080404,len:3876
entry 0x4008064c
[0;32mI (31) boot: ESP-IDF v5.1.2-dirty 2nd stage bootloader[0m
[0;32mI (31) boot: compile time May  1 2024 10:16:43[0m
[0;32mI (31) boot: Multicore bootloader[0m
[0;32mI (36) boot: chip revision: v1.0[0m
[0;32mI (39) boot.esp32: SPI Speed      : 40MHz[0m
[0;32mI (44) boot.esp32: SPI Mode       : DIO[0m
[0;32mI (49) boot.esp32: SPI Flash Size : 2MB[0m
[0;32mI (53) boot: Enabling RNG early entropy source...[0m
[0;32mI (59) boot: Partition Table:[0m
[0;32mI (62) boot: ## Label            Usage          Type ST Offset   Length[0m
[0;32mI (69) boot:  0 nvs              WiFi data        01 02 00009000 00006000[0m
[0;32mI (77) boot:  1 phy_init         RF data          01 01 0000f000 00001000[0m
[0;32mI (84) boot:  2 factory          factory app      00 00 00010000 00100000[0m
[0;32mI (92) boot: End of partition table[0m
[0;32mI (96) esp_image: segment 0: paddr=00010020 vaddr=3f400020 size=0b204h ( 45572) map[0m
[0;32mI (121) esp_image: segment 1: paddr=0001b22c vaddr=3ffb0000 size=021a0h (  8608) load[0m
[0;32mI (125) esp_image: segment 2: paddr=0001d3d4 vaddr=40080000 size=02c44h ( 11332) load[0m
[0;32mI (132) esp_image: segment 3: paddr=00020020 vaddr=400d0020 size=198e8h (104680) map[0m
[0;32mI (173) esp_image: segment 4: paddr=00039910 vaddr=40082c44 size=0ab08h ( 43784) load[0m
[0;32mI (198) boot: Loaded app from partition at offset 0x10000[0m
[0;32mI (198) boot: Disabling RNG early entropy source...[0m
[0;32mI (210) cpu_start: Multicore app[0m
[0;32mI (210) cpu_start: Pro cpu up.[0m
[0;32mI (210) cpu_start: Starting app cpu, entry point is 0x400812f4[0m
[0;32mI (0) cpu_start: App cpu up.[0m
[0;32mI (228) cpu_start: Pro cpu start user code[0m
[0;32mI (228) cpu_start: cpu freq: 160000000 Hz[0m
[0;32mI (228) cpu_start: Application information:[0m
[0;32mI (233) cpu_start: Project name:     IoT_Speaker[0m
[0;32mI (238) cpu_start: App version:      0279b5c-dirty[0m
[0;32mI (244) cpu_start: Compile time:     May  8 2024 22:29:55[0m
[0;32mI (250) cpu_start: ELF file SHA256:  1666daf3c54ce92c...[0m
[0;32mI (256) cpu_start: ESP-IDF:          v5.1.2-dirty[0m
[0;32mI (261) cpu_start: Min chip rev:     v0.0[0m
[0;32mI (266) cpu_start: Max chip rev:     v3.99 [0m
[0;32mI (271) cpu_start: Chip rev:         v1.0[0m
[0;32mI (276) heap_init: Initializing. RAM available for dynamic allocation:[0m
[0;32mI (283) heap_init: At 3FFAE6E0 len 00001920 (6 KiB): DRAM[0m
[0;32mI (289) heap_init: At 3FFB2A60 len 0002D5A0 (181 KiB): DRAM[0m
[0;32mI (295) heap_init: At 3FFE0440 len 00003AE0 (14 KiB): D/IRAM[0m
[0;32mI (301) heap_init: At 3FFE4350 len 0001BCB0 (111 KiB): D/IRAM[0m
[0;32mI (308) heap_init: At 4008D74C len 000128B4 (74 KiB): IRAM[0m
[0;32mI (315) spi_flash: detected chip: generic[0m
[0;32mI (318) spi_flash: flash io: dio[0m
[0;33mW (322) spi_flash: Detected size(4096k) larger than the size in the binary image header(2048k). Using the size in the binary image header.[0m
[0;32mI (336) app_start: Starting scheduler on CPU0[0m
[0;32mI (341) app_start: Starting scheduler on CPU1[0m
[0;32mI (341) main_task: Started on CPU0[0m
[0;32mI (351) main_task: Calling app_main()[0m
[0;32mI (1381) ESP32: Send data[0m
7E FF 06 06 00 00 0F FE E6 EF 
[0;32mI (3381) ESP32: Send data[0m
7E FF 06 0D 00 00 00 FE EE EF 
[0;32mI (9381) ESP32: Send data[0m
7E FF 06 01 00 00 00 FE FA EF 
[0;32mI (111381) ESP32: Send data[0m
7E FF 06 01 00 00 00 FE FA EF 
