(POWERON_REj5
[0;32mI (44) boot.esp32: SPI Mode       : DIO[0m
[0;32mI (49) boot.esp32: SPI Flash Size : 4MB[0m
[0;32mI (53) boot: Enabling RNG early entroï¿½ets Jun  8 2016 00:22:57

rst:0x1 (POWERON_RESET),boot:0x13 (SPI_FAST_FLASH_BOOT)
configsip: 0, SPIWP:0xee
clk_drv:0x00,q_drv:0x00,d_drv:0x00,cs0_drv:0x00,hd_drv:0x00,wp_drv:0x00
mode:DIO, clock div:2
load:0x3fff0030,len:7084
ho 0 tail 12 room 4
load:0x40078000,len:15584
load:0x40080400,len:4
load:0x40080404,len:3876
entry 0x4008064c
[0;32mI (31) boot: ESP-IDF v5.1.2-dirty 2nd stage bootloader[0m
[0;32mI (31) boot: compile time May 22 2024 21:43:34[0m
[0;32mI (31) boot: Multicore bootloader[0m
[0;32mI (36) boot: chip revision: v1.0[0m
[0;32mI (39) boot.esp32: SPI Speed      : 40MHz[0m
[0;32mI (44) boot.esp32: SPI Mode       : DIO[0m
[0;32mI (49) boot.esp32: SPI Flash Size : 4MB[0m
[0;32mI (53) boot: Enabling RNG early entropy source...[0m
[0;32mI (59) boot: Partition Table:[0m
[0;32mI (62) boot: ## Label            Usage          Type ST Offset   Length[0m
[0;32mI (69) boot:  0 nvs              WiFi data        01 02 00009000 00006000[0m
[0;32mI (77) boot:  1 phy_init         RF data          01 01 0000f000 00001000[0m
[0;32mI (84) boot:  2 factory          factory app      00 00 00010000 00100000[0m
[0;32mI (92) boot: End of partition table[0m
[0;32mI (96) esp_image: segment 0: paddr=00010020 vaddr=3f400020 size=26d8ch (159116) map[0m
[0;32mI (162) esp_image: segment 1: paddr=00036db4 vaddr=3ffb0000 size=03f74h ( 16244) load[0m
[0;32mI (169) esp_image: segment 2: paddr=0003ad30 vaddr=40080000 size=052e8h ( 21224) load[0m
[0;32mI (178) esp_image: segment 3: paddr=00040020 vaddr=400d0020 size=a122ch (660012) map[0m
[0;32mI (416) esp_image: segment 4: paddr=000e1254 vaddr=400852e8 size=11d68h ( 73064) load[0m
[0;32mI (458) boot: Loaded app from partition at offset 0x10000[0m
[0;32mI (459) boot: Disabling RNG early entropy source...[0m
[0;32mI (470) cpu_start: Multicore app[0m
[0;32mI (470) cpu_start: Pro cpu up.[0m
[0;32mI (471) cpu_start: Starting app cpu, entry point is 0x400814a8[0m
[0;32mI (0) cpu_start: App cpu up.[0m
[0;32mI (488) cpu_start: Pro cpu start user code[0m
[0;32mI (488) cpu_start: cpu freq: 160000000 Hz[0m
[0;32mI (488) cpu_start: Application information:[0m
[0;32mI (493) cpu_start: Project name:     IoT_Speaker[0m
[0;32mI (498) cpu_start: App version:      9615e84-dirty[0m
[0;32mI (504) cpu_start: Compile time:     Jun 10 2024 12:10:42[0m
[0;32mI (510) cpu_start: ELF file SHA256:  5ebc9496351bf3c1...[0m
[0;32mI (516) cpu_start: ESP-IDF:          v5.1.2-dirty[0m
[0;32mI (521) cpu_start: Min chip rev:     v0.0[0m
[0;32mI (526) cpu_start: Max chip rev:     v3.99 [0m
[0;32mI (531) cpu_start: Chip rev:         v1.0[0m
[0;32mI (536) heap_init: Initializing. RAM available for dynamic allocation:[0m
[0;32mI (543) heap_init: At 3FFAE6E0 len 00001920 (6 KiB): DRAM[0m
[0;32mI (549) heap_init: At 3FFB8A90 len 00027570 (157 KiB): DRAM[0m
[0;32mI (555) heap_init: At 3FFE0440 len 00003AE0 (14 KiB): D/IRAM[0m
[0;32mI (561) heap_init: At 3FFE4350 len 0001BCB0 (111 KiB): D/IRAM[0m
[0;32mI (568) heap_init: At 40097050 len 00008FB0 (35 KiB): IRAM[0m
[0;32mI (576) spi_flash: detected chip: generic[0m
[0;32mI (579) spi_flash: flash io: dio[0m
[0;32mI (584) app_start: Starting scheduler on CPU0[0m
[0;32mI (588) app_start: Starting scheduler on CPU1[0m
[0;32mI (588) main_task: Started on CPU0[0m
[0;32mI (598) main_task: Calling app_main()[0m
I (658) wifi:wifi driver task: 3ffc0ba8, prio:23, stack:6656, core=0
I (678) wifi:wifi firmware version: 91b9630
I (678) wifi:wifi certification version: v7.0
I (678) wifi:config NVS flash: enabled
I (678) wifi:config nano formating: disabled
I (678) wifi:Init data frame dynamic rx buffer num: 32
I (688) wifi:Init static rx mgmt buffer num: 5
I (688) wifi:Init management short buffer num: 32
I (688) wifi:Init dynamic tx buffer num: 32
I (698) wifi:Init static rx buffer size: 1600
I (698) wifi:Init static rx buffer num: 10
I (708) wifi:Init dynamic rx buffer num: 32
[0;32mI (708) wifi_init: rx ba win: 6[0m
[0;32mI (708) wifi_init: tcpip mbox: 32[0m
[0;32mI (718) wifi_init: udp mbox: 6[0m
[0;32mI (718) wifi_init: tcp mbox: 6[0m
[0;32mI (718) wifi_init: tcp tx win: 5744[0m
[0;32mI (728) wifi_init: tcp rx win: 5744[0m
[0;32mI (728) wifi_init: tcp mss: 1440[0m
[0;32mI (738) wifi_init: WiFi IRAM OP enabled[0m
[0;32mI (738) wifi_init: WiFi RX IRAM OP enabled[0m
[0;32mI (748) phy_init: phy_version 4780,16b31a7,Sep 22 2023,20:42:16[0m
I (838) wifi:mode : sta (a4:e5:7c:f7:c2:fc)
I (838) wifi:enable tsf
[0;32mI (838) WIFI_EXAMPLE: wifi_init_sta finished.[0m
[0;32mI (848) SSD1306: Legacy i2c driver is used[0m
[0;32mI (848) gpio: GPIO[15]| InputEn: 0| OutputEn: 0| OpenDrain: 0| Pullup: 1| Pulldown: 0| Intr:0 [0m
I (858) wifi:new:<1,0>, old:<1,0>, ap:<255,255>, sta:<1,0>, prof:1
I (858) wifi:state: init -> auth (b0)
I (878) wifi:state: auth -> assoc (0)
I (888) wifi:state: assoc -> run (10)
[0;32mI (918) SSD1306: OLED configured successfully[0m
I (958) wifi:connected with KTMT - SinhVien, aid = 5, channel 1, BW20, bssid = 62:bf:1e:f1:2e:8e
I (958) wifi:security: WPA2-PSK, phy: bgn, rssi: -54
I (968) wifi:pm start, type: 1

I (1028) wifi:AP's beacon interval = 102400 us, DTIM period = 2
I (1508) wifi:<ba-add>idx:0 (ifx:0, 62:bf:1e:f1:2e:8e), tid:0, ssn:0, winSize:64
[0;32mI (2468) esp_netif_handlers: sta ip: 192.168.155.93, mask: 255.255.255.0, gw: 192.168.155.1[0m
[0;32mI (2468) WIFI_EXAMPLE: got ip:192.168.155.93[0m
[0;32mI (2578) MQTT: Other event id:7[0m
I (2978) wifi:<ba-add>idx:1 (ifx:0, 62:bf:1e:f1:2e:8e), tid:7, ssn:0, winSize:64
[0;32mI (4518) MQTT: MQTT_EVENT_CONNECTED[0m
[0;32mI (4518) MQTT: sent subscribe successful, msg_id=11790[0m
[0;32mI (6768) MQTT: MQTT_EVENT_SUBSCRIBED, msg_id=11790[0m
[0;31mE (7178) transport_base: tcp_read error, errno=Socket is not connected[0m
[0;31mE (7178) mqtt_client: esp_mqtt_handle_transport_read_error: transport_read() error: errno=128[0m
[0;32mI (7188) MQTT: MQTT_EVENT_ERROR[0m
[0;31mE (7188) MQTT: Last error reported from esp-tls: 0x8008[0m
[0;31mE (7198) MQTT: Last error captured as transport's socket errno: 0x80[0m
[0;32mI (7198) MQTT: Last errno string (Socket is not connected)[0m
[0;31mE (7208) mqtt_client: mqtt_process_receive: mqtt_message_receive() returned -1[0m
[0;32mI (7218) MQTT: MQTT_EVENT_DISCONNECTED[0m
[0;32mI (22218) MQTT: Other event id:7[0m
[0;32mI (23148) MQTT: MQTT_EVENT_CONNECTED[0m
[0;32mI (23158) MQTT: sent subscribe successful, msg_id=57451[0m
[0;32mI (23558) MQTT: MQTT_EVENT_SUBSCRIBED, msg_id=57451[0m
[0;32mI (30218) MQTT: MQTT_EVENT_DATA[0m
TOPIC=esp_sub
DATA={"finished":false,"loop":true,"play":true,"songID":9,"stop":false,"volume":7}
CURRENT VALUE
finished: 0
play: 0
songID: 0
volume: -1
stop: 0
RECEIVED VALUE
finished: 0
play: 1
songID: 9
volume: 7
stop: 0

Play song id and set volume[0;32mI (30238) MQTT: Published data to MQTT broker, msg_id=0[0m
[0;32mI (30238) MQTT: Published data to MQTT broker, msg_id=0[0m
[0;32mI (31248) ESP32: Send data[0m
7E FF 06 06 00 00 15 FE E0 EF 
[0;32mI (33248) ESP32: Send data[0m
7E FF 06 03 00 00 09 FE EF EF 
[0;32mI (35858) MQTT: MQTT_EVENT_DATA[0m
TOPIC=esp_sub
DATA={"finished":false,"loop":true,"play":true,"songID":10,"stop":false,"volume":7}
CURRENT VALUE
finished: 0
play: 1
songID: 9
volume: 7
stop: 0
RECEIVED VALUE
finished: 0
play: 1
songID: 10
volume: 7
stop: 0

play song id[0;32mI (35878) MQTT: Published data to MQTT broker, msg_id=0[0m
[0;32mI (35878) MQTT: Published data to MQTT broker, msg_id=0[0m
[0;32mI (36878) ESP32: Send data[0m
7E FF 06 03 00 00 0A FE EE EF 
[0;32mI (38518) MQTT: MQTT_EVENT_DATA[0m
TOPIC=esp_sub
DATA={"finished":false,"loop":true,"play":true,"songID":9,"stop":false,"volume":7}
CURRENT VALUE
finished: 0
play: 1
songID: 10
volume: 7
stop: 0
RECEIVED VALUE
finished: 0
play: 1
songID: 9
volume: 7
stop: 0

play song id[0;32mI (38528) MQTT: Published data to MQTT broker, msg_id=0[0m
[0;32mI (38538) MQTT: Published data to MQTT broker, msg_id=0[0m
[0;32mI (39538) ESP32: Send data[0m
7E FF 06 03 00 00 09 FE EF EF 
[0;32mI (40568) MQTT: MQTT_EVENT_DATA[0m
TOPIC=esp_sub
DATA={"finished":false,"loop":true,"play":true,"songID":8,"stop":false,"volume":7}
CURRENT VALUE
finished: 0
play: 1
songID: 9
volume: 7
stop: 0
RECEIVED VALUE
finished: 0
play: 1
songID: 8
volume: 7
stop: 0

play song id[0;32mI (40578) MQTT: Published data to MQTT broker, msg_id=0[0m
[0;32mI (40588) MQTT: Published data to MQTT broker, msg_id=0[0m
[0;32mI (41588) ESP32: Send data[0m
7E FF 06 03 00 00 08 FE F0 EF 
[0;32mI (42608) MQTT: MQTT_EVENT_DATA[0m
TOPIC=esp_sub
DATA={"finished":false,"loop":true,"play":true,"songID":9,"stop":false,"volume":7}
CURRENT VALUE
finished: 0
play: 1
songID: 8
volume: 7
stop: 0
RECEIVED VALUE
finished: 0
play: 1
songID: 9
volume: 7
stop: 0

play song id[0;32mI (42628) MQTT: Published data to MQTT broker, msg_id=0[0m
[0;32mI (42638) MQTT: Published data to MQTT broker, msg_id=0[0m
[0;32mI (43638) ESP32: Send data[0m
7E FF 06 03 00 00 09 FE EF EF 
[0;32mI (48648) MQTT: MQTT_EVENT_DATA[0m
TOPIC=esp_sub
DATA={"finished":false,"loop":true,"play":true,"songID":10,"stop":false,"volume":7}
CURRENT VALUE
finished: 0
play: 1
songID: 9
volume: 7
stop: 0
RECEIVED VALUE
finished: 0
play: 1
songID: 10
volume: 7
stop: 0

play song id[0;32mI (48668) MQTT: Published data to MQTT broker, msg_id=0[0m
[0;32mI (48668) MQTT: Published data to MQTT broker, msg_id=0[0m
[0;32mI (49678) ESP32: Send data[0m
7E FF 06 03 00 00 0A FE EE EF 
[0;32mI (50708) MQTT: MQTT_EVENT_DATA[0m
TOPIC=esp_sub
DATA={"finished":false,"loop":true,"play":true,"songID":9,"stop":false,"volume":7}
CURRENT VALUE
finished: 0
play: 1
songID: 10
volume: 7
stop: 0
RECEIVED VALUE
finished: 0
play: 1
songID: 9
volume: 7
stop: 0

play song id[0;32mI (50718) MQTT: Published data to MQTT broker, msg_id=0[0m
[0;32mI (50728) MQTT: Published data to MQTT broker, msg_id=0[0m
[0;32mI (51728) ESP32: Send data[0m
7E FF 06 03 00 00 09 FE EF EF 
[0;32mI (63188) MQTT: MQTT_EVENT_DATA[0m
TOPIC=esp_sub
DATA={"finished":false,"loop":true,"play":true,"songID":10,"stop":false,"volume":7}
CURRENT VALUE
finished: 0
play: 1
songID: 9
volume: 7
stop: 0
RECEIVED VALUE
finished: 0
play: 1
songID: 10
volume: 7
stop: 0

play song id[0;32mI (63208) MQTT: Published data to MQTT broker, msg_id=0[0m
[0;32mI (63218) MQTT: Published data to MQTT broker, msg_id=0[0m
[0;32mI (64218) ESP32: Send data[0m
7E FF 06 03 00 00 0A FE EE EF 
[0;32mI (66678) MQTT: MQTT_EVENT_DATA[0m
TOPIC=esp_sub
DATA={"finished":false,"loop":true,"play":true,"songID":1,"stop":false,"volume":7}
CURRENT VALUE
finished: 0
play: 1
songID: 10
volume: 7
stop: 0
RECEIVED VALUE
finished: 0
play: 1
songID: 1
volume: 7
stop: 0

play song id[0;32mI (66688) MQTT: Published data to MQTT broker, msg_id=0[0m
[0;32mI (66698) MQTT: Published data to MQTT broker, msg_id=0[0m
[0;32mI (67698) ESP32: Send data[0m
7E FF 06 03 00 00 01 FE F7 EF 
[0;32mI (76108) MQTT: MQTT_EVENT_DATA[0m
TOPIC=esp_sub
DATA={"finished":false,"loop":true,"play":true,"songID":10,"stop":false,"volume":7}
CURRENT VALUE
finished: 0
play: 1
songID: 1
volume: 7
stop: 0
RECEIVED VALUE
finished: 0
play: 1
songID: 10
volume: 7
stop: 0

play song id[0;32mI (76118) MQTT: Published data to MQTT broker, msg_id=0[0m
[0;32mI (76128) MQTT: Published data to MQTT broker, msg_id=0[0m
[0;32mI (77128) ESP32: Send data[0m
7E FF 06 03 00 00 0A FE EE EF 
[0;32mI (78238) MQTT: MQTT_EVENT_DATA[0m
TOPIC=esp_sub
DATA={"finished":false,"loop":true,"play":true,"songID":1,"stop":false,"volume":7}
CURRENT VALUE
finished: 0
play: 1
songID: 10
volume: 7
stop: 0
RECEIVED VALUE
finished: 0
play: 1
songID: 1
volume: 7
stop: 0

play song id[0;32mI (78258) MQTT: Published data to MQTT broker, msg_id=0[0m
[0;32mI (78268) MQTT: Published data to MQTT broker, msg_id=0[0m
[0;32mI (79268) ESP32: Send data[0m
7E FF 06 03 00 00 01 FE F7 EF 
[0;32mI (87148) MQTT: MQTT_EVENT_DATA[0m
TOPIC=esp_sub
DATA={"finished":false,"loop":true,"play":true,"songID":2,"stop":false,"volume":7}
CURRENT VALUE
finished: 0
play: 1
songID: 1
volume: 7
stop: 0
RECEIVED VALUE
finished: 0
play: 1
songID: 2
volume: 7
stop: 0

play song id[0;32mI (87168) MQTT: Published data to MQTT broker, msg_id=0[0m
[0;32mI (87178) MQTT: Published data to MQTT broker, msg_id=0[0m
[0;32mI (88178) ESP32: Send data[0m
7E FF 06 03 00 00 02 FE F6 EF 
[0;32mI (103328) MQTT: MQTT_EVENT_DATA[0m
TOPIC=esp_sub
DATA={"finished":false,"loop":true,"play":true,"songID":3,"stop":false,"volume":7}
CURRENT VALUE
finished: 0
play: 1
songID: 2
volume: 7
stop: 0
RECEIVED VALUE
finished: 0
play: 1
songID: 3
volume: 7
stop: 0

play song id[0;32mI (103348) MQTT: Published data to MQTT broker, msg_id=0[0m
[0;32mI (103348) MQTT: Published data to MQTT broker, msg_id=0[0m
[0;32mI (104358) ESP32: Send data[0m
7E FF 06 03 00 00 03 FE F5 EF 
[0;32mI (119608) MQTT: MQTT_EVENT_DATA[0m
TOPIC=esp_sub
DATA={"finished":false,"loop":true,"play":true,"songID":3,"stop":false,"volume":6}
CURRENT VALUE
finished: 0
play: 1
songID: 3
volume: 7
stop: 0
RECEIVED VALUE
finished: 0
play: 1
songID: 3
volume: 6
stop: 0

set volume[0;32mI (120628) ESP32: Send data[0m
7E FF 06 06 00 00 12 FE E3 EF 
[0;32mI (125138) MQTT: MQTT_EVENT_DATA[0m
TOPIC=esp_sub
DATA={"finished":false,"loop":true,"play":true,"songID":3,"stop":true,"volume":6}
CURRENT VALUE
finished: 0
play: 1
songID: 3
volume: 6
stop: 0
RECEIVED VALUE
finished: 0
play: 1
songID: 3
volume: 6
stop: 1

 Stop[0;32mI (125158) MQTT: Published data to MQTT broker, msg_id=0[0m
[0;32mI (126158) ESP32: Send data[0m
7E FF 06 16 00 00 00 FE E5 EF 
[0;32mI (127188) MQTT: MQTT_EVENT_DATA[0m
TOPIC=esp_sub
DATA={"finished":false,"loop":true,"play":false,"songID":0,"stop":false,"volume":6}
CURRENT VALUE
finished: 0
play: 1
songID: 3
volume: 6
stop: 1
RECEIVED VALUE
finished: 0
play: 0
songID: 0
volume: 6
stop: 0
[0;32mI (128208) MQTT: MQTT_EVENT_DATA[0m
TOPIC=esp_sub
DATA={"finished":false,"loop":true,"play":true,"songID":10,"stop":false,"volume":6}
CURRENT VALUE
finished: 0
play: 0
songID: 0
volume: 6
stop: 0
RECEIVED VALUE
finished: 0
play: 1
songID: 10
volume: 6
stop: 0

play song id[0;32mI (128228) MQTT: Published data to MQTT broker, msg_id=0[0m
[0;32mI (128238) MQTT: Published data to MQTT broker, msg_id=0[0m
[0;32mI (129238) ESP32: Send data[0m
7E FF 06 03 00 00 0A FE EE EF 
[0;32mI (398138) MQTT: MQTT_EVENT_DATA[0m
TOPIC=esp_sub
DATA={"finished":false,"loop":true,"play":true,"songID":10,"stop":false,"volume":5}
CURRENT VALUE
finished: 0
play: 1
songID: 10
volume: 6
stop: 0
RECEIVED VALUE
finished: 0
play: 1
songID: 10
volume: 5
stop: 0

set volume[0;32mI (399158) ESP32: Send data[0m
7E FF 06 06 00 00 0F FE E6 EF 
[0;32mI (407148) MQTT: MQTT_EVENT_DATA[0m
TOPIC=esp_sub
DATA={"finished":false,"loop":true,"play":true,"songID":10,"stop":false,"volume":9}
CURRENT VALUE
finished: 0
play: 1
songID: 10
volume: 5
stop: 0
RECEIVED VALUE
finished: 0
play: 1
songID: 10
volume: 9
stop: 0

set volume[0;32mI (408168) ESP32: Send data[0m
7E FF 06 06 00 00 1B FE DA EF 
[0;32mI (414218) RX_TASK: Read 10 bytes: '7E'[0m
[0;32mI (414218) RX_TASK: Read 10 bytes: 'FF'[0m
[0;32mI (414218) RX_TASK: Read 10 bytes: '06'[0m
[0;32mI (414218) RX_TASK: Read 10 bytes: '3D'[0m
[0;32mI (414218) RX_TASK: Read 10 bytes: '00'[0m
[0;32mI (414228) RX_TASK: Read 10 bytes: '00'[0m
[0;32mI (414228) RX_TASK: Read 10 bytes: '0A'[0m
[0;32mI (414238) RX_TASK: Read 10 bytes: 'FE'[0m
[0;32mI (414238) RX_TASK: Read 10 bytes: 'B4'[0m
[0;32mI (414248) RX_TASK: Read 10 bytes: 'EF'[0m
[0;32mI (415258) MQTT: MQTT_EVENT_DATA[0m
TOPIC=esp_sub
DATA={"finished":true,"loop":true,"play":true,"songID":10,"stop":false,"volume":9}
CURRENT VALUE
finished: 0
play: 1
songID: 10
volume: 9
stop: 0
RECEIVED VALUE
finished: 1
play: 1
songID: 10
volume: 9
stop: 0

Loop[0;32mI (415278) MQTT: Published data to MQTT broker, msg_id=0[0m
[0;32mI (416278) ESP32: Send data[0m
7E FF 06 03 00 00 0A FE EE EF 
[0;32mI (418718) MQTT: MQTT_EVENT_DATA[0m
TOPIC=esp_sub
DATA={"finished":false,"loop":true,"play":true,"songID":10,"stop":false,"volume":9}
CURRENT VALUE
finished: 1
play: 1
songID: 10
volume: 9
stop: 0
RECEIVED VALUE
finished: 0
play: 1
songID: 10
volume: 9
stop: 0
[0;32mI (424458) MQTT: MQTT_EVENT_DATA[0m
TOPIC=esp_sub
DATA={"finished":false,"loop":true,"play":true,"songID":10,"stop":false,"volume":7}
CURRENT VALUE
finished: 0
play: 1
songID: 10
volume: 9
stop: 0
RECEIVED VALUE
finished: 0
play: 1
songID: 10
volume: 7
stop: 0

set volume[0;32mI (425468) ESP32: Send data[0m
7E FF 06 06 00 00 15 FE E0 EF 
[0;32mI (701218) RX_TASK: Read 10 bytes: '7E'[0m
[0;32mI (701218) RX_TASK: Read 10 bytes: 'FF'[0m
[0;32mI (701218) RX_TASK: Read 10 bytes: '06'[0m
[0;32mI (701228) RX_TASK: Read 10 bytes: '3D'[0m
[0;32mI (701228) RX_TASK: Read 10 bytes: '00'[0m
[0;32mI (701238) RX_TASK: Read 10 bytes: '00'[0m
[0;32mI (701238) RX_TASK: Read 10 bytes: '0A'[0m
[0;32mI (701238) RX_TASK: Read 10 bytes: 'FE'[0m
[0;32mI (701248) RX_TASK: Read 10 bytes: 'B4'[0m
[0;32mI (701248) RX_TASK: Read 10 bytes: 'EF'[0m
[0;32mI (704208) MQTT: MQTT_EVENT_DATA[0m
TOPIC=esp_sub
DATA={"finished":true,"loop":true,"play":true,"songID":10,"stop":false,"volume":7}
CURRENT VALUE
finished: 0
play: 1
songID: 10
volume: 7
stop: 0
RECEIVED VALUE
finished: 1
play: 1
songID: 10
volume: 7
stop: 0

Loop[0;32mI (704228) MQTT: Published data to MQTT broker, msg_id=0[0m
[0;32mI (705228) ESP32: Send data[0m
7E FF 06 03 00 00 0A FE EE EF 
[0;32mI (706668) MQTT: MQTT_EVENT_DATA[0m
TOPIC=esp_sub
DATA={"finished":false,"loop":true,"play":true,"songID":10,"stop":false,"volume":7}
CURRENT VALUE
finished: 1
play: 1
songID: 10
volume: 7
stop: 0
RECEIVED VALUE
finished: 0
play: 1
songID: 10
volume: 7
stop: 0
