T_FLASH_BOOï¿½Mode       : DIO[0m
[0;32mI (49) boot.esp32: SPI Flash Size : 4MB[0m
[0;32mI (53) boot: Enabling RNG early entropy source...[0m
[0;32mI (59) bï¿½ets Jun  8 2016 00:22:57

rst:0x1 (POWERON_RESET),boot:0x13 (SPI_FAST_FLASH_BOOT)
configsip: 0, SPIWP:0xee
clk_drv:0x00,q_drv:0x00,d_drv:0x00,cs0_drv:0x00,hd_drv:0x00,wp_drv:0x00
mode:DIO, clock div:2
load:0x3fff0030,len:7084
ho 0 tail 12 room 4
load:0x40078000,len:15584
load:0x40080400,len:4
load:0x40080404,len:3876
entry 0x4008064c
[0;32mI (31) boot: ESP-IDF v5.1.2-dirty 2nd stage bootloader[0m
[0;32mI (31) boot: compile time May 22 2024 21:43:34[0m
[0;32mI (31) boot: Multicore bootloader[0m
[0;32mI (36) boot: chip revision: v1.0[0m
[0;32mI (40) boot.esp32: SPI Speed      : 40MHz[0m
[0;32mI (44) boot.esp32: SPI Mode       : DIO[0m
[0;32mI (49) boot.esp32: SPI Flash Size : 4MB[0m
[0;32mI (53) boot: Enabling RNG early entropy source...[0m
[0;32mI (59) boot: Partition Table:[0m
[0;32mI (62) boot: ## Label            Usage          Type ST Offset   Length[0m
[0;32mI (70) boot:  0 nvs              WiFi data        01 02 00009000 00006000[0m
[0;32mI (77) boot:  1 phy_init         RF data          01 01 0000f000 00001000[0m
[0;32mI (84) boot:  2 factory          factory app      00 00 00010000 00100000[0m
[0;32mI (92) boot: End of partition table[0m
[0;32mI (96) esp_image: segment 0: paddr=00010020 vaddr=3f400020 size=261d4h (156116) map[0m
[0;32mI (161) esp_image: segment 1: paddr=000361fc vaddr=3ffb0000 size=03b44h ( 15172) load[0m
[0;32mI (167) esp_image: segment 2: paddr=00039d48 vaddr=40080000 size=062d0h ( 25296) load[0m
[0;32mI (178) esp_image: segment 3: paddr=00040020 vaddr=400d0020 size=9eca8h (650408) map[0m
[0;32mI (413) esp_image: segment 4: paddr=000decd0 vaddr=400862d0 size=106d4h ( 67284) load[0m
[0;32mI (453) boot: Loaded app from partition at offset 0x10000[0m
[0;32mI (453) boot: Disabling RNG early entropy source...[0m
[0;32mI (464) cpu_start: Multicore app[0m
[0;32mI (465) cpu_start: Pro cpu up.[0m
[0;32mI (465) cpu_start: Starting app cpu, entry point is 0x4008146c[0m
[0;32mI (0) cpu_start: App cpu up.[0m
[0;32mI (482) cpu_start: Pro cpu start user code[0m
[0;32mI (482) cpu_start: cpu freq: 160000000 Hz[0m
[0;32mI (483) cpu_start: Application information:[0m
[0;32mI (487) cpu_start: Project name:     IoT_Speaker[0m
[0;32mI (493) cpu_start: App version:      f46fe8d-dirty[0m
[0;32mI (498) cpu_start: Compile time:     May 22 2024 21:43:10[0m
[0;32mI (504) cpu_start: ELF file SHA256:  645357d5f4c19b0c...[0m
[0;32mI (510) cpu_start: ESP-IDF:          v5.1.2-dirty[0m
[0;32mI (515) cpu_start: Min chip rev:     v0.0[0m
[0;32mI (520) cpu_start: Max chip rev:     v3.99 [0m
[0;32mI (525) cpu_start: Chip rev:         v1.0[0m
[0;32mI (530) heap_init: Initializing. RAM available for dynamic allocation:[0m
[0;32mI (537) heap_init: At 3FFAE6E0 len 00001920 (6 KiB): DRAM[0m
[0;32mI (543) heap_init: At 3FFB81E8 len 00027E18 (159 KiB): DRAM[0m
[0;32mI (549) heap_init: At 3FFE0440 len 00003AE0 (14 KiB): D/IRAM[0m
[0;32mI (556) heap_init: At 3FFE4350 len 0001BCB0 (111 KiB): D/IRAM[0m
[0;32mI (562) heap_init: At 400969A4 len 0000965C (37 KiB): IRAM[0m
[0;32mI (570) spi_flash: detected chip: generic[0m
[0;32mI (573) spi_flash: flash io: dio[0m
[0;32mI (578) app_start: Starting scheduler on CPU0[0m
[0;32mI (582) app_start: Starting scheduler on CPU1[0m
[0;32mI (582) main_task: Started on CPU0[0m
[0;32mI (592) main_task: Calling app_main()[0m
I (632) wifi:wifi driver task: 3ffc02c0, prio:23, stack:6656, core=0
I (652) wifi:wifi firmware version: 91b9630
I (652) wifi:wifi certification version: v7.0
I (652) wifi:config NVS flash: enabled
I (652) wifi:config nano formating: disabled
I (652) wifi:Init data frame dynamic rx buffer num: 32
I (652) wifi:Init static rx mgmt buffer num: 5
I (662) wifi:Init management short buffer num: 32
I (662) wifi:Init dynamic tx buffer num: 32
I (672) wifi:Init static rx buffer size: 1600
I (672) wifi:Init static rx buffer num: 10
I (682) wifi:Init dynamic rx buffer num: 32
[0;32mI (682) wifi_init: rx ba win: 6[0m
[0;32mI (682) wifi_init: tcpip mbox: 32[0m
[0;32mI (692) wifi_init: udp mbox: 6[0m
[0;32mI (692) wifi_init: tcp mbox: 6[0m
[0;32mI (692) wifi_init: tcp tx win: 5744[0m
[0;32mI (702) wifi_init: tcp rx win: 5744[0m
[0;32mI (702) wifi_init: tcp mss: 1440[0m
[0;32mI (712) wifi_init: WiFi IRAM OP enabled[0m
[0;32mI (712) wifi_init: WiFi RX IRAM OP enabled[0m
[0;32mI (722) phy_init: phy_version 4780,16b31a7,Sep 22 2023,20:42:16[0m
I (812) wifi:mode : sta (a4:e5:7c:f7:c2:fc)
I (812) wifi:enable tsf
[0;32mI (822) WIFI_EXAMPLE: wifi_init_sta finished.[0m
I (892) wifi:new:<6,0>, old:<1,0>, ap:<255,255>, sta:<6,0>, prof:1
I (892) wifi:state: init -> auth (b0)
I (972) wifi:state: auth -> assoc (0)
I (992) wifi:state: assoc -> run (10)
I (1092) wifi:connected with KTMT - SinhVien, aid = 2, channel 6, BW20, bssid = 62:bf:1e:f1:2e:8e
I (1092) wifi:security: WPA2-PSK, phy: bgn, rssi: -52
I (1102) wifi:pm start, type: 1

I (1172) wifi:<ba-add>idx:0 (ifx:0, 62:bf:1e:f1:2e:8e), tid:0, ssn:0, winSize:64
I (1172) wifi:AP's beacon interval = 102400 us, DTIM period = 2
[0;32mI (2102) esp_netif_handlers: sta ip: 192.168.155.214, mask: 255.255.255.0, gw: 192.168.155.1[0m
[0;32mI (2102) WIFI_EXAMPLE: got ip:192.168.155.214[0m
[0;32mI (2102) MQTT: Other event id:7[0m
I (4062) wifi:<ba-add>idx:1 (ifx:0, 62:bf:1e:f1:2e:8e), tid:7, ssn:0, winSize:64
[0;31mE (14082) mqtt_client: esp_mqtt_connect: mqtt_message_receive() returned 0[0m
[0;31mE (14082) mqtt_client: MQTT connect failed[0m
[0;32mI (14082) MQTT: MQTT_EVENT_DISCONNECTED[0m
[0;32mI (29082) MQTT: Other event id:7[0m
[0;32mI (30852) RX_TASK: Read 10 bytes: '7E'[0m
[0;32mI (30852) RX_TASK: Read 10 bytes: 'FF'[0m
[0;32mI (30852) RX_TASK: Read 10 bytes: '06'[0m
[0;32mI (30852) RX_TASK: Read 10 bytes: '40'[0m
[0;32mI (30852) RX_TASK: Read 10 bytes: '00'[0m
[0;32mI (30862) RX_TASK: Read 10 bytes: '00'[0m
[0;32mI (30862) RX_TASK: Read 10 bytes: '03'[0m
[0;32mI (30872) RX_TASK: Read 10 bytes: 'FE'[0m
[0;32mI (30872) RX_TASK: Read 10 bytes: 'B8'[0m
[0;32mI (30882) RX_TASK: Read 10 bytes: 'EF'[0m
[0;32mI (31902) MQTT: MQTT_EVENT_CONNECTED[0m
[0;32mI (31912) MQTT: sent subscribe successful, msg_id=55986[0m
[0;32mI (34472) MQTT: MQTT_EVENT_SUBSCRIBED, msg_id=55986[0m
[0;31mE (48582) transport_base: tcp_read error, errno=Socket is not connected[0m
[0;31mE (48582) mqtt_client: esp_mqtt_handle_transport_read_error: transport_read() error: errno=128[0m
[0;32mI (48582) MQTT: MQTT_EVENT_ERROR[0m
[0;31mE (48592) MQTT: Last error reported from esp-tls: 0x8008[0m
[0;31mE (48592) MQTT: Last error captured as transport's socket errno: 0x80[0m
[0;32mI (48602) MQTT: Last errno string (Socket is not connected)[0m
[0;31mE (48612) mqtt_client: mqtt_process_receive: mqtt_message_receive() returned -1[0m
[0;32mI (48622) MQTT: MQTT_EVENT_DISCONNECTED[0m
[0;32mI (63622) MQTT: Other event id:7[0m
[0;32mI (65612) MQTT: MQTT_EVENT_CONNECTED[0m
[0;32mI (65622) MQTT: sent subscribe successful, msg_id=30175[0m
[0;32mI (66322) MQTT: MQTT_EVENT_SUBSCRIBED, msg_id=30175[0m
[0;32mI (287172) RX_TASK: Read 10 bytes: '7E'[0m
[0;32mI (287172) RX_TASK: Read 10 bytes: 'FF'[0m
[0;32mI (287172) RX_TASK: Read 10 bytes: '06'[0m
[0;32mI (287172) RX_TASK: Read 10 bytes: '40'[0m
[0;32mI (287182) RX_TASK: Read 10 bytes: '00'[0m
[0;32mI (287182) RX_TASK: Read 10 bytes: '00'[0m
[0;32mI (287182) RX_TASK: Read 10 bytes: '03'[0m
[0;32mI (287192) RX_TASK: Read 10 bytes: 'FE'[0m
[0;32mI (287192) RX_TASK: Read 10 bytes: 'B8'[0m
[0;32mI (287202) RX_TASK: Read 10 bytes: 'EF'[0m
[0;32mI (287232) RX_TASK: Read 10 bytes: '7E'[0m
[0;32mI (287232) RX_TASK: Read 10 bytes: 'FF'[0m
[0;32mI (287232) RX_TASK: Read 10 bytes: '06'[0m
[0;32mI (287232) RX_TASK: Read 10 bytes: '40'[0m
[0;32mI (287232) RX_TASK: Read 10 bytes: '00'[0m
[0;32mI (287242) RX_TASK: Read 10 bytes: '00'[0m
[0;32mI (287242) RX_TASK: Read 10 bytes: '03'[0m
[0;32mI (287252) RX_TASK: Read 10 bytes: 'FE'[0m
[0;32mI (287252) RX_TASK: Read 10 bytes: 'B8'[0m
[0;32mI (287262) RX_TASK: Read 10 bytes: 'EF'[0m
[0;32mI (287922) RX_TASK: Read 10 bytes: '7E'[0m
[0;32mI (287922) RX_TASK: Read 10 bytes: 'FF'[0m
[0;32mI (287922) RX_TASK: Read 10 bytes: '06'[0m
[0;32mI (287922) RX_TASK: Read 10 bytes: '40'[0m
[0;32mI (287932) RX_TASK: Read 10 bytes: '00'[0m
[0;32mI (287932) RX_TASK: Read 10 bytes: '00'[0m
[0;32mI (287942) RX_TASK: Read 10 bytes: '03'[0m
[0;32mI (287942) RX_TASK: Read 10 bytes: 'FE'[0m
[0;32mI (287952) RX_TASK: Read 10 bytes: 'B8'[0m
[0;32mI (287952) RX_TASK: Read 10 bytes: 'EF'[0m
[0;32mI (323332) MQTT: MQTT_EVENT_DATA[0m
TOPIC=esp_sub
DATA={"finished":false,"play":true,"songID":3,"volume":8}
CURRENT VALUE
finished: 0
play: 0
songID: 0
volume: 0
RECEIVED VALUE
finished: 0
play: 1
songID: 3
volume: 8

Condition 1[0;32mI (323352) MQTT: Published data to MQTT broker, msg_id=0[0m
[0;32mI (324352) ESP32: Send data[0m
7E FF 06 03 00 00 03 FE F5 EF 

Condition 2[0;32mI (325352) MQTT: Published data to MQTT broker, msg_id=0[0m
[0;32mI (326352) ESP32: Send data[0m
7E FF 06 06 00 00 08 FE ED EF 
[0;32mI (424502) MQTT: MQTT_EVENT_DATA[0m
TOPIC=esp_sub
DATA={"finished":false,"play":false,"songID":3,"volume":8}
CURRENT VALUE
finished: 0
play: 1
songID: 3
volume: 8
RECEIVED VALUE
finished: 0
play: 0
songID: 3
volume: 8

Condition 5[0;32mI (424522) MQTT: Published data to MQTT broker, msg_id=0[0m
[0;32mI (425522) ESP32: Send data[0m
7E FF 06 0E 00 00 00 FE ED EF 
[0;32mI (433202) MQTT: MQTT_EVENT_DATA[0m
TOPIC=esp_sub
DATA={"finished":false,"play":true,"songID":3,"volume":8}
CURRENT VALUE
finished: 0
play: 0
songID: 3
volume: 8
RECEIVED VALUE
finished: 0
play: 1
songID: 3
volume: 8

Condition 3[0;32mI (433222) MQTT: Published data to MQTT broker, msg_id=0[0m
[0;32mI (434222) ESP32: Send data[0m
7E FF 06 0D 00 00 00 FE EE EF 
[0;32mI (468172) RX_TASK: Read 10 bytes: '7E'[0m
[0;32mI (468172) RX_TASK: Read 10 bytes: 'FF'[0m
[0;32mI (468172) RX_TASK: Read 10 bytes: '06'[0m
[0;32mI (468172) RX_TASK: Read 10 bytes: '3B'[0m
[0;32mI (468172) RX_TASK: Read 10 bytes: '00'[0m
[0;32mI (468182) RX_TASK: Read 10 bytes: '00'[0m
[0;32mI (468182) RX_TASK: Read 10 bytes: '02'[0m
[0;32mI (468192) RX_TASK: Read 10 bytes: 'FE'[0m
[0;32mI (468192) RX_TASK: Read 10 bytes: 'BE'[0m
[0;32mI (468202) RX_TASK: Read 10 bytes: 'EF'[0m
[0;32mI (469162) RX_TASK: Read 10 bytes: '7E'[0m
[0;32mI (469162) RX_TASK: Read 10 bytes: 'FF'[0m
[0;32mI (469162) RX_TASK: Read 10 bytes: '06'[0m
[0;32mI (469172) RX_TASK: Read 10 bytes: '3A'[0m
[0;32mI (469172) RX_TASK: Read 10 bytes: '00'[0m
[0;32mI (469172) RX_TASK: Read 10 bytes: '00'[0m
[0;32mI (469182) RX_TASK: Read 10 bytes: '02'[0m
[0;32mI (469182) RX_TASK: Read 10 bytes: 'FE'[0m
[0;32mI (469192) RX_TASK: Read 10 bytes: 'BF'[0m
[0;32mI (469192) RX_TASK: Read 10 bytes: 'EF'[0m
[0;32mI (469292) RX_TASK: Read 10 bytes: '7E'[0m
[0;32mI (469292) RX_TASK: Read 10 bytes: 'FF'[0m
[0;32mI (469292) RX_TASK: Read 10 bytes: '06'[0m
[0;32mI (469292) RX_TASK: Read 10 bytes: '3F'[0m
[0;32mI (469302) RX_TASK: Read 10 bytes: '00'[0m
[0;32mI (469302) RX_TASK: Read 10 bytes: '00'[0m
[0;32mI (469312) RX_TASK: Read 10 bytes: '02'[0m
[0;32mI (469312) RX_TASK: Read 10 bytes: 'FE'[0m
[0;32mI (469322) RX_TASK: Read 10 bytes: 'BA'[0m
[0;32mI (469322) RX_TASK: Read 10 bytes: 'EF'[0m
