(POWERON_RES[0m
[0;32mI (44) boot.esp32: SPI Mode       : DIO[0m
[0;32mI (49) boot.esp32: SPI Flash Size : 4MB[0m
[0;32mI (53) boot: Enabling RNG early entrï¿½ets Jun  8 2016 00:22:57

rst:0x1 (POWERON_RESET),boot:0x13 (SPI_FAST_FLASH_BOOT)
configsip: 0, SPIWP:0xee
clk_drv:0x00,q_drv:0x00,d_drv:0x00,cs0_drv:0x00,hd_drv:0x00,wp_drv:0x00
mode:DIO, clock div:2
load:0x3fff0030,len:7084
ho 0 tail 12 room 4
load:0x40078000,len:15584
load:0x40080400,len:4
load:0x40080404,len:3876
entry 0x4008064c
[0;32mI (31) boot: ESP-IDF v5.1.2-dirty 2nd stage bootloader[0m
[0;32mI (31) boot: compile time May 22 2024 21:43:34[0m
[0;32mI (31) boot: Multicore bootloader[0m
[0;32mI (36) boot: chip revision: v1.0[0m
[0;32mI (40) boot.esp32: SPI Speed      : 40MHz[0m
[0;32mI (44) boot.esp32: SPI Mode       : DIO[0m
[0;32mI (49) boot.esp32: SPI Flash Size : 4MB[0m
[0;32mI (53) boot: Enabling RNG early entropy source...[0m
[0;32mI (59) boot: Partition Table:[0m
[0;32mI (62) boot: ## Label            Usage          Type ST Offset   Length[0m
[0;32mI (70) boot:  0 nvs              WiFi data        01 02 00009000 00006000[0m
[0;32mI (77) boot:  1 phy_init         RF data          01 01 0000f000 00001000[0m
[0;32mI (84) boot:  2 factory          factory app      00 00 00010000 00100000[0m
[0;32mI (92) boot: End of partition table[0m
[0;32mI (96) esp_image: segment 0: paddr=00010020 vaddr=3f400020 size=261c4h (156100) map[0m
[0;32mI (161) esp_image: segment 1: paddr=000361ec vaddr=3ffb0000 size=03b44h ( 15172) load[0m
[0;32mI (167) esp_image: segment 2: paddr=00039d38 vaddr=40080000 size=062e0h ( 25312) load[0m
[0;32mI (178) esp_image: segment 3: paddr=00040020 vaddr=400d0020 size=9ecb8h (650424) map[0m
[0;32mI (413) esp_image: segment 4: paddr=000dece0 vaddr=400862e0 size=106c4h ( 67268) load[0m
[0;32mI (453) boot: Loaded app from partition at offset 0x10000[0m
[0;32mI (453) boot: Disabling RNG early entropy source...[0m
[0;32mI (464) cpu_start: Multicore app[0m
[0;32mI (465) cpu_start: Pro cpu up.[0m
[0;32mI (465) cpu_start: Starting app cpu, entry point is 0x4008146c[0m
[0;32mI (0) cpu_start: App cpu up.[0m
[0;32mI (482) cpu_start: Pro cpu start user code[0m
[0;32mI (483) cpu_start: cpu freq: 160000000 Hz[0m
[0;32mI (483) cpu_start: Application information:[0m
[0;32mI (487) cpu_start: Project name:     IoT_Speaker[0m
[0;32mI (493) cpu_start: App version:      f46fe8d-dirty[0m
[0;32mI (498) cpu_start: Compile time:     May 22 2024 21:43:10[0m
[0;32mI (504) cpu_start: ELF file SHA256:  fe072d1d87d643ed...[0m
[0;32mI (510) cpu_start: ESP-IDF:          v5.1.2-dirty[0m
[0;32mI (515) cpu_start: Min chip rev:     v0.0[0m
[0;32mI (520) cpu_start: Max chip rev:     v3.99 [0m
[0;32mI (525) cpu_start: Chip rev:         v1.0[0m
[0;32mI (530) heap_init: Initializing. RAM available for dynamic allocation:[0m
[0;32mI (537) heap_init: At 3FFAE6E0 len 00001920 (6 KiB): DRAM[0m
[0;32mI (543) heap_init: At 3FFB81E8 len 00027E18 (159 KiB): DRAM[0m
[0;32mI (549) heap_init: At 3FFE0440 len 00003AE0 (14 KiB): D/IRAM[0m
[0;32mI (556) heap_init: At 3FFE4350 len 0001BCB0 (111 KiB): D/IRAM[0m
[0;32mI (562) heap_init: At 400969A4 len 0000965C (37 KiB): IRAM[0m
[0;32mI (570) spi_flash: detected chip: generic[0m
[0;32mI (573) spi_flash: flash io: dio[0m
[0;32mI (578) app_start: Starting scheduler on CPU0[0m
[0;32mI (582) app_start: Starting scheduler on CPU1[0m
[0;32mI (582) main_task: Started on CPU0[0m
[0;32mI (592) main_task: Calling app_main()[0m
I (632) wifi:wifi driver task: 3ffc01b8, prio:23, stack:6656, core=0
I (642) wifi:wifi firmware version: 91b9630
I (652) wifi:wifi certification version: v7.0
I (652) wifi:config NVS flash: enabled
I (652) wifi:config nano formating: disabled
I (652) wifi:Init data frame dynamic rx buffer num: 32
I (652) wifi:Init static rx mgmt buffer num: 5
I (662) wifi:Init management short buffer num: 32
I (662) wifi:Init dynamic tx buffer num: 32
I (672) wifi:Init static rx buffer size: 1600
I (672) wifi:Init static rx buffer num: 10
I (672) wifi:Init dynamic rx buffer num: 32
[0;32mI (682) wifi_init: rx ba win: 6[0m
[0;32mI (682) wifi_init: tcpip mbox: 32[0m
[0;32mI (692) wifi_init: udp mbox: 6[0m
[0;32mI (692) wifi_init: tcp mbox: 6[0m
[0;32mI (692) wifi_init: tcp tx win: 5744[0m
[0;32mI (702) wifi_init: tcp rx win: 5744[0m
[0;32mI (702) wifi_init: tcp mss: 1440[0m
[0;32mI (712) wifi_init: WiFi IRAM OP enabled[0m
[0;32mI (712) wifi_init: WiFi RX IRAM OP enabled[0m
[0;32mI (802) phy_init: phy_version 4780,16b31a7,Sep 22 2023,20:42:16[0m
I (892) wifi:mode : sta (a4:e5:7c:f7:c2:fc)
I (902) wifi:enable tsf
[0;32mI (902) WIFI_EXAMPLE: wifi_init_sta finished.[0m
I (922) wifi:new:<11,0>, old:<1,0>, ap:<255,255>, sta:<11,0>, prof:1
I (922) wifi:state: init -> auth (b0)
I (1922) wifi:state: auth -> init (200)
I (1932) wifi:new:<11,0>, old:<11,0>, ap:<255,255>, sta:<11,0>, prof:1
[0;32mI (1932) WIFI_EXAMPLE: retry to connect to the AP[0m
[0;32mI (1932) WIFI_EXAMPLE: connect to the AP fail[0m
I (2022) wifi:new:<11,0>, old:<11,0>, ap:<255,255>, sta:<11,0>, prof:1
I (2022) wifi:state: init -> auth (b0)
I (3022) wifi:state: auth -> init (200)
I (3022) wifi:new:<11,0>, old:<11,0>, ap:<255,255>, sta:<11,0>, prof:1
[0;32mI (3032) WIFI_EXAMPLE: retry to connect to the AP[0m
[0;32mI (3032) WIFI_EXAMPLE: connect to the AP fail[0m
I (3162) wifi:new:<1,0>, old:<11,0>, ap:<255,255>, sta:<1,0>, prof:1
I (3162) wifi:state: init -> auth (b0)
I (4162) wifi:state: auth -> init (200)
I (4172) wifi:new:<1,0>, old:<1,0>, ap:<255,255>, sta:<1,0>, prof:1
[0;32mI (4172) WIFI_EXAMPLE: retry to connect to the AP[0m
[0;32mI (4172) WIFI_EXAMPLE: connect to the AP fail[0m
I (4182) wifi:new:<1,0>, old:<1,0>, ap:<255,255>, sta:<1,0>, prof:1
I (4182) wifi:state: init -> auth (b0)
I (5182) wifi:state: auth -> init (200)
I (5192) wifi:new:<1,0>, old:<1,0>, ap:<255,255>, sta:<1,0>, prof:1
[0;32mI (5192) WIFI_EXAMPLE: retry to connect to the AP[0m
[0;32mI (5192) WIFI_EXAMPLE: connect to the AP fail[0m
I (5842) wifi:new:<6,0>, old:<1,0>, ap:<255,255>, sta:<6,0>, prof:1
I (5842) wifi:state: init -> auth (b0)
I (6842) wifi:state: auth -> init (200)
I (6852) wifi:new:<6,0>, old:<6,0>, ap:<255,255>, sta:<6,0>, prof:1
[0;32mI (6852) WIFI_EXAMPLE: retry to connect to the AP[0m
[0;32mI (6852) WIFI_EXAMPLE: connect to the AP fail[0m
[0;32mI (9262) WIFI_EXAMPLE: connect to the AP fail[0m
