0xee
clk_dr) boot.esp32: SPI Flash Size : 4MB[0m
[0;32mI (53) boot: Enabling RNG early entropy source...[0m
[0;32mI (59) boot: Partition Table:[0m
[0;32mIï¿½ets Jun  8 2016 00:22:57

rst:0x1 (POWERON_RESET),boot:0x13 (SPI_FAST_FLASH_BOOT)
configsip: 0, SPIWP:0xee
clk_drv:0x00,q_drv:0x00,d_drv:0x00,cs0_drv:0x00,hd_drv:0x00,wp_drv:0x00
mode:DIO, clock div:2
load:0x3fff0030,len:7084
ho 0 tail 12 room 4
load:0x40078000,len:15584
load:0x40080400,len:4
load:0x40080404,len:3876
entry 0x4008064c
[0;32mI (31) boot: ESP-IDF v5.1.2-dirty 2nd stage bootloader[0m
[0;32mI (31) boot: compile time May 22 2024 21:43:34[0m
[0;32mI (31) boot: Multicore bootloader[0m
[0;32mI (36) boot: chip revision: v1.0[0m
[0;32mI (40) boot.esp32: SPI Speed      : 40MHz[0m
[0;32mI (44) boot.esp32: SPI Mode       : DIO[0m
[0;32mI (49) boot.esp32: SPI Flash Size : 4MB[0m
[0;32mI (53) boot: Enabling RNG early entropy source...[0m
[0;32mI (59) boot: Partition Table:[0m
[0;32mI (62) boot: ## Label            Usage          Type ST Offset   Length[0m
[0;32mI (70) boot:  0 nvs              WiFi data        01 02 00009000 00006000[0m
[0;32mI (77) boot:  1 phy_init         RF data          01 01 0000f000 00001000[0m
[0;32mI (84) boot:  2 factory          factory app      00 00 00010000 00100000[0m
[0;32mI (92) boot: End of partition table[0m
[0;32mI (96) esp_image: segment 0: paddr=00010020 vaddr=3f400020 size=26d2ch (159020) map[0m
[0;32mI (162) esp_image: segment 1: paddr=00036d54 vaddr=3ffb0000 size=03f74h ( 16244) load[0m
[0;32mI (169) esp_image: segment 2: paddr=0003acd0 vaddr=40080000 size=05348h ( 21320) load[0m
[0;32mI (178) esp_image: segment 3: paddr=00040020 vaddr=400d0020 size=a10e0h (659680) map[0m
[0;32mI (416) esp_image: segment 4: paddr=000e1108 vaddr=40085348 size=11d08h ( 72968) load[0m
[0;32mI (458) boot: Loaded app from partition at offset 0x10000[0m
[0;32mI (458) boot: Disabling RNG early entropy source...[0m
[0;32mI (470) cpu_start: Multicore app[0m
[0;32mI (470) cpu_start: Pro cpu up.[0m
[0;32mI (470) cpu_start: Starting app cpu, entry point is 0x400814a8[0m
[0;32mI (0) cpu_start: App cpu up.[0m
[0;32mI (488) cpu_start: Pro cpu start user code[0m
[0;32mI (488) cpu_start: cpu freq: 160000000 Hz[0m
[0;32mI (488) cpu_start: Application information:[0m
[0;32mI (493) cpu_start: Project name:     IoT_Speaker[0m
[0;32mI (498) cpu_start: App version:      9615e84-dirty[0m
[0;32mI (504) cpu_start: Compile time:     Jun 10 2024 12:10:42[0m
[0;32mI (510) cpu_start: ELF file SHA256:  284216b523aa39bf...[0m
[0;32mI (516) cpu_start: ESP-IDF:          v5.1.2-dirty[0m
[0;32mI (521) cpu_start: Min chip rev:     v0.0[0m
[0;32mI (526) cpu_start: Max chip rev:     v3.99 [0m
[0;32mI (531) cpu_start: Chip rev:         v1.0[0m
[0;32mI (536) heap_init: Initializing. RAM available for dynamic allocation:[0m
[0;32mI (543) heap_init: At 3FFAE6E0 len 00001920 (6 KiB): DRAM[0m
[0;32mI (549) heap_init: At 3FFB8A90 len 00027570 (157 KiB): DRAM[0m
[0;32mI (555) heap_init: At 3FFE0440 len 00003AE0 (14 KiB): D/IRAM[0m
[0;32mI (561) heap_init: At 3FFE4350 len 0001BCB0 (111 KiB): D/IRAM[0m
[0;32mI (568) heap_init: At 40097050 len 00008FB0 (35 KiB): IRAM[0m
[0;32mI (576) spi_flash: detected chip: generic[0m
[0;32mI (579) spi_flash: flash io: dio[0m
[0;32mI (584) app_start: Starting scheduler on CPU0[0m
[0;32mI (588) app_start: Starting scheduler on CPU1[0m
[0;32mI (588) main_task: Started on CPU0[0m
[0;32mI (598) main_task: Calling app_main()[0m
I (658) wifi:wifi driver task: 3ffc0c2c, prio:23, stack:6656, core=0
I (678) wifi:wifi firmware version: 91b9630
I (678) wifi:wifi certification version: v7.0
I (678) wifi:config NVS flash: enabled
I (678) wifi:config nano formating: disabled
I (678) wifi:Init data frame dynamic rx buffer num: 32
I (688) wifi:Init static rx mgmt buffer num: 5
I (688) wifi:Init management short buffer num: 32
I (688) wifi:Init dynamic tx buffer num: 32
I (698) wifi:Init static rx buffer size: 1600
I (698) wifi:Init static rx buffer num: 10
I (708) wifi:Init dynamic rx buffer num: 32
[0;32mI (708) wifi_init: rx ba win: 6[0m
[0;32mI (708) wifi_init: tcpip mbox: 32[0m
[0;32mI (718) wifi_init: udp mbox: 6[0m
[0;32mI (718) wifi_init: tcp mbox: 6[0m
[0;32mI (718) wifi_init: tcp tx win: 5744[0m
[0;32mI (728) wifi_init: tcp rx win: 5744[0m
[0;32mI (728) wifi_init: tcp mss: 1440[0m
[0;32mI (738) wifi_init: WiFi IRAM OP enabled[0m
[0;32mI (738) wifi_init: WiFi RX IRAM OP enabled[0m
[0;32mI (748) phy_init: phy_version 4780,16b31a7,Sep 22 2023,20:42:16[0m
I (838) wifi:mode : sta (a4:e5:7c:f7:c2:fc)
I (838) wifi:enable tsf
[0;32mI (838) WIFI_EXAMPLE: wifi_init_sta finished.[0m
[0;32mI (838) SSD1306: Legacy i2c driver is used[0m
[0;32mI (848) gpio: GPIO[15]| InputEn: 0| OutputEn: 0| OpenDrain: 0| Pullup: 1| Pulldown: 0| Intr:0 [0m
I (858) wifi:new:<1,0>, old:<1,0>, ap:<255,255>, sta:<1,0>, prof:1
I (868) wifi:state: init -> auth (b0)
[0;32mI (898) SSD1306: OLED configured successfully[0m
I (938) wifi:state: auth -> assoc (0)
I (948) wifi:state: assoc -> run (10)
I (988) wifi:connected with KTMT - SinhVien, aid = 2, channel 1, BW20, bssid = 62:bf:1e:f1:2e:8e
I (988) wifi:security: WPA2-PSK, phy: bgn, rssi: -57
I (998) wifi:pm start, type: 1

I (1068) wifi:AP's beacon interval = 102400 us, DTIM period = 2
I (1278) wifi:<ba-add>idx:0 (ifx:0, 62:bf:1e:f1:2e:8e), tid:0, ssn:0, winSize:64
[0;32mI (1998) esp_netif_handlers: sta ip: 192.168.155.93, mask: 255.255.255.0, gw: 192.168.155.1[0m
[0;32mI (1998) WIFI_EXAMPLE: got ip:192.168.155.93[0m
[0;32mI (2018) MQTT: Other event id:7[0m
I (2518) wifi:<ba-add>idx:1 (ifx:0, 62:bf:1e:f1:2e:8e), tid:7, ssn:0, winSize:64
[0;32mI (3938) MQTT: MQTT_EVENT_CONNECTED[0m
[0;32mI (3938) MQTT: sent subscribe successful, msg_id=54203[0m
[0;32mI (4348) MQTT: MQTT_EVENT_SUBSCRIBED, msg_id=54203[0m
[0;32mI (27698) MQTT: MQTT_EVENT_DATA[0m
TOPIC=esp_sub
DATA={"finished":false,"loop":false,"play":false,"songID":0,"stop":false,"volume":7}
CURRENT VALUE
finished: 0
play: 0
songID: 0
volume: 65535
stop: 0
RECEIVED VALUE
finished: 0
play: 0
songID: 0
volume: 7
stop: 0

set volume[0;32mI (28808) ESP32: Send data[0m
7E FF 06 06 00 00 15 FE E0 EF 
[0;32mI (34558) MQTT: MQTT_EVENT_DATA[0m
TOPIC=esp_sub
DATA={"finished":false,"loop":false,"play":true,"songID":1,"stop":false,"volume":7}
CURRENT VALUE
finished: 0
play: 0
songID: 0
volume: 7
stop: 0
RECEIVED VALUE
finished: 0
play: 1
songID: 1
volume: 7
stop: 0
[0;32mI (34668) MQTT: Published data to MQTT broker, msg_id=0[0m
[0;32mI (34668) MQTT: Published data to MQTT broker, msg_id=0[0m
[0;32mI (35678) ESP32: Send data[0m
7E FF 06 03 00 00 01 FE F7 EF 
[0;32mI (48898) MQTT: MQTT_EVENT_DATA[0m
TOPIC=esp_sub
DATA={"finished":false,"loop":false,"play":true,"songID":1,"stop":true,"volume":7}
CURRENT VALUE
finished: 0
play: 1
songID: 1
volume: 7
stop: 0
RECEIVED VALUE
finished: 0
play: 1
songID: 1
volume: 7
stop: 1

 Stop[0;32mI (49008) MQTT: Published data to MQTT broker, msg_id=0[0m
[0;32mI (50008) ESP32: Send data[0m
7E FF 06 16 00 00 00 FE E5 EF 
[0;32mI (51148) MQTT: MQTT_EVENT_DATA[0m
TOPIC=esp_sub
DATA={"finished":false,"loop":false,"play":false,"songID":0,"stop":false,"volume":7}
CURRENT VALUE
finished: 0
play: 1
songID: 1
volume: 7
stop: 1
RECEIVED VALUE
finished: 0
play: 0
songID: 0
volume: 7
stop: 0
[0;32mI (52378) MQTT: MQTT_EVENT_DATA[0m
TOPIC=esp_sub
DATA={"finished":false,"loop":false,"play":true,"songID":3,"stop":false,"volume":7}
CURRENT VALUE
finished: 0
play: 0
songID: 0
volume: 7
stop: 0
RECEIVED VALUE
finished: 0
play: 1
songID: 3
volume: 7
stop: 0
[0;32mI (52488) MQTT: Published data to MQTT broker, msg_id=0[0m
[0;32mI (52488) MQTT: Published data to MQTT broker, msg_id=0[0m
[0;32mI (53488) ESP32: Send data[0m
7E FF 06 03 00 00 03 FE F5 EF 
[0;32mI (225948) MQTT: MQTT_EVENT_DATA[0m
TOPIC=esp_sub
DATA={"finished":false,"loop":false,"play":true,"songID":3,"stop":false,"volume":4}
CURRENT VALUE
finished: 0
play: 1
songID: 3
volume: 7
stop: 0
RECEIVED VALUE
finished: 0
play: 1
songID: 3
volume: 4
stop: 0

set volume[0;32mI (227058) ESP32: Send data[0m
7E FF 06 06 00 00 0C FE E9 EF 
[0;32mI (228058) MQTT: MQTT_EVENT_DATA[0m
TOPIC=esp_sub
DATA={"finished":false,"loop":false,"play":true,"songID":3,"stop":false,"volume":2}
CURRENT VALUE
finished: 0
play: 1
songID: 3
volume: 4
stop: 0
RECEIVED VALUE
finished: 0
play: 1
songID: 3
volume: 2
stop: 0

set volume[0;32mI (229168) ESP32: Send data[0m
7E FF 06 06 00 00 06 FE EF EF 
[0;32mI (277588) RX_TASK: Read 10 bytes: '7E'[0m
[0;32mI (277588) RX_TASK: Read 10 bytes: 'FF'[0m
[0;32mI (277588) RX_TASK: Read 10 bytes: '06'[0m
[0;32mI (277588) RX_TASK: Read 10 bytes: '3D'[0m
[0;32mI (277588) RX_TASK: Read 10 bytes: '00'[0m
[0;32mI (277598) RX_TASK: Read 10 bytes: '00'[0m
[0;32mI (277598) RX_TASK: Read 10 bytes: '03'[0m
[0;32mI (277608) RX_TASK: Read 10 bytes: 'FE'[0m
[0;32mI (277608) RX_TASK: Read 10 bytes: 'BB'[0m
[0;32mI (277618) RX_TASK: Read 10 bytes: 'EF'[0m
