	ï¿½Í…ï¿½ï¿½ï¿½         Type ST Offset   Length[0m
[0;32mI (51) boot:  0 nvs             [0;32mI (13) boot: ESP-IDF v5.1.2-dirty 2nd stage bootloader[0m
[0;32mI (13) boot: compile time May 20 2024 14:37:48[0m
[0;32mI (13) boot: Multicore bootloader[0m
[0;32mI (17) boot: chip revision: v1.0[0m
[0;32mI (21) boot.esp32: SPI Speed      : 40MHz[0m
[0;32mI (25) boot.esp32: SPI Mode       : DIO[0m
[0;32mI (30) boot.esp32: SPI Flash Size : 2MB[0m
[0;32mI (34) boot: Enabling RNG early entropy source...[0m
[0;32mI (40) boot: Partition Table:[0m
[0;32mI (43) boot: ## Label            Usage          Type ST Offset   Length[0m
[0;32mI (51) boot:  0 nvs              WiFi data        01 02 00009000 00006000[0m
[0;32mI (58) boot:  1 phy_init         RF data          01 01 0000f000 00001000[0m
[0;32mI (66) boot:  2 factory          factory app      00 00 00010000 00100000[0m
[0;32mI (73) boot: End of partition table[0m
[0;32mI (77) esp_image: segment 0: paddr=00010020 vaddr=3f400020 size=26024h (155684) map[0m
[0;32mI (142) esp_image: segment 1: paddr=0003604c vaddr=3ffb0000 size=03b44h ( 15172) load[0m
[0;32mI (148) esp_image: segment 2: paddr=00039b98 vaddr=40080000 size=06480h ( 25728) load[0m
[0;32mI (159) esp_image: segment 3: paddr=00040020 vaddr=400d0020 size=9e7f4h (649204) map[0m
[0;32mI (394) esp_image: segment 4: paddr=000de81c vaddr=40086480 size=10524h ( 66852) load[0m
[0;32mI (433) boot: Loaded app from partition at offset 0x10000[0m
[0;32mI (433) boot: Disabling RNG early entropy source...[0m
[0;32mI (445) cpu_start: Multicore app[0m
[0;32mI (445) cpu_start: Pro cpu up.[0m
[0;32mI (445) cpu_start: Starting app cpu, entry point is 0x4008146c[0m
[0;32mI (0) cpu_start: App cpu up.[0m
[0;32mI (463) cpu_start: Pro cpu start user code[0m
[0;32mI (463) cpu_start: cpu freq: 160000000 Hz[0m
[0;32mI (463) cpu_start: Application information:[0m
[0;32mI (468) cpu_start: Project name:     IoT_Speaker[0m
[0;32mI (473) cpu_start: App version:      f46fe8d[0m
[0;32mI (478) cpu_start: Compile time:     May 20 2024 14:37:10[0m
[0;32mI (484) cpu_start: ELF file SHA256:  6873b96357b2304c...[0m
[0;32mI (490) cpu_start: ESP-IDF:          v5.1.2-dirty[0m
[0;32mI (495) cpu_start: Min chip rev:     v0.0[0m
[0;32mI (500) cpu_start: Max chip rev:     v3.99 [0m
[0;32mI (505) cpu_start: Chip rev:         v1.0[0m
[0;32mI (510) heap_init: Initializing. RAM available for dynamic allocation:[0m
[0;32mI (517) heap_init: At 3FFAE6E0 len 00001920 (6 KiB): DRAM[0m
[0;32mI (523) heap_init: At 3FFB81E8 len 00027E18 (159 KiB): DRAM[0m
[0;32mI (529) heap_init: At 3FFE0440 len 00003AE0 (14 KiB): D/IRAM[0m
[0;32mI (536) heap_init: At 3FFE4350 len 0001BCB0 (111 KiB): D/IRAM[0m
[0;32mI (542) heap_init: At 400969A4 len 0000965C (37 KiB): IRAM[0m
[0;32mI (550) spi_flash: detected chip: generic[0m
[0;32mI (553) spi_flash: flash io: dio[0m
[0;33mW (557) spi_flash: Detected size(4096k) larger than the size in the binary image header(2048k). Using the size in the binary image header.[0m
[0;32mI (571) app_start: Starting scheduler on CPU0[0m
[0;32mI (575) app_start: Starting scheduler on CPU1[0m
[0;32mI (575) main_task: Started on CPU0[0m
[0;32mI (585) main_task: Calling app_main()[0m
I (635) wifi:wifi driver task: 3ffc0134, prio:23, stack:6656, core=0
I (645) wifi:wifi firmware version: 91b9630
I (645) wifi:wifi certification version: v7.0
I (645) wifi:config NVS flash: enabled
I (645) wifi:config nano formating: disabled
I (655) wifi:Init data frame dynamic rx buffer num: 32
I (655) wifi:Init static rx mgmt buffer num: 5
I (665) wifi:Init management short buffer num: 32
I (665) wifi:Init dynamic tx buffer num: 32
I (675) wifi:Init static rx buffer size: 1600
I (675) wifi:Init static rx buffer num: 10
I (675) wifi:Init dynamic rx buffer num: 32
[0;32mI (685) wifi_init: rx ba win: 6[0m
[0;32mI (685) wifi_init: tcpip mbox: 32[0m
[0;32mI (695) wifi_init: udp mbox: 6[0m
[0;32mI (695) wifi_init: tcp mbox: 6[0m
[0;32mI (695) wifi_init: tcp tx win: 5744[0m
[0;32mI (705) wifi_init: tcp rx win: 5744[0m
[0;32mI (705) wifi_init: tcp mss: 1440[0m
[0;32mI (715) wifi_init: WiFi IRAM OP enabled[0m
[0;32mI (715) wifi_init: WiFi RX IRAM OP enabled[0m
[0;32mI (725) phy_init: phy_version 4780,16b31a7,Sep 22 2023,20:42:16[0m
I (835) wifi:mode : sta (a4:e5:7c:f7:c2:fc)
I (835) wifi:enable tsf
[0;32mI (845) WIFI_EXAMPLE: wifi_init_sta finished.[0m
[0;32mI (1845) ESP32: Send data[0m
7E FF 06 06 00 00 15 FE E0 EF 
[0;32mI (3255) WIFI_EXAMPLE: retry to connect to the AP[0m
[0;32mI (3255) WIFI_EXAMPLE: connect to the AP fail[0m
[0;32mI (3845) ESP32: Send data[0m
7E FF 06 12 00 00 01 FE E8 EF 
[0;32mI (5675) WIFI_EXAMPLE: retry to connect to the AP[0m
[0;32mI (5675) WIFI_EXAMPLE: connect to the AP fail[0m
[0;32mI (8085) WIFI_EXAMPLE: retry to connect to the AP[0m
[0;32mI (8085) WIFI_EXAMPLE: connect to the AP fail[0m
[0;32mI (9845) ESP32: Send data[0m
[0;32mI (10495) WIFI_EXAMPLE: retry to connect to the AP[0m
[0;32mI (10495) WIFI_EXAMPLE: connect to the AP fail[0m
7E FF 06 01 00 00 00 FE FA EF 
[0;32mI (12915) WIFI_EXAMPLE: retry to connect to the AP[0m
[0;32mI (12915) WIFI_EXAMPLE: connect to the AP fail[0m
[0;32mI (15325) WIFI_EXAMPLE: connect to the AP fail[0m
