(POWERON_RESï¿½[Cï¿½ï¿½+Úšï¿½j%ï¿½(44) boot.esp32: SPI Mode       : DIO[0m
[0;32mI (49) boot.esp32: SPI Flash Size : 4MB[0m
[0;32mI (53) boot: Enabling RNG early entroï¿½ets Jun  8 2016 00:22:57

rst:0x1 (POWERON_RESET),boot:0x13 (SPI_FAST_FLASH_BOOT)
configsip: 0, SPIWP:0xee
clk_drv:0x00,q_drv:0x00,d_drv:0x00,cs0_drv:0x00,hd_drv:0x00,wp_drv:0x00
mode:DIO, clock div:2
load:0x3fff0030,len:7084
ho 0 tail 12 room 4
load:0x40078000,len:15584
load:0x40080400,len:4
load:0x40080404,len:3876
entry 0x4008064c
[0;32mI (31) boot: ESP-IDF v5.1.2-dirty 2nd stage bootloader[0m
[0;32mI (31) boot: compile time May 22 2024 21:43:34[0m
[0;32mI (31) boot: Multicore bootloader[0m
[0;32mI (36) boot: chip revision: v1.0[0m
[0;32mI (39) boot.esp32: SPI Speed      : 40MHz[0m
[0;32mI (44) boot.esp32: SPI Mode       : DIO[0m
[0;32mI (49) boot.esp32: SPI Flash Size : 4MB[0m
[0;32mI (53) boot: Enabling RNG early entropy source...[0m
[0;32mI (59) boot: Partition Table:[0m
[0;32mI (62) boot: ## Label            Usage          Type ST Offset   Length[0m
[0;32mI (69) boot:  0 nvs              WiFi data        01 02 00009000 00006000[0m
[0;32mI (77) boot:  1 phy_init         RF data          01 01 0000f000 00001000[0m
[0;32mI (84) boot:  2 factory          factory app      00 00 00010000 00100000[0m
[0;32mI (92) boot: End of partition table[0m
[0;32mI (96) esp_image: segment 0: paddr=00010020 vaddr=3f400020 size=26d6ch (159084) map[0m
[0;32mI (162) esp_image: segment 1: paddr=00036d94 vaddr=3ffb0000 size=03f74h ( 16244) load[0m
[0;32mI (169) esp_image: segment 2: paddr=0003ad10 vaddr=40080000 size=05308h ( 21256) load[0m
[0;32mI (178) esp_image: segment 3: paddr=00040020 vaddr=400d0020 size=a116ch (659820) map[0m
[0;32mI (416) esp_image: segment 4: paddr=000e1194 vaddr=40085308 size=11d48h ( 73032) load[0m
[0;32mI (458) boot: Loaded app from partition at offset 0x10000[0m
[0;32mI (458) boot: Disabling RNG early entropy source...[0m
[0;32mI (470) cpu_start: Multicore app[0m
[0;32mI (470) cpu_start: Pro cpu up.[0m
[0;32mI (470) cpu_start: Starting app cpu, entry point is 0x400814a8[0m
[0;32mI (0) cpu_start: App cpu up.[0m
[0;32mI (488) cpu_start: Pro cpu start user code[0m
[0;32mI (488) cpu_start: cpu freq: 160000000 Hz[0m
[0;32mI (488) cpu_start: Application information:[0m
[0;32mI (493) cpu_start: Project name:     IoT_Speaker[0m
[0;32mI (498) cpu_start: App version:      9615e84-dirty[0m
[0;32mI (504) cpu_start: Compile time:     Jun 10 2024 12:10:42[0m
[0;32mI (510) cpu_start: ELF file SHA256:  5a2f118081f30fda...[0m
[0;32mI (516) cpu_start: ESP-IDF:          v5.1.2-dirty[0m
[0;32mI (521) cpu_start: Min chip rev:     v0.0[0m
[0;32mI (526) cpu_start: Max chip rev:     v3.99 [0m
[0;32mI (531) cpu_start: Chip rev:         v1.0[0m
[0;32mI (536) heap_init: Initializing. RAM available for dynamic allocation:[0m
[0;32mI (543) heap_init: At 3FFAE6E0 len 00001920 (6 KiB): DRAM[0m
[0;32mI (549) heap_init: At 3FFB8A90 len 00027570 (157 KiB): DRAM[0m
[0;32mI (555) heap_init: At 3FFE0440 len 00003AE0 (14 KiB): D/IRAM[0m
[0;32mI (561) heap_init: At 3FFE4350 len 0001BCB0 (111 KiB): D/IRAM[0m
[0;32mI (568) heap_init: At 40097050 len 00008FB0 (35 KiB): IRAM[0m
[0;32mI (576) spi_flash: detected chip: generic[0m
[0;32mI (579) spi_flash: flash io: dio[0m
[0;32mI (584) app_start: Starting scheduler on CPU0[0m
[0;32mI (588) app_start: Starting scheduler on CPU1[0m
[0;32mI (588) main_task: Started on CPU0[0m
[0;32mI (598) main_task: Calling app_main()[0m
I (658) wifi:wifi driver task: 3ffc0ba8, prio:23, stack:6656, core=0
I (678) wifi:wifi firmware version: 91b9630
I (678) wifi:wifi certification version: v7.0
I (678) wifi:config NVS flash: enabled
I (678) wifi:config nano formating: disabled
I (678) wifi:Init data frame dynamic rx buffer num: 32
I (688) wifi:Init static rx mgmt buffer num: 5
I (688) wifi:Init management short buffer num: 32
I (688) wifi:Init dynamic tx buffer num: 32
I (698) wifi:Init static rx buffer size: 1600
I (698) wifi:Init static rx buffer num: 10
I (708) wifi:Init dynamic rx buffer num: 32
[0;32mI (708) wifi_init: rx ba win: 6[0m
[0;32mI (708) wifi_init: tcpip mbox: 32[0m
[0;32mI (718) wifi_init: udp mbox: 6[0m
[0;32mI (718) wifi_init: tcp mbox: 6[0m
[0;32mI (718) wifi_init: tcp tx win: 5744[0m
[0;32mI (728) wifi_init: tcp rx win: 5744[0m
[0;32mI (728) wifi_init: tcp mss: 1440[0m
[0;32mI (738) wifi_init: WiFi IRAM OP enabled[0m
[0;32mI (738) wifi_init: WiFi RX IRAM OP enabled[0m
[0;32mI (768) phy_init: phy_version 4780,16b31a7,Sep 22 2023,20:42:16[0m
I (858) wifi:mode : sta (a4:e5:7c:f7:c2:fc)
I (858) wifi:enable tsf
[0;32mI (858) WIFI_EXAMPLE: wifi_init_sta finished.[0m
[0;32mI (858) SSD1306: Legacy i2c driver is used[0m
[0;32mI (868) gpio: GPIO[15]| InputEn: 0| OutputEn: 0| OpenDrain: 0| Pullup: 1| Pulldown: 0| Intr:0 [0m
I (878) wifi:new:<1,0>, old:<1,0>, ap:<255,255>, sta:<1,0>, prof:1
I (878) wifi:state: init -> auth (b0)
I (898) wifi:state: auth -> assoc (0)
I (918) wifi:state: assoc -> run (10)
[0;32mI (938) SSD1306: OLED configured successfully[0m
I (978) wifi:connected with KTMT - SinhVien, aid = 5, channel 1, BW20, bssid = 62:bf:1e:f1:2e:8e
I (978) wifi:security: WPA2-PSK, phy: bgn, rssi: -55
I (988) wifi:pm start, type: 1

I (1048) wifi:AP's beacon interval = 102400 us, DTIM period = 2
I (1048) wifi:<ba-add>idx:0 (ifx:0, 62:bf:1e:f1:2e:8e), tid:0, ssn:0, winSize:64
[0;32mI (1988) esp_netif_handlers: sta ip: 192.168.155.93, mask: 255.255.255.0, gw: 192.168.155.1[0m
[0;32mI (1988) WIFI_EXAMPLE: got ip:192.168.155.93[0m
[0;32mI (2008) MQTT: Other event id:7[0m
I (2478) wifi:<ba-add>idx:1 (ifx:0, 62:bf:1e:f1:2e:8e), tid:7, ssn:0, winSize:64
[0;32mI (2908) MQTT: MQTT_EVENT_CONNECTED[0m
[0;32mI (2918) MQTT: sent subscribe successful, msg_id=14363[0m
[0;32mI (3298) MQTT: MQTT_EVENT_SUBSCRIBED, msg_id=14363[0m
[0;32mI (6888) MQTT: MQTT_EVENT_DATA[0m
TOPIC=esp_sub
DATA={"finished":false,"loop":false,"play":true,"songID":2,"stop":false,"volume":2}
CURRENT VALUE
finished: 0
play: 0
songID: 0
volume: -1
stop: 0
RECEIVED VALUE
finished: 0
play: 1
songID: 2
volume: 2
stop: 0

Play song id and set volume[0;32mI (6908) MQTT: Published data to MQTT broker, msg_id=0[0m
[0;32mI (6908) MQTT: Published data to MQTT broker, msg_id=0[0m
[0;32mI (7918) ESP32: Send data[0m
7E FF 06 06 00 00 06 FE EF EF 
[0;32mI (9918) ESP32: Send data[0m
7E FF 06 03 00 00 02 FE F6 EF 
[0;32mI (21348) MQTT: MQTT_EVENT_DATA[0m
TOPIC=esp_sub
DATA={"finished":false,"loop":false,"play":true,"songID":2,"stop":false,"volume":9}
CURRENT VALUE
finished: 0
play: 1
songID: 2
volume: 2
stop: 0
RECEIVED VALUE
finished: 0
play: 1
songID: 2
volume: 9
stop: 0

set volume[0;32mI (22358) ESP32: Send data[0m
7E FF 06 06 00 00 1B FE DA EF 
[0;32mI (25838) MQTT: MQTT_EVENT_DATA[0m
TOPIC=esp_sub
DATA={"finished":false,"loop":false,"play":true,"songID":2,"stop":false,"volume":6}
CURRENT VALUE
finished: 0
play: 1
songID: 2
volume: 9
stop: 0
RECEIVED VALUE
finished: 0
play: 1
songID: 2
volume: 6
stop: 0

set volume[0;32mI (26848) ESP32: Send data[0m
7E FF 06 06 00 00 12 FE E3 EF 
[0;32mI (34638) MQTT: MQTT_EVENT_DATA[0m
TOPIC=esp_sub
DATA={"finished":false,"loop":false,"play":true,"songID":2,"stop":false,"volume":3}
CURRENT VALUE
finished: 0
play: 1
songID: 2
volume: 6
stop: 0
RECEIVED VALUE
finished: 0
play: 1
songID: 2
volume: 3
stop: 0

set volume[0;32mI (35648) ESP32: Send data[0m
7E FF 06 06 00 00 09 FE EC EF 
[0;32mI (44158) MQTT: MQTT_EVENT_DATA[0m
TOPIC=esp_sub
DATA={"finished":false,"loop":false,"play":true,"songID":2,"stop":false,"volume":10}
CURRENT VALUE
finished: 0
play: 1
songID: 2
volume: 3
stop: 0
RECEIVED VALUE
finished: 0
play: 1
songID: 2
volume: 10
stop: 0

set volume[0;32mI (45178) ESP32: Send data[0m
7E FF 06 06 00 00 1E FE D7 EF 
[0;32mI (49078) MQTT: MQTT_EVENT_DATA[0m
TOPIC=esp_sub
DATA={"finished":false,"loop":false,"play":true,"songID":2,"stop":false,"volume":5}
CURRENT VALUE
finished: 0
play: 1
songID: 2
volume: 10
stop: 0
RECEIVED VALUE
finished: 0
play: 1
songID: 2
volume: 5
stop: 0

set volume[0;32mI (50088) ESP32: Send data[0m
7E FF 06 06 00 00 0F FE E6 EF 
[0;32mI (51098) MQTT: MQTT_EVENT_DATA[0m
TOPIC=esp_sub
DATA={"finished":false,"loop":false,"play":false,"songID":2,"stop":false,"volume":5}
CURRENT VALUE
finished: 0
play: 1
songID: 2
volume: 5
stop: 0
RECEIVED VALUE
finished: 0
play: 0
songID: 2
volume: 5
stop: 0

Pause[0;32mI (51108) MQTT: Published data to MQTT broker, msg_id=0[0m
[0;32mI (52118) ESP32: Send data[0m
7E FF 06 0E 00 00 00 FE ED EF 
[0;32mI (67098) MQTT: MQTT_EVENT_DATA[0m
TOPIC=esp_sub
DATA={"finished":false,"loop":false,"play":true,"songID":2,"stop":false,"volume":5}
CURRENT VALUE
finished: 0
play: 0
songID: 2
volume: 5
stop: 0
RECEIVED VALUE
finished: 0
play: 1
songID: 2
volume: 5
stop: 0

Resume[0;32mI (67118) MQTT: Published data to MQTT broker, msg_id=0[0m
[0;32mI (68118) ESP32: Send data[0m
7E FF 06 0D 00 00 00 FE EE EF 
[0;32mI (72008) MQTT: MQTT_EVENT_DATA[0m
TOPIC=esp_sub
DATA={"finished":false,"loop":false,"play":true,"songID":3,"stop":false,"volume":5}
CURRENT VALUE
finished: 0
play: 1
songID: 2
volume: 5
stop: 0
RECEIVED VALUE
finished: 0
play: 1
songID: 3
volume: 5
stop: 0
[0;32mI (72028) MQTT: Published data to MQTT broker, msg_id=0[0m
[0;32mI (72038) MQTT: Published data to MQTT broker, msg_id=0[0m
[0;32mI (73038) ESP32: Send data[0m
7E FF 06 03 00 00 03 FE F5 EF 
[0;32mI (74048) MQTT: MQTT_EVENT_DATA[0m
TOPIC=esp_sub
DATA={"finished":false,"loop":false,"play":false,"songID":0,"stop":false,"volume":5}
CURRENT VALUE
finished: 0
play: 1
songID: 3
volume: 5
stop: 0
RECEIVED VALUE
finished: 0
play: 0
songID: 0
volume: 5
stop: 0
[0;32mI (84048) RX_TASK: Read 10 bytes: '7E'[0m
[0;32mI (84048) RX_TASK: Read 10 bytes: 'FF'[0m
[0;32mI (84048) RX_TASK: Read 10 bytes: '06'[0m
[0;32mI (84048) RX_TASK: Read 10 bytes: '40'[0m
[0;32mI (84058) RX_TASK: Read 10 bytes: '00'[0m
[0;32mI (84058) RX_TASK: Read 10 bytes: '00'[0m
[0;32mI (84058) RX_TASK: Read 10 bytes: '03'[0m
[0;32mI (84068) RX_TASK: Read 10 bytes: 'FE'[0m
[0;32mI (84068) RX_TASK: Read 10 bytes: 'B8'[0m
[0;32mI (84078) RX_TASK: Read 10 bytes: 'EF'[0m
[0;32mI (136218) MQTT: MQTT_EVENT_DATA[0m
TOPIC=esp_sub
DATA={"finished":false,"loop":false,"play":true,"songID":5,"stop":false,"volume":5}
CURRENT VALUE
finished: 0
play: 0
songID: 0
volume: 5
stop: 0
RECEIVED VALUE
finished: 0
play: 1
songID: 5
volume: 5
stop: 0
[0;32mI (136238) MQTT: Published data to MQTT broker, msg_id=0[0m
[0;32mI (136238) MQTT: Published data to MQTT broker, msg_id=0[0m
[0;32mI (137248) ESP32: Send data[0m
7E FF 06 03 00 00 05 FE F3 EF 
[0;32mI (142048) MQTT: MQTT_EVENT_DATA[0m
TOPIC=esp_sub
DATA={"finished":false,"loop":false,"play":false,"songID":5,"stop":false,"volume":5}
CURRENT VALUE
finished: 0
play: 1
songID: 5
volume: 5
stop: 0
RECEIVED VALUE
finished: 0
play: 0
songID: 5
volume: 5
stop: 0

Pause[0;32mI (142068) MQTT: Published data to MQTT broker, msg_id=0[0m
[0;32mI (143078) ESP32: Send data[0m
7E FF 06 0E 00 00 00 FE ED EF 
[0;32mI (152708) MQTT: MQTT_EVENT_DATA[0m
TOPIC=esp_sub
DATA={"finished":false,"loop":false,"play":true,"songID":5,"stop":false,"volume":5}
CURRENT VALUE
finished: 0
play: 0
songID: 5
volume: 5
stop: 0
RECEIVED VALUE
finished: 0
play: 1
songID: 5
volume: 5
stop: 0

Resume[0;32mI (152718) MQTT: Published data to MQTT broker, msg_id=0[0m
[0;32mI (153728) ESP32: Send data[0m
7E FF 06 0D 00 00 00 FE EE EF 
[0;32mI (250798) MQTT: MQTT_EVENT_DATA[0m
TOPIC=esp_sub
DATA={"finished":false,"loop":false,"play":true,"songID":6,"stop":false,"volume":5}
CURRENT VALUE
finished: 0
play: 1
songID: 5
volume: 5
stop: 0
RECEIVED VALUE
finished: 0
play: 1
songID: 6
volume: 5
stop: 0
[0;32mI (250818) MQTT: Published data to MQTT broker, msg_id=0[0m
[0;32mI (250828) MQTT: Published data to MQTT broker, msg_id=0[0m
[0;32mI (251828) ESP32: Send data[0m
7E FF 06 03 00 00 06 FE F2 EF 
[0;32mI (266978) MQTT: MQTT_EVENT_DATA[0m
TOPIC=esp_sub
DATA={"finished":false,"loop":false,"play":true,"songID":7,"stop":false,"volume":5}
CURRENT VALUE
finished: 0
play: 1
songID: 6
volume: 5
stop: 0
RECEIVED VALUE
finished: 0
play: 1
songID: 7
volume: 5
stop: 0
[0;32mI (266998) MQTT: Published data to MQTT broker, msg_id=0[0m
[0;32mI (266998) MQTT: Published data to MQTT broker, msg_id=0[0m
[0;32mI (268008) ESP32: Send data[0m
7E FF 06 03 00 00 07 FE F1 EF 
[0;32mI (276708) MQTT: MQTT_EVENT_DATA[0m
TOPIC=esp_sub
DATA={"finished":false,"loop":false,"play":true,"songID":8,"stop":false,"volume":5}
CURRENT VALUE
finished: 0
play: 1
songID: 7
volume: 5
stop: 0
RECEIVED VALUE
finished: 0
play: 1
songID: 8
volume: 5
stop: 0
[0;32mI (276728) MQTT: Published data to MQTT broker, msg_id=0[0m
[0;32mI (276738) MQTT: Published data to MQTT broker, msg_id=0[0m
[0;32mI (277738) ESP32: Send data[0m
7E FF 06 03 00 00 08 FE F0 EF 
[0;32mI (278748) MQTT: MQTT_EVENT_DATA[0m
TOPIC=esp_sub
DATA={"finished":false,"loop":false,"play":true,"songID":9,"stop":false,"volume":5}
CURRENT VALUE
finished: 0
play: 1
songID: 8
volume: 5
stop: 0
RECEIVED VALUE
finished: 0
play: 1
songID: 9
volume: 5
stop: 0
[0;32mI (278768) MQTT: Published data to MQTT broker, msg_id=0[0m
[0;32mI (278778) MQTT: Published data to MQTT broker, msg_id=0[0m
[0;32mI (279778) ESP32: Send data[0m
7E FF 06 03 00 00 09 FE EF EF 
[0;32mI (280788) MQTT: MQTT_EVENT_DATA[0m
TOPIC=esp_sub
DATA={"finished":false,"loop":false,"play":true,"songID":10,"stop":false,"volume":5}
CURRENT VALUE
finished: 0
play: 1
songID: 9
volume: 5
stop: 0
RECEIVED VALUE
finished: 0
play: 1
songID: 10
volume: 5
stop: 0
[0;32mI (280808) MQTT: Published data to MQTT broker, msg_id=0[0m
[0;32mI (280808) MQTT: Published data to MQTT broker, msg_id=0[0m
[0;32mI (281818) ESP32: Send data[0m
7E FF 06 03 00 00 0A FE EE EF 
[0;32mI (282828) MQTT: MQTT_EVENT_DATA[0m
TOPIC=esp_sub
DATA={"finished":false,"loop":false,"play":true,"songID":1,"stop":false,"volume":5}
CURRENT VALUE
finished: 0
play: 1
songID: 10
volume: 5
stop: 0
RECEIVED VALUE
finished: 0
play: 1
songID: 1
volume: 5
stop: 0
[0;32mI (282848) MQTT: Published data to MQTT broker, msg_id=0[0m
[0;32mI (282848) MQTT: Published data to MQTT broker, msg_id=0[0m
[0;32mI (283858) ESP32: Send data[0m
7E FF 06 03 00 00 01 FE F7 EF 
[0;32mI (295348) MQTT: MQTT_EVENT_DATA[0m
TOPIC=esp_sub
DATA={"finished":false,"loop":false,"play":false,"songID":1,"stop":false,"volume":5}
CURRENT VALUE
finished: 0
play: 1
songID: 1
volume: 5
stop: 0
RECEIVED VALUE
finished: 0
play: 0
songID: 1
volume: 5
stop: 0

Pause[0;32mI (295368) MQTT: Published data to MQTT broker, msg_id=0[0m
[0;32mI (296368) ESP32: Send data[0m
7E FF 06 0E 00 00 00 FE ED EF 
[0;32mI (298208) MQTT: MQTT_EVENT_DATA[0m
TOPIC=esp_sub
DATA={"finished":false,"loop":false,"play":true,"songID":2,"stop":false,"volume":5}
CURRENT VALUE
finished: 0
play: 0
songID: 1
volume: 5
stop: 0
RECEIVED VALUE
finished: 0
play: 1
songID: 2
volume: 5
stop: 0
[0;32mI (298228) MQTT: Published data to MQTT broker, msg_id=0[0m
[0;32mI (298238) MQTT: Published data to MQTT broker, msg_id=0[0m
[0;32mI (299238) ESP32: Send data[0m
7E FF 06 03 00 00 02 FE F6 EF 
[0;32mI (325248) MQTT: MQTT_EVENT_DATA[0m
TOPIC=esp_sub
DATA={"finished":false,"loop":false,"play":true,"songID":3,"stop":false,"volume":5}
CURRENT VALUE
finished: 0
play: 1
songID: 2
volume: 5
stop: 0
RECEIVED VALUE
finished: 0
play: 1
songID: 3
volume: 5
stop: 0
[0;32mI (325258) MQTT: Published data to MQTT broker, msg_id=0[0m
[0;32mI (325268) MQTT: Published data to MQTT broker, msg_id=0[0m
[0;32mI (326268) ESP32: Send data[0m
7E FF 06 03 00 00 03 FE F5 EF 
[0;32mI (328118) MQTT: MQTT_EVENT_DATA[0m
TOPIC=esp_sub
DATA={"finished":false,"loop":false,"play":false,"songID":3,"stop":false,"volume":5}
CURRENT VALUE
finished: 0
play: 1
songID: 3
volume: 5
stop: 0
RECEIVED VALUE
finished: 0
play: 0
songID: 3
volume: 5
stop: 0

Pause[0;32mI (328138) MQTT: Published data to MQTT broker, msg_id=0[0m
[0;32mI (329138) ESP32: Send data[0m
7E FF 06 0E 00 00 00 FE ED EF 
[0;32mI (333438) MQTT: MQTT_EVENT_DATA[0m
TOPIC=esp_sub
DATA={"finished":false,"loop":false,"play":true,"songID":4,"stop":false,"volume":5}
CURRENT VALUE
finished: 0
play: 0
songID: 3
volume: 5
stop: 0
RECEIVED VALUE
finished: 0
play: 1
songID: 4
volume: 5
stop: 0
[0;32mI (333458) MQTT: Published data to MQTT broker, msg_id=0[0m
[0;32mI (333468) MQTT: Published data to MQTT broker, msg_id=0[0m
[0;32mI (334468) ESP32: Send data[0m
7E FF 06 03 00 00 04 FE F4 EF 
[0;32mI (346138) MQTT: MQTT_EVENT_DATA[0m
TOPIC=esp_sub
DATA={"finished":false,"loop":false,"play":false,"songID":4,"stop":false,"volume":5}
CURRENT VALUE
finished: 0
play: 1
songID: 4
volume: 5
stop: 0
RECEIVED VALUE
finished: 0
play: 0
songID: 4
volume: 5
stop: 0

Pause[0;32mI (346158) MQTT: Published data to MQTT broker, msg_id=0[0m
[0;32mI (347158) ESP32: Send data[0m
7E FF 06 0E 00 00 00 FE ED EF 
[0;32mI (348588) MQTT: MQTT_EVENT_DATA[0m
TOPIC=esp_sub
DATA={"finished":false,"loop":false,"play":true,"songID":4,"stop":false,"volume":5}
CURRENT VALUE
finished: 0
play: 0
songID: 4
volume: 5
stop: 0
RECEIVED VALUE
finished: 0
play: 1
songID: 4
volume: 5
stop: 0

Resume[0;32mI (348608) MQTT: Published data to MQTT broker, msg_id=0[0m
[0;32mI (349608) ESP32: Send data[0m
7E FF 06 0D 00 00 00 FE EE EF 
[0;32mI (351048) MQTT: MQTT_EVENT_DATA[0m
TOPIC=esp_sub
DATA={"finished":false,"loop":false,"play":true,"songID":3,"stop":false,"volume":5}
CURRENT VALUE
finished: 0
play: 1
songID: 4
volume: 5
stop: 0
RECEIVED VALUE
finished: 0
play: 1
songID: 3
volume: 5
stop: 0
[0;32mI (351068) MQTT: Published data to MQTT broker, msg_id=0[0m
[0;32mI (351068) MQTT: Published data to MQTT broker, msg_id=0[0m
[0;32mI (352078) ESP32: Send data[0m
7E FF 06 03 00 00 03 FE F5 EF 
[0;32mI (354538) MQTT: MQTT_EVENT_DATA[0m
TOPIC=esp_sub
DATA={"finished":false,"loop":false,"play":true,"songID":4,"stop":false,"volume":5}
CURRENT VALUE
finished: 0
play: 1
songID: 3
volume: 5
stop: 0
RECEIVED VALUE
finished: 0
play: 1
songID: 4
volume: 5
stop: 0
[0;32mI (354558) MQTT: Published data to MQTT broker, msg_id=0[0m
[0;32mI (354568) MQTT: Published data to MQTT broker, msg_id=0[0m
[0;32mI (355568) ESP32: Send data[0m
7E FF 06 03 00 00 04 FE F4 EF 
[0;32mI (358838) MQTT: MQTT_EVENT_DATA[0m
TOPIC=esp_sub
DATA={"finished":false,"loop":false,"play":false,"songID":4,"stop":false,"volume":5}
CURRENT VALUE
finished: 0
play: 1
songID: 4
volume: 5
stop: 0
RECEIVED VALUE
finished: 0
play: 0
songID: 4
volume: 5
stop: 0

Pause[0;32mI (358858) MQTT: Published data to MQTT broker, msg_id=0[0m
[0;32mI (359858) ESP32: Send data[0m
7E FF 06 0E 00 00 00 FE ED EF 
[0;32mI (360878) MQTT: MQTT_EVENT_DATA[0m
TOPIC=esp_sub
DATA={"finished":false,"loop":false,"play":false,"songID":0,"stop":false,"volume":5}
CURRENT VALUE
finished: 0
play: 0
songID: 4
volume: 5
stop: 0
RECEIVED VALUE
finished: 0
play: 0
songID: 0
volume: 5
stop: 0
