0xee
clk_dr	ï¿½ï¿½Ñ¹esp32: SPI Flash Size : 4MB[0m
[0;32mI (53) boot: Enabling RNG early entroï¿½ets Jun  8 2016 00:22:57

rst:0x1 (POWERON_RESET),boot:0x13 (SPI_FAST_FLASH_BOOT)
configsip: 0, SPIWP:0xee
clk_drv:0x00,q_drv:0x00,d_drv:0x00,cs0_drv:0x00,hd_drv:0x00,wp_drv:0x00
mode:DIO, clock div:2
load:0x3fff0030,len:7084
ho 0 tail 12 room 4
load:0x40078000,len:15584
load:0x40080400,len:4
load:0x40080404,len:3876
entry 0x4008064c
[0;32mI (31) boot: ESP-IDF v5.1.2-dirty 2nd stage bootloader[0m
[0;32mI (31) boot: compile time May 22 2024 21:43:34[0m
[0;32mI (31) boot: Multicore bootloader[0m
[0;32mI (36) boot: chip revision: v1.0[0m
[0;32mI (39) boot.esp32: SPI Speed      : 40MHz[0m
[0;32mI (44) boot.esp32: SPI Mode       : DIO[0m
[0;32mI (49) boot.esp32: SPI Flash Size : 4MB[0m
[0;32mI (53) boot: Enabling RNG early entropy source...[0m
[0;32mI (59) boot: Partition Table:[0m
[0;32mI (62) boot: ## Label            Usage          Type ST Offset   Length[0m
[0;32mI (69) boot:  0 nvs              WiFi data        01 02 00009000 00006000[0m
[0;32mI (77) boot:  1 phy_init         RF data          01 01 0000f000 00001000[0m
[0;32mI (84) boot:  2 factory          factory app      00 00 00010000 00100000[0m
[0;32mI (92) boot: End of partition table[0m
[0;32mI (96) esp_image: segment 0: paddr=00010020 vaddr=3f400020 size=26d84h (159108) map[0m
[0;32mI (162) esp_image: segment 1: paddr=00036dac vaddr=3ffb0000 size=03f74h ( 16244) load[0m
[0;32mI (169) esp_image: segment 2: paddr=0003ad28 vaddr=40080000 size=052f0h ( 21232) load[0m
[0;32mI (178) esp_image: segment 3: paddr=00040020 vaddr=400d0020 size=a1264h (660068) map[0m
[0;32mI (416) esp_image: segment 4: paddr=000e128c vaddr=400852f0 size=11d60h ( 73056) load[0m
[0;32mI (459) boot: Loaded app from partition at offset 0x10000[0m
[0;32mI (459) boot: Disabling RNG early entropy source...[0m
[0;32mI (470) cpu_start: Multicore app[0m
[0;32mI (470) cpu_start: Pro cpu up.[0m
[0;32mI (471) cpu_start: Starting app cpu, entry point is 0x400814a8[0m
[0;32mI (0) cpu_start: App cpu up.[0m
[0;32mI (488) cpu_start: Pro cpu start user code[0m
[0;32mI (488) cpu_start: cpu freq: 160000000 Hz[0m
[0;32mI (489) cpu_start: Application information:[0m
[0;32mI (493) cpu_start: Project name:     IoT_Speaker[0m
[0;32mI (498) cpu_start: App version:      d8a2ac6-dirty[0m
[0;32mI (504) cpu_start: Compile time:     Jun 10 2024 16:24:46[0m
[0;32mI (510) cpu_start: ELF file SHA256:  4eaab69a55c4cc3a...[0m
[0;32mI (516) cpu_start: ESP-IDF:          v5.1.2-dirty[0m
[0;32mI (521) cpu_start: Min chip rev:     v0.0[0m
[0;32mI (526) cpu_start: Max chip rev:     v3.99 [0m
[0;32mI (531) cpu_start: Chip rev:         v1.0[0m
[0;32mI (536) heap_init: Initializing. RAM available for dynamic allocation:[0m
[0;32mI (543) heap_init: At 3FFAE6E0 len 00001920 (6 KiB): DRAM[0m
[0;32mI (549) heap_init: At 3FFB8A90 len 00027570 (157 KiB): DRAM[0m
[0;32mI (555) heap_init: At 3FFE0440 len 00003AE0 (14 KiB): D/IRAM[0m
[0;32mI (561) heap_init: At 3FFE4350 len 0001BCB0 (111 KiB): D/IRAM[0m
[0;32mI (568) heap_init: At 40097050 len 00008FB0 (35 KiB): IRAM[0m
[0;32mI (576) spi_flash: detected chip: generic[0m
[0;32mI (579) spi_flash: flash io: dio[0m
[0;32mI (584) app_start: Starting scheduler on CPU0[0m
[0;32mI (588) app_start: Starting scheduler on CPU1[0m
[0;32mI (588) main_task: Started on CPU0[0m
[0;32mI (598) main_task: Calling app_main()[0m
I (658) wifi:wifi driver task: 3ffc0ba8, prio:23, stack:6656, core=0
I (678) wifi:wifi firmware version: 91b9630
I (678) wifi:wifi certification version: v7.0
I (678) wifi:config NVS flash: enabled
I (678) wifi:config nano formating: disabled
I (678) wifi:Init data frame dynamic rx buffer num: 32
I (688) wifi:Init static rx mgmt buffer num: 5
I (688) wifi:Init management short buffer num: 32
I (688) wifi:Init dynamic tx buffer num: 32
I (698) wifi:Init static rx buffer size: 1600
I (698) wifi:Init static rx buffer num: 10
I (708) wifi:Init dynamic rx buffer num: 32
[0;32mI (708) wifi_init: rx ba win: 6[0m
[0;32mI (708) wifi_init: tcpip mbox: 32[0m
[0;32mI (718) wifi_init: udp mbox: 6[0m
[0;32mI (718) wifi_init: tcp mbox: 6[0m
[0;32mI (718) wifi_init: tcp tx win: 5744[0m
[0;32mI (728) wifi_init: tcp rx win: 5744[0m
[0;32mI (728) wifi_init: tcp mss: 1440[0m
[0;32mI (738) wifi_init: WiFi IRAM OP enabled[0m
[0;32mI (738) wifi_init: WiFi RX IRAM OP enabled[0m
[0;32mI (748) phy_init: phy_version 4780,16b31a7,Sep 22 2023,20:42:16[0m
I (838) wifi:mode : sta (a4:e5:7c:f7:c2:fc)
I (838) wifi:enable tsf
[0;32mI (838) WIFI_EXAMPLE: wifi_init_sta finished.[0m
[0;32mI (838) SSD1306: Legacy i2c driver is used[0m
[0;32mI (848) gpio: GPIO[15]| InputEn: 0| OutputEn: 0| OpenDrain: 0| Pullup: 1| Pulldown: 0| Intr:0 [0m
I (858) wifi:new:<11,0>, old:<1,0>, ap:<255,255>, sta:<11,0>, prof:1
I (858) wifi:state: init -> auth (b0)
I (868) wifi:state: auth -> assoc (0)
I (868) wifi:state: assoc -> run (10)
[0;32mI (898) SSD1306: OLED configured successfully[0m
I (918) wifi:connected with Ebisu, aid = 1, channel 11, BW20, bssid = 52:77:05:8c:0d:72
I (918) wifi:security: WPA2-PSK, phy: bgn, rssi: -32
I (918) wifi:pm start, type: 1

I (928) wifi:<ba-add>idx:0 (ifx:0, 52:77:05:8c:0d:72), tid:0, ssn:2, winSize:64
I (1508) wifi:AP's beacon interval = 102400 us, DTIM period = 2
[0;32mI (1928) esp_netif_handlers: sta ip: 192.168.43.46, mask: 255.255.255.0, gw: 192.168.43.1[0m
[0;32mI (1928) WIFI_EXAMPLE: got ip:192.168.43.46[0m
[0;32mI (2038) MQTT: Other event id:7[0m
I (2678) wifi:<ba-add>idx:1 (ifx:0, 52:77:05:8c:0d:72), tid:4, ssn:0, winSize:64
[0;32mI (4388) MQTT: MQTT_EVENT_CONNECTED[0m
[0;32mI (4388) MQTT: sent subscribe successful, msg_id=59856[0m
[0;32mI (5098) MQTT: MQTT_EVENT_SUBSCRIBED, msg_id=59856[0m
[0;32mI (6948) MQTT: MQTT_EVENT_DATA[0m
TOPIC=esp_sub
DATA={"finished":false,"loop":false,"play":true,"songID":4,"stop":false,"volume":4}
CURRENT VALUE
finished: 0
play: 0
songID: -1
volume: -1
stop: 0
RECEIVED VALUE
finished: 0
play: 1
songID: 4
volume: 4
stop: 0

Play song id and set volume[0;32mI (6958) MQTT: Published data to MQTT broker, msg_id=0[0m
[0;32mI (7968) ESP32: Send data[0m
7E FF 06 06 00 00 0C FE E9 EF 
[0;32mI (9968) ESP32: Send data[0m
7E FF 06 03 00 00 04 FE F4 EF 
I (12058) wifi:state: run -> init (3c0)
I (12058) wifi:pm stop, total sleep time: 8877234 us / 11139045 us

I (12058) wifi:<ba-del>idx:0, tid:0
I (12058) wifi:<ba-del>idx:1, tid:4
I (12068) wifi:new:<11,0>, old:<11,0>, ap:<255,255>, sta:<11,0>, prof:1
[0;32mI (12078) WIFI_EXAMPLE: retry to connect to the AP[0m
[0;31mE (12078) transport_base: poll_read select error 113, errno = Software caused connection abort, fd = 54[0m
[0;31mE (12088) mqtt_client: Poll read error: 119, aborting connection[0m
I (12098) wifi:new:<11,0>, old:<11,0>, ap:<255,255>, sta:<11,0>, prof:1
[0;32mI (12098) MQTT: MQTT_EVENT_DISCONNECTED[0m
ESP_ERROR_CHECK failed: esp_err_t 0x103 (ESP_ERR_INVALID_STATE) at 0x400d7fe9
file: "./components/WiFi/wifi.c" line 55
func: wifi_init_sta
expression: esp_event_loop_create_default()

abort() was called at PC 0x4008a333 on core 1


Backtrace: 0x40081b0e:0x3ffcad50 0x4008a33d:0x3ffcad70 0x400915f6:0x3ffcad90 0x4008a333:0x3ffcae00 0x400d7fe9:0x3ffcae30 0x400d822e:0x3ffcaff0 0x4016e1b1:0x3ffcb010 0x4016dc36:0x3ffcb040 0x400d94ba:0x3ffcb080 0x400d9963:0x3ffcb0a0 0x400d9a21:0x3ffcb0c0 0x400da7e2:0x3ffcb0e0 0x4008cd89:0x3ffcb110




ELF file SHA256: 4eaab69a55c4cc3a

Rebooting...
ets Jun  8 2016 00:22:57

rst:0xc (SW_CPU_RESET),boot:0x13 (SPI_FAST_FLASH_BOOT)
configsip: 0, SPIWP:0xee
clk_drv:0x00,q_drv:0x00,d_drv:0x00,cs0_drv:0x00,hd_drv:0x00,wp_drv:0x00
mode:DIO, clock div:2
load:0x3fff0030,len:7084
ho 0 tail 12 room 4
load:0x40078000,len:15584
load:0x40080400,len:4
load:0x40080404,len:3876
entry 0x4008064c
[0;32mI (31) boot: ESP-IDF v5.1.2-dirty 2nd stage bootloader[0m
[0;32mI (31) boot: compile time May 22 2024 21:43:34[0m
[0;32mI (31) boot: Multicore bootloader[0m
[0;32mI (36) boot: chip revision: v1.0[0m
[0;32mI (40) boot.esp32: SPI Speed      : 40MHz[0m
[0;32mI (44) boot.esp32: SPI Mode       : DIO[0m
[0;32mI (49) boot.esp32: SPI Flash Size : 4MB[0m
[0;32mI (53) boot: Enabling RNG early entropy source...[0m
[0;32mI (59) boot: Partition Table:[0m
[0;32mI (62) boot: ## Label            Usage          Type ST Offset   Length[0m
[0;32mI (70) boot:  0 nvs              WiFi data        01 02 00009000 00006000[0m
[0;32mI (77) boot:  1 phy_init         RF data          01 01 0000f000 00001000[0m
[0;32mI (84) boot:  2 factory          factory app      00 00 00010000 00100000[0m
[0;32mI (92) boot: End of partition table[0m
[0;32mI (96) esp_image: segment 0: paddr=00010020 vaddr=3f400020 size=26d84h (159108) map[0m
[0;32mI (162) esp_image: segment 1: paddr=00036dac vaddr=3ffb0000 size=03f74h ( 16244) load[0m
[0;32mI (169) esp_image: segment 2: paddr=0003ad28 vaddr=40080000 size=052f0h ( 21232) load[0m
[0;32mI (178) esp_image: segment 3: paddr=00040020 vaddr=400d0020 size=a1264h (660068) map[0m
[0;32mI (416) esp_image: segment 4: paddr=000e128c vaddr=400852f0 size=11d60h ( 73056) load[0m
[0;32mI (458) boot: Loaded app from partition at offset 0x10000[0m
[0;32mI (459) boot: Disabling RNG early entropy source...[0m
[0;32mI (470) cpu_start: Multicore app[0m
[0;32mI (470) cpu_start: Pro cpu up.[0m
[0;32mI (471) cpu_start: Starting app cpu, entry point is 0x400814a8[0m
[0;32mI (458) cpu_start: App cpu up.[0m
[0;32mI (489) cpu_start: Pro cpu start user code[0m
[0;32mI (489) cpu_start: cpu freq: 160000000 Hz[0m
[0;32mI (489) cpu_start: Application information:[0m
[0;32mI (493) cpu_start: Project name:     IoT_Speaker[0m
[0;32mI (499) cpu_start: App version:      d8a2ac6-dirty[0m
[0;32mI (504) cpu_start: Compile time:     Jun 10 2024 16:24:46[0m
[0;32mI (510) cpu_start: ELF file SHA256:  4eaab69a55c4cc3a...[0m
[0;32mI (516) cpu_start: ESP-IDF:          v5.1.2-dirty[0m
[0;32mI (522) cpu_start: Min chip rev:     v0.0[0m
[0;32mI (526) cpu_start: Max chip rev:     v3.99 [0m
[0;32mI (531) cpu_start: Chip rev:         v1.0[0m
[0;32mI (536) heap_init: Initializing. RAM available for dynamic allocation:[0m
[0;32mI (543) heap_init: At 3FFAE6E0 len 00001920 (6 KiB): DRAM[0m
[0;32mI (549) heap_init: At 3FFB8A90 len 00027570 (157 KiB): DRAM[0m
[0;32mI (555) heap_init: At 3FFE0440 len 00003AE0 (14 KiB): D/IRAM[0m
[0;32mI (562) heap_init: At 3FFE4350 len 0001BCB0 (111 KiB): D/IRAM[0m
[0;32mI (568) heap_init: At 40097050 len 00008FB0 (35 KiB): IRAM[0m
[0;32mI (576) spi_flash: detected chip: generic[0m
[0;32mI (579) spi_flash: flash io: dio[0m
[0;32mI (584) app_start: Starting scheduler on CPU0[0m
[0;32mI (588) app_start: Starting scheduler on CPU1[0m
[0;32mI (588) main_task: Started on CPU0[0m
[0;32mI (598) main_task: Calling app_main()[0m
I (658) wifi:wifi driver task: 3ffc0ba8, prio:23, stack:6656, core=0
I (678) wifi:wifi firmware version: 91b9630
I (678) wifi:wifi certification version: v7.0
I (678) wifi:config NVS flash: enabled
I (678) wifi:config nano formating: disabled
I (678) wifi:Init data frame dynamic rx buffer num: 32
I (688) wifi:Init static rx mgmt buffer num: 5
I (688) wifi:Init management short buffer num: 32
I (688) wifi:Init dynamic tx buffer num: 32
I (698) wifi:Init static rx buffer size: 1600
I (698) wifi:Init static rx buffer num: 10
I (708) wifi:Init dynamic rx buffer num: 32
[0;32mI (708) wifi_init: rx ba win: 6[0m
[0;32mI (708) wifi_init: tcpip mbox: 32[0m
[0;32mI (718) wifi_init: udp mbox: 6[0m
[0;32mI (718) wifi_init: tcp mbox: 6[0m
[0;32mI (718) wifi_init: tcp tx win: 5744[0m
[0;32mI (728) wifi_init: tcp rx win: 5744[0m
[0;32mI (728) wifi_init: tcp mss: 1440[0m
[0;32mI (738) wifi_init: WiFi IRAM OP enabled[0m
[0;32mI (738) wifi_init: WiFi RX IRAM OP enabled[0m
[0;32mI (748) phy_init: phy_version 4780,16b31a7,Sep 22 2023,20:42:16[0m
I (848) wifi:mode : sta (a4:e5:7c:f7:c2:fc)
I (848) wifi:enable tsf
[0;32mI (848) WIFI_EXAMPLE: wifi_init_sta finished.[0m
[0;32mI (848) SSD1306: Legacy i2c driver is used[0m
[0;32mI (848) gpio: GPIO[15]| InputEn: 0| OutputEn: 0| OpenDrain: 0| Pullup: 1| Pulldown: 0| Intr:0 [0m
[0;32mI (908) SSD1306: OLED configured successfully[0m
[0;32mI (3268) WIFI_EXAMPLE: retry to connect to the AP[0m
[0;32mI (5458) WIFI_EXAMPLE: connect to the AP fail[0m
[0;32mI (5678) WIFI_EXAMPLE: retry to connect to the AP[0m
[0;32mI (7868) WIFI_EXAMPLE: connect to the AP fail[0m
[0;32mI (8088) WIFI_EXAMPLE: retry to connect to the AP[0m
[0;32mI (10288) WIFI_EXAMPLE: connect to the AP fail[0m
[0;32mI (10508) WIFI_EXAMPLE: retry to connect to the AP[0m
[0;32mI (12698) WIFI_EXAMPLE: connect to the AP fail[0m
[0;32mI (12918) WIFI_EXAMPLE: retry to connect to the AP[0m
[0;32mI (15108) WIFI_EXAMPLE: connect to the AP fail[0m
[0;32mI (15328) WIFI_EXAMPLE: retry to connect to the AP[0m
[0;32mI (17528) WIFI_EXAMPLE: connect to the AP fail[0m
[0;32mI (17748) WIFI_EXAMPLE: retry to connect to the AP[0m
[0;32mI (19938) WIFI_EXAMPLE: connect to the AP fail[0m
[0;32mI (20158) WIFI_EXAMPLE: retry to connect to the AP[0m
[0;32mI (22348) WIFI_EXAMPLE: connect to the AP fail[0m
[0;32mI (22568) WIFI_EXAMPLE: retry to connect to the AP[0m
[0;32mI (24768) WIFI_EXAMPLE: connect to the AP fail[0m
[0;32mI (24988) WIFI_EXAMPLE: retry to connect to the AP[0m
[0;32mI (27178) WIFI_EXAMPLE: connect to the AP fail[0m
[0;32mI (27398) WIFI_EXAMPLE: retry to connect to the AP[0m
[0;32mI (29588) WIFI_EXAMPLE: connect to the AP fail[0m
[0;32mI (29808) WIFI_EXAMPLE: retry to connect to the AP[0m
[0;32mI (31998) WIFI_EXAMPLE: connect to the AP fail[0m
[0;32mI (32218) WIFI_EXAMPLE: retry to connect to the AP[0m
[0;32mI (34418) WIFI_EXAMPLE: connect to the AP fail[0m
[0;32mI (34638) WIFI_EXAMPLE: retry to connect to the AP[0m
[0;32mI (36828) WIFI_EXAMPLE: connect to the AP fail[0m
[0;32mI (37048) WIFI_EXAMPLE: retry to connect to the AP[0m
I (37058) wifi:new:<11,0>, old:<1,0>, ap:<255,255>, sta:<11,0>, prof:1
I (37058) wifi:state: init -> auth (b0)
I (37068) wifi:state: auth -> assoc (0)
I (37068) wifi:state: assoc -> run (10)
I (37118) wifi:connected with Ebisu, aid = 1, channel 11, BW20, bssid = 52:77:05:8c:0d:72
I (37118) wifi:security: WPA2-PSK, phy: bgn, rssi: -38
I (37128) wifi:pm start, type: 1

I (37198) wifi:AP's beacon interval = 102400 us, DTIM period = 2
[0;32mI (39268) WIFI_EXAMPLE: connect to the AP fail[0m
I (39278) wifi:<ba-add>idx:0 (ifx:0, 52:77:05:8c:0d:72), tid:0, ssn:2, winSize:64
[0;32mI (40268) esp_netif_handlers: sta ip: 192.168.43.46, mask: 255.255.255.0, gw: 192.168.43.1[0m
[0;32mI (40268) WIFI_EXAMPLE: got ip:192.168.43.46[0m
[0;32mI (40378) MQTT: Other event id:7[0m
I (41298) wifi:<ba-add>idx:1 (ifx:0, 52:77:05:8c:0d:72), tid:4, ssn:0, winSize:64
[0;32mI (42658) MQTT: MQTT_EVENT_CONNECTED[0m
[0;32mI (42658) MQTT: sent subscribe successful, msg_id=46916[0m
[0;32mI (43148) MQTT: MQTT_EVENT_SUBSCRIBED, msg_id=46916[0m
[0;32mI (53388) MQTT: MQTT_EVENT_DATA[0m
TOPIC=esp_sub
DATA={"finished":false,"loop":false,"play":true,"songID":6,"stop":false,"volume":4}
CURRENT VALUE
finished: 0
play: 0
songID: -1
volume: -1
stop: 0
RECEIVED VALUE
finished: 0
play: 1
songID: 6
volume: 4
stop: 0

Play song id and set volume[0;32mI (53408) MQTT: Published data to MQTT broker, msg_id=0[0m
[0;32mI (54408) ESP32: Send data[0m
7E FF 06 06 00 00 0C FE E9 EF 
[0;32mI (56408) ESP32: Send data[0m
7E FF 06 03 00 00 06 FE F2 EF 
[0;32mI (62188) MQTT: MQTT_EVENT_DATA[0m
TOPIC=esp_sub
DATA={"finished":false,"loop":false,"play":true,"songID":6,"stop":true,"volume":4}
CURRENT VALUE
finished: 0
play: 1
songID: 6
volume: 4
stop: 0
RECEIVED VALUE
finished: 0
play: 1
songID: 6
volume: 4
stop: 1

 Stop[0;32mI (62208) MQTT: Published data to MQTT broker, msg_id=0[0m
[0;32mI (63218) ESP32: Send data[0m
7E FF 06 16 00 00 00 FE E5 EF 
[0;32mI (64858) MQTT: MQTT_EVENT_DATA[0m
TOPIC=esp_sub
DATA={"finished":false,"loop":false,"play":false,"songID":0,"stop":false,"volume":4}
CURRENT VALUE
finished: 0
play: 1
songID: 6
volume: 4
stop: 1
RECEIVED VALUE
finished: 0
play: 0
songID: 0
volume: 4
stop: 0
[0;32mI (69568) MQTT: MQTT_EVENT_DATA[0m
TOPIC=esp_sub
DATA={"finished":false,"loop":false,"play":true,"songID":6,"stop":false,"volume":4}
CURRENT VALUE
finished: 0
play: 0
songID: -1
volume: -1
stop: 0
RECEIVED VALUE
finished: 0
play: 1
songID: 6
volume: 4
stop: 0

Play song id and set volume[0;32mI (69588) MQTT: Published data to MQTT broker, msg_id=0[0m
[0;32mI (70588) ESP32: Send data[0m
7E FF 06 06 00 00 0C FE E9 EF 
[0;32mI (72588) ESP32: Send data[0m
7E FF 06 03 00 00 06 FE F2 EF 
