_FLASH_BOOTMode       : DIO[0m
[0;32mI (49) boot.esp32: SPI Flash Size : 4MB[0m
[0;32mI ï¿½ets Jun  8 2016 00:22:57

rst:0x1 (POWERON_RESET),boot:0x13 (SPI_FAST_FLASH_BOOT)
configsip: 0, SPIWP:0xee
clk_drv:0x00,q_drv:0x00,d_drv:0x00,cs0_drv:0x00,hd_drv:0x00,wp_drv:0x00
mode:DIO, clock div:2
load:0x3fff0030,len:7084
ho 0 tail 12 room 4
load:0x40078000,len:15584
load:0x40080400,len:4
load:0x40080404,len:3876
entry 0x4008064c
[0;32mI (31) boot: ESP-IDF v5.1.2-dirty 2nd stage bootloader[0m
[0;32mI (31) boot: compile time May 22 2024 21:43:34[0m
[0;32mI (31) boot: Multicore bootloader[0m
[0;32mI (36) boot: chip revision: v1.0[0m
[0;32mI (39) boot.esp32: SPI Speed      : 40MHz[0m
[0;32mI (44) boot.esp32: SPI Mode       : DIO[0m
[0;32mI (49) boot.esp32: SPI Flash Size : 4MB[0m
[0;32mI (53) boot: Enabling RNG early entropy source...[0m
[0;32mI (59) boot: Partition Table:[0m
[0;32mI (62) boot: ## Label            Usage          Type ST Offset   Length[0m
[0;32mI (70) boot:  0 nvs              WiFi data        01 02 00009000 00006000[0m
[0;32mI (77) boot:  1 phy_init         RF data          01 01 0000f000 00001000[0m
[0;32mI (84) boot:  2 factory          factory app      00 00 00010000 00100000[0m
[0;32mI (92) boot: End of partition table[0m
[0;32mI (96) esp_image: segment 0: paddr=00010020 vaddr=3f400020 size=26d84h (159108) map[0m
[0;32mI (162) esp_image: segment 1: paddr=00036dac vaddr=3ffb0000 size=03f74h ( 16244) load[0m
[0;32mI (169) esp_image: segment 2: paddr=0003ad28 vaddr=40080000 size=052f0h ( 21232) load[0m
[0;32mI (178) esp_image: segment 3: paddr=00040020 vaddr=400d0020 size=a125ch (660060) map[0m
[0;32mI (416) esp_image: segment 4: paddr=000e1284 vaddr=400852f0 size=11d60h ( 73056) load[0m
[0;32mI (459) boot: Loaded app from partition at offset 0x10000[0m
[0;32mI (459) boot: Disabling RNG early entropy source...[0m
[0;32mI (470) cpu_start: Multicore app[0m
[0;32mI (470) cpu_start: Pro cpu up.[0m
[0;32mI (471) cpu_start: Starting app cpu, entry point is 0x400814a8[0m
[0;32mI (0) cpu_start: App cpu up.[0m
[0;32mI (488) cpu_start: Pro cpu start user code[0m
[0;32mI (488) cpu_start: cpu freq: 160000000 Hz[0m
[0;32mI (489) cpu_start: Application information:[0m
[0;32mI (493) cpu_start: Project name:     IoT_Speaker[0m
[0;32mI (498) cpu_start: App version:      d8a2ac6-dirty[0m
[0;32mI (504) cpu_start: Compile time:     Jun 10 2024 16:24:46[0m
[0;32mI (510) cpu_start: ELF file SHA256:  45e2f64715273fba...[0m
[0;32mI (516) cpu_start: ESP-IDF:          v5.1.2-dirty[0m
[0;32mI (521) cpu_start: Min chip rev:     v0.0[0m
[0;32mI (526) cpu_start: Max chip rev:     v3.99 [0m
[0;32mI (531) cpu_start: Chip rev:         v1.0[0m
[0;32mI (536) heap_init: Initializing. RAM available for dynamic allocation:[0m
[0;32mI (543) heap_init: At 3FFAE6E0 len 00001920 (6 KiB): DRAM[0m
[0;32mI (549) heap_init: At 3FFB8A90 len 00027570 (157 KiB): DRAM[0m
[0;32mI (555) heap_init: At 3FFE0440 len 00003AE0 (14 KiB): D/IRAM[0m
[0;32mI (561) heap_init: At 3FFE4350 len 0001BCB0 (111 KiB): D/IRAM[0m
[0;32mI (568) heap_init: At 40097050 len 00008FB0 (35 KiB): IRAM[0m
[0;32mI (576) spi_flash: detected chip: generic[0m
[0;32mI (579) spi_flash: flash io: dio[0m
[0;32mI (584) app_start: Starting scheduler on CPU0[0m
[0;32mI (588) app_start: Starting scheduler on CPU1[0m
[0;32mI (588) main_task: Started on CPU0[0m
[0;32mI (598) main_task: Calling app_main()[0m
I (658) wifi:wifi driver task: 3ffc0ba8, prio:23, stack:6656, core=0
I (678) wifi:wifi firmware version: 91b9630
I (678) wifi:wifi certification version: v7.0
I (678) wifi:config NVS flash: enabled
I (678) wifi:config nano formating: disabled
I (678) wifi:Init data frame dynamic rx buffer num: 32
I (688) wifi:Init static rx mgmt buffer num: 5
I (688) wifi:Init management short buffer num: 32
I (688) wifi:Init dynamic tx buffer num: 32
I (698) wifi:Init static rx buffer size: 1600
I (698) wifi:Init static rx buffer num: 10
I (708) wifi:Init dynamic rx buffer num: 32
[0;32mI (708) wifi_init: rx ba win: 6[0m
[0;32mI (708) wifi_init: tcpip mbox: 32[0m
[0;32mI (718) wifi_init: udp mbox: 6[0m
[0;32mI (718) wifi_init: tcp mbox: 6[0m
[0;32mI (718) wifi_init: tcp tx win: 5744[0m
[0;32mI (728) wifi_init: tcp rx win: 5744[0m
[0;32mI (728) wifi_init: tcp mss: 1440[0m
[0;32mI (738) wifi_init: WiFi IRAM OP enabled[0m
[0;32mI (738) wifi_init: WiFi RX IRAM OP enabled[0m
[0;32mI (748) phy_init: phy_version 4780,16b31a7,Sep 22 2023,20:42:16[0m
I (848) wifi:mode : sta (a4:e5:7c:f7:c2:fc)
I (858) wifi:enable tsf
[0;32mI (858) WIFI_EXAMPLE: wifi_init_sta finished.[0m
[0;32mI (858) SSD1306: Legacy i2c driver is used[0m
[0;32mI (858) gpio: GPIO[15]| InputEn: 0| OutputEn: 0| OpenDrain: 0| Pullup: 1| Pulldown: 0| Intr:0 [0m
I (868) wifi:new:<11,0>, old:<1,0>, ap:<255,255>, sta:<11,0>, prof:1
I (878) wifi:state: init -> auth (b0)
I (898) wifi:state: auth -> assoc (0)
I (908) wifi:state: assoc -> run (10)
[0;32mI (928) SSD1306: OLED configured successfully[0m
I (988) wifi:connected with Ebisu, aid = 1, channel 11, BW20, bssid = 52:77:05:8c:0d:72
I (988) wifi:security: WPA2-PSK, phy: bgn, rssi: -32
I (988) wifi:pm start, type: 1

I (998) wifi:AP's beacon interval = 102400 us, DTIM period = 2
I (1008) wifi:<ba-add>idx:0 (ifx:0, 52:77:05:8c:0d:72), tid:0, ssn:2, winSize:64
[0;32mI (1998) esp_netif_handlers: sta ip: 192.168.43.46, mask: 255.255.255.0, gw: 192.168.43.1[0m
[0;32mI (1998) WIFI_EXAMPLE: got ip:192.168.43.46[0m
[0;32mI (2108) MQTT: Other event id:7[0m
I (2688) wifi:<ba-add>idx:1 (ifx:0, 52:77:05:8c:0d:72), tid:4, ssn:0, winSize:64
[0;32mI (4078) MQTT: MQTT_EVENT_CONNECTED[0m
[0;32mI (4078) MQTT: sent subscribe successful, msg_id=16404[0m
[0;32mI (4488) MQTT: MQTT_EVENT_SUBSCRIBED, msg_id=16404[0m
[0;32mI (116918) MQTT: MQTT_EVENT_DATA[0m
TOPIC=esp_sub
DATA={"finished":false,"loop":false,"play":true,"songID":7,"stop":false,"volume":4}
CURRENT VALUE
finished: 0
play: 0
songID: -1
volume: -1
stop: 0
RECEIVED VALUE
finished: 0
play: 1
songID: 7
volume: 4
stop: 0

Play song id and set volume[0;32mI (116938) MQTT: Published data to MQTT broker, msg_id=0[0m
[0;32mI (117948) ESP32: Send data[0m
[0;32mI (118238) RX_TASK: Read 10 bytes: '7E'[0m
[0;32mI (118238) RX_TASK: Read 10 bytes: 'FF'[0m
[0;32mI (118238) RX_TASK: Read 10 bytes: '06'[0m
[0;32mI (118238) RX_TASK: Read 10 bytes: '40'[0m
[0;32mI (118248) RX_TASK: Read 10 bytes: '00'[0m
[0;32mI (118248) RX_TASK: Read 10 bytes: '00'[0m
[0;32mI (118248) RX_TASK: Read 10 bytes: '03'[0m
[0;32mI (118258) RX_TASK: Read 10 bytes: 'FE'[0m
[0;32mI (118258) RX_TASK: Read 10 bytes: 'B8'[0m
[0;32mI (118268) RX_TASK: Read 10 bytes: 'EF'[0m
7E FF 06 06 00 00 0C FE E9 EF 
[0;32mI (119948) ESP32: Send data[0m
7E FF 06 03 00 00 07 FE F1 EF 
[0;32mI (120988) MQTT: MQTT_EVENT_DATA[0m
TOPIC=esp_sub
DATA={"finished":false,"loop":false,"play":true,"songID":8,"stop":false,"volume":4}
CURRENT VALUE
finished: 0
play: 1
songID: 7
volume: 4
stop: 0
RECEIVED VALUE
finished: 0
play: 1
songID: 8
volume: 4
stop: 0

play song id[0;32mI (121008) MQTT: Published data to MQTT broker, msg_id=0[0m
[0;32mI (122008) ESP32: Send data[0m
7E FF 06 03 00 00 08 FE F0 EF 
[0;32mI (123888) MQTT: MQTT_EVENT_DATA[0m
TOPIC=esp_sub
DATA={"finished":false,"loop":false,"play":true,"songID":8,"stop":true,"volume":4}
CURRENT VALUE
finished: 0
play: 1
songID: 8
volume: 4
stop: 0
RECEIVED VALUE
finished: 0
play: 1
songID: 8
volume: 4
stop: 1

 Stop[0;32mI (123908) MQTT: Published data to MQTT broker, msg_id=0[0m
[0;32mI (124908) ESP32: Send data[0m
7E FF 06 16 00 00 00 FE E5 EF 
[0;32mI (125948) MQTT: MQTT_EVENT_DATA[0m
TOPIC=esp_sub
DATA={"finished":false,"loop":false,"play":false,"songID":0,"stop":false,"volume":4}
CURRENT VALUE
finished: 0
play: 1
songID: 8
volume: 4
stop: 1
RECEIVED VALUE
finished: 0
play: 0
songID: 0
volume: 4
stop: 0
I (140468) wifi:state: run -> init (3c0)
I (140468) wifi:pm stop, total sleep time: 126674524 us / 139479917 us

I (140468) wifi:<ba-del>idx:0, tid:0
I (140478) wifi:<ba-del>idx:1, tid:4
I (140478) wifi:new:<11,0>, old:<11,0>, ap:<255,255>, sta:<11,0>, prof:1
[0;31mE (140488) transport_base: poll_read select error 113, errno = Software caused connection abort, fd = 54[0m
[0;31mE (140498) mqtt_client: esp_mqtt_handle_transport_read_error: transport_read() error: errno=119[0m
I (140498) wifi:[0;32mI (140498) MQTT: MQTT_EVENT_ERROR[0m
new:<11,0>, old:<11,0>, ap:<255,255>, sta:<11,0>, prof:1[0;31mE (140508) MQTT: Last error captured as transport's socket errno: 0x71[0m

[0;32mI (140518) MQTT: Last errno string (Software caused connection abort)[0m
I (140518) wifi:[0;31mE (140528) mqtt_client: mqtt_process_receive: mqtt_message_receive() returned -1[0m
state: init -> auth (b0)
[0;32mI (140538) MQTT: MQTT_EVENT_DISCONNECTED[0m
ESP_ERROR_CHECK failed: esp_err_t 0x103 (ESP_ERR_INVALID_STATE) at 0x400d7fe1
file: "./components/WiFi/wifi.c" line 55
func: wifi_init_sta
expression: esp_event_loop_create_default()

abort() was called at PC 0x4008a333 on core 1


Backtrace: 0x40081b0e:0x3ffcad40 0x4008a33d:0x3ffcad60 0x400915f6:0x3ffcad80 0x4008a333:0x3ffcadf0 0x400d7fe1:0x3ffcae20 0x400d8226:0x3ffcafe0 0x4016e1a9:0x3ffcb000 0x4016dc2e:0x3ffcb030 0x400d94b2:0x3ffcb070 0x400d995b:0x3ffcb090 0x400d9a19:0x3ffcb0b0 0x400da5f5:0x3ffcb0d0 0x4008cd89:0x3ffcb100




ELF file SHA256: 45e2f64715273fba

Rebooting...
ets Jun  8 2016 00:22:57

rst:0xc (SW_CPU_RESET),boot:0x13 (SPI_FAST_FLASH_BOOT)
configsip: 0, SPIWP:0xee
clk_drv:0x00,q_drv:0x00,d_drv:0x00,cs0_drv:0x00,hd_drv:0x00,wp_drv:0x00
mode:DIO, clock div:2
load:0x3fff0030,len:7084
ho 0 tail 12 room 4
load:0x40078000,len:15584
load:0x40080400,len:4
load:0x40080404,len:3876
entry 0x4008064c
[0;32mI (31) boot: ESP-IDF v5.1.2-dirty 2nd stage bootloader[0m
[0;32mI (31) boot: compile time May 22 2024 21:43:34[0m
[0;32mI (31) boot: Multicore bootloader[0m
[0;32mI (36) boot: chip revision: v1.0[0m
[0;32mI (40) boot.esp32: SPI Speed      : 40MHz[0m
[0;32mI (44) boot.esp32: SPI Mode       : DIO[0m
[0;32mI (49) boot.esp32: SPI Flash Size : 4MB[0m
[0;32mI (53) boot: Enabling RNG early entropy source...[0m
[0;32mI (59) boot: Partition Table:[0m
[0;32mI (62) boot: ## Label            Usage          Type ST Offset   Length[0m
[0;32mI (70) boot:  0 nvs              WiFi data        01 02 00009000 00006000[0m
[0;32mI (77) boot:  1 phy_init         RF data          01 01 0000f000 00001000[0m
[0;32mI (84) boot:  2 factory          factory app      00 00 00010000 00100000[0m
[0;32mI (92) boot: End of partition table[0m
[0;32mI (96) esp_image: segment 0: paddr=00010020 vaddr=3f400020 size=26d84h (159108) map[0m
[0;32mI (162) esp_image: segment 1: paddr=00036dac vaddr=3ffb0000 size=03f74h ( 16244) load[0m
[0;32mI (169) esp_image: segment 2: paddr=0003ad28 vaddr=40080000 size=052f0h ( 21232) load[0m
[0;32mI (178) esp_image: segment 3: paddr=00040020 vaddr=400d0020 size=a125ch (660060) map[0m
[0;32mI (416) esp_image: segment 4: paddr=000e1284 vaddr=400852f0 size=11d60h ( 73056) load[0m
[0;32mI (458) boot: Loaded app from partition at offset 0x10000[0m
[0;32mI (459) boot: Disabling RNG early entropy source...[0m
[0;32mI (470) cpu_start: Multicore app[0m
[0;32mI (470) cpu_start: Pro cpu up.[0m
[0;32mI (471) cpu_start: Starting app cpu, entry point is 0x400814a8[0m
[0;32mI (458) cpu_start: App cpu up.[0m
[0;32mI (489) cpu_start: Pro cpu start user code[0m
[0;32mI (489) cpu_start: cpu freq: 160000000 Hz[0m
[0;32mI (489) cpu_start: Application information:[0m
[0;32mI (493) cpu_start: Project name:     IoT_Speaker[0m
[0;32mI (499) cpu_start: App version:      d8a2ac6-dirty[0m
[0;32mI (504) cpu_start: Compile time:     Jun 10 2024 16:24:46[0m
[0;32mI (510) cpu_start: ELF file SHA256:  45e2f64715273fba...[0m
[0;32mI (516) cpu_start: ESP-IDF:          v5.1.2-dirty[0m
[0;32mI (522) cpu_start: Min chip rev:     v0.0[0m
[0;32mI (526) cpu_start: Max chip rev:     v3.99 [0m
[0;32mI (531) cpu_start: Chip rev:         v1.0[0m
[0;32mI (536) heap_init: Initializing. RAM available for dynamic allocation:[0m
[0;32mI (543) heap_init: At 3FFAE6E0 len 00001920 (6 KiB): DRAM[0m
[0;32mI (549) heap_init: At 3FFB8A90 len 00027570 (157 KiB): DRAM[0m
[0;32mI (555) heap_init: At 3FFE0440 len 00003AE0 (14 KiB): D/IRAM[0m
[0;32mI (562) heap_init: At 3FFE4350 len 0001BCB0 (111 KiB): D/IRAM[0m
[0;32mI (568) heap_init: At 40097050 len 00008FB0 (35 KiB): IRAM[0m
[0;32mI (576) spi_flash: detected chip: generic[0m
[0;32mI (579) spi_flash: flash io: dio[0m
[0;32mI (584) app_start: Starting scheduler on CPU0[0m
[0;32mI (588) app_start: Starting scheduler on CPU1[0m
[0;32mI (588) main_task: Started on CPU0[0m
[0;32mI (598) main_task: Calling app_main()[0m
I (658) wifi:wifi driver task: 3ffc0ba8, prio:23, stack:6656, core=0
I (678) wifi:wifi firmware version: 91b9630
I (678) wifi:wifi certification version: v7.0
I (678) wifi:config NVS flash: enabled
I (678) wifi:config nano formating: disabled
I (678) wifi:Init data frame dynamic rx buffer num: 32
I (688) wifi:Init static rx mgmt buffer num: 5
I (688) wifi:Init management short buffer num: 32
I (688) wifi:Init dynamic tx buffer num: 32
I (698) wifi:Init static rx buffer size: 1600
I (698) wifi:Init static rx buffer num: 10
I (708) wifi:Init dynamic rx buffer num: 32
[0;32mI (708) wifi_init: rx ba win: 6[0m
[0;32mI (708) wifi_init: tcpip mbox: 32[0m
[0;32mI (718) wifi_init: udp mbox: 6[0m
[0;32mI (718) wifi_init: tcp mbox: 6[0m
[0;32mI (718) wifi_init: tcp tx win: 5744[0m
[0;32mI (728) wifi_init: tcp rx win: 5744[0m
[0;32mI (728) wifi_init: tcp mss: 1440[0m
[0;32mI (738) wifi_init: WiFi IRAM OP enabled[0m
[0;32mI (738) wifi_init: WiFi RX IRAM OP enabled[0m
[0;32mI (748) phy_init: phy_version 4780,16b31a7,Sep 22 2023,20:42:16[0m
I (838) wifi:mode : sta (a4:e5:7c:f7:c2:fc)
I (838) wifi:enable tsf
[0;32mI (848) WIFI_EXAMPLE: wifi_init_sta finished.[0m
[0;32mI (848) SSD1306: Legacy i2c driver is used[0m
[0;32mI (848) gpio: GPIO[15]| InputEn: 0| OutputEn: 0| OpenDrain: 0| Pullup: 1| Pulldown: 0| Intr:0 [0m
[0;32mI (908) SSD1306: OLED configured successfully[0m
[0;32mI (3258) WIFI_EXAMPLE: retry to connect to the AP[0m
[0;32mI (5358) WIFI_EXAMPLE: connect to the AP fail[0m
[0;32mI (5678) WIFI_EXAMPLE: retry to connect to the AP[0m
[0;32mI (7778) WIFI_EXAMPLE: connect to the AP fail[0m
[0;32mI (8088) WIFI_EXAMPLE: retry to connect to the AP[0m
[0;32mI (10188) WIFI_EXAMPLE: connect to the AP fail[0m
[0;32mI (10498) WIFI_EXAMPLE: retry to connect to the AP[0m
[0;32mI (12598) WIFI_EXAMPLE: connect to the AP fail[0m
[0;32mI (12918) WIFI_EXAMPLE: retry to connect to the AP[0m
[0;32mI (15018) WIFI_EXAMPLE: connect to the AP fail[0m
[0;32mI (15328) WIFI_EXAMPLE: retry to connect to the AP[0m
[0;32mI (17428) WIFI_EXAMPLE: connect to the AP fail[0m
[0;32mI (17738) WIFI_EXAMPLE: retry to connect to the AP[0m
I (17868) wifi:new:<1,0>, old:<1,0>, ap:<255,255>, sta:<1,0>, prof:1
I (17868) wifi:state: init -> auth (b0)
I (17868) wifi:state: auth -> assoc (0)
I (17878) wifi:state: assoc -> run (10)
I (17918) wifi:connected with Ebisu, aid = 1, channel 1, BW20, bssid = 52:77:05:8c:0d:72
I (17928) wifi:security: WPA2-PSK, phy: bgn, rssi: -35
I (17938) wifi:pm start, type: 1

I (18528) wifi:AP's beacon interval = 102400 us, DTIM period = 2
[0;32mI (19838) WIFI_EXAMPLE: connect to the AP fail[0m
I (19868) wifi:<ba-add>idx:0 (ifx:0, 52:77:05:8c:0d:72), tid:0, ssn:2, winSize:64
[0;32mI (20838) esp_netif_handlers: sta ip: 192.168.43.46, mask: 255.255.255.0, gw: 192.168.43.1[0m
[0;32mI (20838) WIFI_EXAMPLE: got ip:192.168.43.46[0m
[0;32mI (20948) MQTT: Other event id:7[0m
I (21498) wifi:<ba-add>idx:1 (ifx:0, 52:77:05:8c:0d:72), tid:4, ssn:0, winSize:64
[0;32mI (22948) MQTT: MQTT_EVENT_CONNECTED[0m
[0;32mI (22948) MQTT: sent subscribe successful, msg_id=2167[0m
[0;32mI (23338) MQTT: MQTT_EVENT_SUBSCRIBED, msg_id=2167[0m
[0;32mI (24368) MQTT: MQTT_EVENT_DATA[0m
TOPIC=esp_sub
DATA={"finished":false,"loop":false,"play":true,"songID":5,"stop":false,"volume":4}
CURRENT VALUE
finished: 0
play: 0
songID: -1
volume: -1
stop: 0
RECEIVED VALUE
finished: 0
play: 1
songID: 5
volume: 4
stop: 0

Play song id and set volume[0;32mI (24388) MQTT: Published data to MQTT broker, msg_id=0[0m
[0;32mI (25388) ESP32: Send data[0m
7E FF 06 06 00 00 0C FE E9 EF 
[0;32mI (27388) ESP32: Send data[0m
7E FF 06 03 00 00 05 FE F3 EF 
[0;32mI (33188) RX_TASK: Read 10 bytes: '7E'[0m
[0;32mI (33188) RX_TASK: Read 10 bytes: 'FF'[0m
[0;32mI (33188) RX_TASK: Read 10 bytes: '06'[0m
[0;32mI (33188) RX_TASK: Read 10 bytes: '40'[0m
[0;32mI (33198) RX_TASK: Read 10 bytes: '00'[0m
[0;32mI (33198) RX_TASK: Read 10 bytes: '00'[0m
[0;32mI (33208) RX_TASK: Read 10 bytes: '03'[0m
[0;32mI (33208) RX_TASK: Read 10 bytes: 'FE'[0m
[0;32mI (33208) RX_TASK: Read 10 bytes: 'B8'[0m
[0;32mI (33218) RX_TASK: Read 10 bytes: 'EF'[0m
[0;32mI (38908) MQTT: MQTT_EVENT_DATA[0m
TOPIC=esp_sub
DATA={"finished":false,"loop":false,"play":false,"songID":5,"stop":false,"volume":4}
CURRENT VALUE
finished: 0
play: 1
songID: 5
volume: 4
stop: 0
RECEIVED VALUE
finished: 0
play: 0
songID: 5
volume: 4
stop: 0

Pause[0;32mI (38928) MQTT: Published data to MQTT broker, msg_id=0[0m
[0;32mI (39928) ESP32: Send data[0m
7E FF 06 0E 00 00 00 FE ED EF 
 (POWERON_R[0m
[0;32mI (44) boot.esp32: SPI Mode       : DIO[0m
[0;32mI (49) boot.esp32: SPI Flash Size : 4MB[0m
[0;32mI (53) boot: Enabling RNG early entropy source...[0m
[0;32mI (59) ï¿½ets Jun  8 2016 00:22:57

rst:0x1 (POWERON_RESET),boot:0x13 (SPI_FAST_FLASH_BOOT)
configsip: 0, SPIWP:0xee
clk_drv:0x00,q_drv:0x00,d_drv:0x00,cs0_drv:0x00,hd_drv:0x00,wp_drv:0x00
mode:DIO, clock div:2
load:0x3fff0030,len:7084
ho 0 tail 12 room 4
load:0x40078000,len:15584
load:0x40080400,len:4
load:0x40080404,len:3876
entry 0x4008064c
[0;32mI (31) boot: ESP-IDF v5.1.2-dirty 2nd stage bootloader[0m
[0;32mI (31) boot: compile time May 22 2024 21:43:34[0m
[0;32mI (31) boot: Multicore bootloader[0m
[0;32mI (36) boot: chip revision: v1.0[0m
[0;32mI (40) boot.esp32: SPI Speed      : 40MHz[0m
[0;32mI (44) boot.esp32: SPI Mode       : DIO[0m
[0;32mI (49) boot.esp32: SPI Flash Size : 4MB[0m
[0;32mI (53) boot: Enabling RNG early entropy source...[0m
[0;32mI (59) boot: Partition Table:[0m
[0;32mI (62) boot: ## Label            Usage          Type ST Offset   Length[0m
[0;32mI (70) boot:  0 nvs              WiFi data        01 02 00009000 00006000[0m
[0;32mI (77) boot:  1 phy_init         RF data          01 01 0000f000 00001000[0m
[0;32mI (85) boot:  2 factory          factory app      00 00 00010000 00100000[0m
[0;32mI (92) boot: End of partition table[0m
[0;32mI (96) esp_image: segment 0: paddr=00010020 vaddr=3f400020 size=26d84h (159108) map[0m
[0;32mI (162) esp_image: segment 1: paddr=00036dac vaddr=3ffb0000 size=03f74h ( 16244) load[0m
[0;32mI (169) esp_image: segment 2: paddr=0003ad28 vaddr=40080000 size=052f0h ( 21232) load[0m
[0;32mI (178) esp_image: segment 3: paddr=00040020 vaddr=400d0020 size=a125ch (660060) map[0m
[0;32mI (416) esp_image: segment 4: paddr=000e1284 vaddr=400852f0 size=11d60h ( 73056) load[0m
[0;32mI (459) boot: Loaded app from partition at offset 0x10000[0m
[0;32mI (459) boot: Disabling RNG early entropy source...[0m
[0;32mI (470) cpu_start: Multicore app[0m
[0;32mI (471) cpu_start: Pro cpu up.[0m
[0;32mI (471) cpu_start: Starting app cpu, entry point is 0x400814a8[0m
[0;32mI (0) cpu_start: App cpu up.[0m
[0;32mI (489) cpu_start: Pro cpu start user code[0m
[0;32mI (489) cpu_start: cpu freq: 160000000 Hz[0m
[0;32mI (489) cpu_start: Application information:[0m
[0;32mI (493) cpu_start: Project name:     IoT_Speaker[0m
[0;32mI (499) cpu_start: App version:      d8a2ac6-dirty[0m
[0;32mI (504) cpu_start: Compile time:     Jun 10 2024 16:24:46[0m
[0;32mI (510) cpu_start: ELF file SHA256:  45e2f64715273fba...[0m
[0;32mI (516) cpu_start: ESP-IDF:          v5.1.2-dirty[0m
[0;32mI (522) cpu_start: Min chip rev:     v0.0[0m
[0;32mI (526) cpu_start: Max chip rev:     v3.99 [0m
[0;32mI (531) cpu_start: Chip rev:         v1.0[0m
[0;32mI (536) heap_init: Initializing. RAM available for dynamic allocation:[0m
[0;32mI (543) heap_init: At 3FFAE6E0 len 00001920 (6 KiB): DRAM[0m
[0;32mI (549) heap_init: At 3FFB8A90 len 00027570 (157 KiB): DRAM[0m
[0;32mI (555) heap_init: At 3FFE0440 len 00003AE0 (14 KiB): D/IRAM[0m
[0;32mI (562) heap_init: At 3FFE4350 len 0001BCB0 (111 KiB): D/IRAM[0m
[0;32mI (568) heap_init: At 40097050 len 00008FB0 (35 KiB): IRAM[0m
[0;32mI (576) spi_flash: detected chip: generic[0m
[0;32mI (579) spi_flash: flash io: dio[0m
[0;32mI (584) app_start: Starting scheduler on CPU0[0m
[0;32mI (588) app_start: Starting scheduler on CPU1[0m
[0;32mI (588) main_task: Started on CPU0[0m
[0;32mI (598) main_task: Calling app_main()[0m
I (658) wifi:wifi driver task: 3ffc0ba8, prio:23, stack:6656, core=0
I (678) wifi:wifi firmware version: 91b9630
I (678) wifi:wifi certification version: v7.0
I (678) wifi:config NVS flash: enabled
I (678) wifi:config nano formating: disabled
I (678) wifi:Init data frame dynamic rx buffer num: 32
I (688) wifi:Init static rx mgmt buffer num: 5
I (688) wifi:Init management short buffer num: 32
I (688) wifi:Init dynamic tx buffer num: 32
I (698) wifi:Init static rx buffer size: 1600
I (698) wifi:Init static rx buffer num: 10
I (708) wifi:Init dynamic rx buffer num: 32
[0;32mI (708) wifi_init: rx ba win: 6[0m
[0;32mI (708) wifi_init: tcpip mbox: 32[0m
[0;32mI (718) wifi_init: udp mbox: 6[0m
[0;32mI (718) wifi_init: tcp mbox: 6[0m
[0;32mI (718) wifi_init: tcp tx win: 5744[0m
[0;32mI (728) wifi_init: tcp rx win: 5744[0m
[0;32mI (728) wifi_init: tcp mss: 1440[0m
[0;32mI (738) wifi_init: WiFi IRAM OP enabled[0m
[0;32mI (738) wifi_init: WiFi RX IRAM OP enabled[0m
[0;32mI (748) phy_init: phy_version 4780,16b31a7,Sep 22 2023,20:42:16[0m
I (838) wifi:mode : sta (a4:e5:7c:f7:c2:fc)
I (838) wifi:enable tsf
[0;32mI (838) WIFI_EXAMPLE: wifi_init_sta finished.[0m
[0;32mI (838) SSD1306: Legacy i2c driver is used[0m
[0;32mI (848) gpio: GPIO[15]| InputEn: 0| OutputEn: 0| OpenDrain: 0| Pullup: 1| Pulldown: 0| Intr:0 [0m
I (848) wifi:new:<1,0>, old:<1,0>, ap:<255,255>, sta:<1,0>, prof:1
I (858) wifi:state: init -> auth (b0)
I (868) wifi:state: auth -> assoc (0)
I (878) wifi:state: assoc -> run (10)
[0;32mI (918) SSD1306: OLED configured successfully[0m
I (918) wifi:connected with Ebisu, aid = 1, channel 1, BW20, bssid = 52:77:05:8c:0d:72
I (918) wifi:security: WPA2-PSK, phy: bgn, rssi: -37
I (928) wifi:pm start, type: 1

I (928) wifi:AP's beacon interval = 102400 us, DTIM period = 2
I (948) wifi:<ba-add>idx:0 (ifx:0, 52:77:05:8c:0d:72), tid:0, ssn:2, winSize:64
[0;32mI (1938) esp_netif_handlers: sta ip: 192.168.43.46, mask: 255.255.255.0, gw: 192.168.43.1[0m
[0;32mI (1938) WIFI_EXAMPLE: got ip:192.168.43.46[0m
[0;32mI (2048) MQTT: Other event id:7[0m
I (3188) wifi:<ba-add>idx:1 (ifx:0, 52:77:05:8c:0d:72), tid:4, ssn:0, winSize:64
[0;32mI (3598) MQTT: MQTT_EVENT_CONNECTED[0m
[0;32mI (3608) MQTT: sent subscribe successful, msg_id=1180[0m
[0;32mI (4008) MQTT: MQTT_EVENT_SUBSCRIBED, msg_id=1180[0m
[0;32mI (71998) MQTT: MQTT_EVENT_DATA[0m
TOPIC=esp_sub
DATA={"finished":false,"loop":false,"play":false,"songID":5,"stop":true,"volume":4}
CURRENT VALUE
finished: 0
play: 0
songID: -1
volume: -1
stop: 0
RECEIVED VALUE
finished: 0
play: 0
songID: 5
volume: 4
stop: 1

Play song id and set volume[0;32mI (72018) MQTT: Published data to MQTT broker, msg_id=0[0m
[0;32mI (73028) ESP32: Send data[0m
7E FF 06 06 00 00 0C FE E9 EF 
[0;32mI (75028) ESP32: Send data[0m
7E FF 06 03 00 00 05 FE F3 EF 

 Stop[0;32mI (76068) MQTT: Published data to MQTT broker, msg_id=0[0m
[0;32mI (77068) ESP32: Send data[0m
7E FF 06 16 00 00 00 FE E5 EF 
[0;32mI (78148) MQTT: MQTT_EVENT_DATA[0m
TOPIC=esp_sub
DATA={"finished":false,"loop":false,"play":false,"songID":0,"stop":false,"volume":4}
CURRENT VALUE
finished: 0
play: 0
songID: 5
volume: 4
stop: 1
RECEIVED VALUE
finished: 0
play: 0
songID: 0
volume: 4
stop: 0
[0;32mI (79988) MQTT: MQTT_EVENT_DATA[0m
TOPIC=esp_sub
DATA={"finished":false,"loop":false,"play":true,"songID":4,"stop":false,"volume":4}
CURRENT VALUE
finished: 0
play: 0
songID: -1
volume: -1
stop: 0
RECEIVED VALUE
finished: 0
play: 1
songID: 4
volume: 4
stop: 0

Play song id and set volume[0;32mI (80008) MQTT: Published data to MQTT broker, msg_id=0[0m
[0;32mI (81008) ESP32: Send data[0m
7E FF 06 06 00 00 0C FE E9 EF 
[0;32mI (83008) ESP32: Send data[0m
7E FF 06 03 00 00 04 FE F4 EF 
[0;32mI (88588) MQTT: MQTT_EVENT_DATA[0m
TOPIC=esp_sub
DATA={"finished":false,"loop":false,"play":true,"songID":4,"stop":true,"volume":4}
CURRENT VALUE
finished: 0
play: 1
songID: 4
volume: 4
stop: 0
RECEIVED VALUE
finished: 0
play: 1
songID: 4
volume: 4
stop: 1

 Stop[0;32mI (88608) MQTT: Published data to MQTT broker, msg_id=0[0m
[0;32mI (89608) ESP32: Send data[0m
7E FF 06 16 00 00 00 FE E5 EF 
[0;32mI (91868) MQTT: MQTT_EVENT_DATA[0m
TOPIC=esp_sub
DATA={"finished":false,"loop":false,"play":false,"songID":0,"stop":false,"volume":4}
CURRENT VALUE
finished: 0
play: 1
songID: 4
volume: 4
stop: 1
RECEIVED VALUE
finished: 0
play: 0
songID: 0
volume: 4
stop: 0
[0;32mI (106408) MQTT: MQTT_EVENT_DATA[0m
TOPIC=esp_sub
DATA={"finished":false,"loop":false,"play":true,"songID":5,"stop":false,"volume":4}
CURRENT VALUE
finished: 0
play: 0
songID: -1
volume: -1
stop: 0
RECEIVED VALUE
finished: 0
play: 1
songID: 5
volume: 4
stop: 0

Play song id and set volume[0;32mI (106428) MQTT: Published data to MQTT broker, msg_id=0[0m
[0;32mI (107428) ESP32: Send data[0m
7E FF 06 06 00 00 0C FE E9 EF 
[0;32mI (109428) ESP32: Send data[0m
7E FF 06 03 00 00 05 FE F3 EF 
[0;32mI (116438) MQTT: MQTT_EVENT_DATA[0m
TOPIC=esp_sub
DATA={"finished":false,"loop":false,"play":true,"songID":3,"stop":false,"volume":4}
CURRENT VALUE
finished: 0
play: 1
songID: 5
volume: 4
stop: 0
RECEIVED VALUE
finished: 0
play: 1
songID: 3
volume: 4
stop: 0

play song id[0;32mI (116458) MQTT: Published data to MQTT broker, msg_id=0[0m
[0;32mI (117468) ESP32: Send data[0m
7E FF 06 03 00 00 03 FE F5 EF 
I (128728) wifi:state: run -> init (3c0)
I (128728) wifi:pm stop, total sleep time: 116090634 us / 127797351 us

I (128728) wifi:<ba-del>idx:0, tid:0
I (128728) wifi:<ba-del>idx:1, tid:4
I (128738) wifi:new:<1,0>, old:<1,0>, ap:<255,255>, sta:<1,0>, prof:1
[0;32mI (128748) WIFI_EXAMPLE: retry to connect to the AP[0m
[0;31mE (128748) transport_base: poll_read select error 113, errno = Software caused connection abort, fd = 54[0m
I (128748) wifi:new:<1,0>, old:<1,0>, ap:<255,255>, sta:<1,0>, prof:1
[0;31mE (128758) mqtt_client: Poll read error: 119, aborting connection[0m
I (128758) wifi:state: init -> auth (b0)
[0;32mI (128768) MQTT: MQTT_EVENT_DISCONNECTED[0m
ESP_ERROR_CHECK failed: esp_err_t 0x103 (ESP_ERR_INVALID_STATE) at 0x400d7fe1
file: "./components/WiFi/wifi.c" line 55
func: wifi_init_sta
expression: esp_event_loop_create_default()

abort() was called at PC 0x4008a333 on core 1


Backtrace: 0x40081b0e:0x3ffcad50 0x4008a33d:0x3ffcad70 0x400915f6:0x3ffcad90 0x4008a333:0x3ffcae00 0x400d7fe1:0x3ffcae30 0x400d8226:0x3ffcaff0 0x4016e1a9:0x3ffcb010 0x4016dc2e:0x3ffcb040 0x400d94b2:0x3ffcb080 0x400d995b:0x3ffcb0a0 0x400d9a19:0x3ffcb0c0 0x400da7da:0x3ffcb0e0 0x4008cd89:0x3ffcb110




ELF file SHA256: 45e2f64715273fba

Rebooting...
ets Jun  8 2016 00:22:57

rst:0xc (SW_CPU_RESET),boot:0x13 (SPI_FAST_FLASH_BOOT)
configsip: 0, SPIWP:0xee
clk_drv:0x00,q_drv:0x00,d_drv:0x00,cs0_drv:0x00,hd_drv:0x00,wp_drv:0x00
mode:DIO, clock div:2
load:0x3fff0030,len:7084
ho 0 tail 12 room 4
load:0x40078000,len:15584
load:0x40080400,len:4
load:0x40080404,len:3876
entry 0x4008064c
[0;32mI (31) boot: ESP-IDF v5.1.2-dirty 2nd stage bootloader[0m
[0;32mI (31) boot: compile time May 22 2024 21:43:34[0m
[0;32mI (31) boot: Multicore bootloader[0m
[0;32mI (36) boot: chip revision: v1.0[0m
[0;32mI (40) boot.esp32: SPI Speed      : 40MHz[0m
[0;32mI (44) boot.esp32: SPI Mode       : DIO[0m
[0;32mI (49) boot.esp32: SPI Flash Size : 4MB[0m
[0;32mI (53) boot: Enabling RNG early entropy source...[0m
[0;32mI (59) boot: Partition Table:[0m
[0;32mI (62) boot: ## Label            Usage          Type ST Offset   Length[0m
[0;32mI (70) boot:  0 nvs              WiFi data        01 02 00009000 00006000[0m
[0;32mI (77) boot:  1 phy_init         RF data          01 01 0000f000 00001000[0m
[0;32mI (84) boot:  2 factory          factory app      00 00 00010000 00100000[0m
[0;32mI (92) boot: End of partition table[0m
[0;32mI (96) esp_image: segment 0: paddr=00010020 vaddr=3f400020 size=26d84h (159108) map[0m
[0;32mI (162) esp_image: segment 1: paddr=00036dac vaddr=3ffb0000 size=03f74h ( 16244) load[0m
[0;32mI (169) esp_image: segment 2: paddr=0003ad28 vaddr=40080000 size=052f0h ( 21232) load[0m
[0;32mI (178) esp_image: segment 3: paddr=00040020 vaddr=400d0020 size=a125ch (660060) map[0m
[0;32mI (416) esp_image: segment 4: paddr=000e1284 vaddr=400852f0 size=11d60h ( 73056) load[0m
[0;32mI (458) boot: Loaded app from partition at offset 0x10000[0m
[0;32mI (459) boot: Disabling RNG early entropy source...[0m
[0;32mI (470) cpu_start: Multicore app[0m
[0;32mI (470) cpu_start: Pro cpu up.[0m
[0;32mI (471) cpu_start: Starting app cpu, entry point is 0x400814a8[0m
[0;32mI (458) cpu_start: App cpu up.[0m
[0;32mI (489) cpu_start: Pro cpu start user code[0m
[0;32mI (489) cpu_start: cpu freq: 160000000 Hz[0m
[0;32mI (489) cpu_start: Application information:[0m
[0;32mI (493) cpu_start: Project name:     IoT_Speaker[0m
[0;32mI (499) cpu_start: App version:      d8a2ac6-dirty[0m
[0;32mI (504) cpu_start: Compile time:     Jun 10 2024 16:24:46[0m
[0;32mI (510) cpu_start: ELF file SHA256:  45e2f64715273fba...[0m
[0;32mI (516) cpu_start: ESP-IDF:          v5.1.2-dirty[0m
[0;32mI (522) cpu_start: Min chip rev:     v0.0[0m
[0;32mI (526) cpu_start: Max chip rev:     v3.99 [0m
[0;32mI (531) cpu_start: Chip rev:         v1.0[0m
[0;32mI (536) heap_init: Initializing. RAM available for dynamic allocation:[0m
[0;32mI (543) heap_init: At 3FFAE6E0 len 00001920 (6 KiB): DRAM[0m
[0;32mI (549) heap_init: At 3FFB8A90 len 00027570 (157 KiB): DRAM[0m
[0;32mI (555) heap_init: At 3FFE0440 len 00003AE0 (14 KiB): D/IRAM[0m
[0;32mI (562) heap_init: At 3FFE4350 len 0001BCB0 (111 KiB): D/IRAM[0m
[0;32mI (568) heap_init: At 40097050 len 00008FB0 (35 KiB): IRAM[0m
[0;32mI (576) spi_flash: detected chip: generic[0m
[0;32mI (579) spi_flash: flash io: dio[0m
[0;32mI (584) app_start: Starting scheduler on CPU0[0m
[0;32mI (588) app_start: Starting scheduler on CPU1[0m
[0;32mI (588) main_task: Started on CPU0[0m
[0;32mI (598) main_task: Calling app_main()[0m
I (658) wifi:wifi driver task: 3ffc0ba8, prio:23, stack:6656, core=0
I (678) wifi:wifi firmware version: 91b9630
I (678) wifi:wifi certification version: v7.0
I (678) wifi:config NVS flash: enabled
I (678) wifi:config nano formating: disabled
I (678) wifi:Init data frame dynamic rx buffer num: 32
I (688) wifi:Init static rx mgmt buffer num: 5
I (688) wifi:Init management short buffer num: 32
I (688) wifi:Init dynamic tx buffer num: 32
I (698) wifi:Init static rx buffer size: 1600
I (698) wifi:Init static rx buffer num: 10
I (708) wifi:Init dynamic rx buffer num: 32
[0;32mI (708) wifi_init: rx ba win: 6[0m
[0;32mI (708) wifi_init: tcpip mbox: 32[0m
[0;32mI (718) wifi_init: udp mbox: 6[0m
[0;32mI (718) wifi_init: tcp mbox: 6[0m
[0;32mI (718) wifi_init: tcp tx win: 5744[0m
[0;32mI (728) wifi_init: tcp rx win: 5744[0m
[0;32mI (728) wifi_init: tcp mss: 1440[0m
[0;32mI (738) wifi_init: WiFi IRAM OP enabled[0m
[0;32mI (738) wifi_init: WiFi RX IRAM OP enabled[0m
[0;32mI (748) phy_init: phy_version 4780,16b31a7,Sep 22 2023,20:42:16[0m
I (838) wifi:mode : sta (a4:e5:7c:f7:c2:fc)
I (838) wifi:enable tsf
[0;32mI (838) WIFI_EXAMPLE: wifi_init_sta finished.[0m
[0;32mI (838) SSD1306: Legacy i2c driver is used[0m
[0;32mI (848) gpio: GPIO[15]| InputEn: 0| OutputEn: 0| OpenDrain: 0| Pullup: 1| Pulldown: 0| Intr:0 [0m
[0;32mI (908) SSD1306: OLED configured successfully[0m
[0;32mI (3258) WIFI_EXAMPLE: retry to connect to the AP[0m
[0;32mI (5358) WIFI_EXAMPLE: connect to the AP fail[0m
[0;32mI (5668) WIFI_EXAMPLE: retry to connect to the AP[0m
[0;32mI (7768) WIFI_EXAMPLE: connect to the AP fail[0m
[0;32mI (8088) WIFI_EXAMPLE: retry to connect to the AP[0m
[0;32mI (10188) WIFI_EXAMPLE: connect to the AP fail[0m
[0;32mI (10498) WIFI_EXAMPLE: retry to connect to the AP[0m
[0;32mI (12598) WIFI_EXAMPLE: connect to the AP fail[0m
[0;32mI (12908) WIFI_EXAMPLE: retry to connect to the AP[0m
[0;32mI (15008) WIFI_EXAMPLE: connect to the AP fail[0m
[0;32mI (15318) WIFI_EXAMPLE: retry to connect to the AP[0m
[0;32mI (17418) WIFI_EXAMPLE: connect to the AP fail[0m
[0;32mI (17738) WIFI_EXAMPLE: retry to connect to the AP[0m
[0;32mI (19838) WIFI_EXAMPLE: connect to the AP fail[0m
[0;32mI (20148) WIFI_EXAMPLE: retry to connect to the AP[0m
[0;32mI (22248) WIFI_EXAMPLE: connect to the AP fail[0m
[0;32mI (22558) WIFI_EXAMPLE: retry to connect to the AP[0m
[0;32mI (24658) WIFI_EXAMPLE: connect to the AP fail[0m
[0;32mI (24968) WIFI_EXAMPLE: retry to connect to the AP[0m
[0;32mI (27078) WIFI_EXAMPLE: connect to the AP fail[0m
[0;32mI (27388) WIFI_EXAMPLE: retry to connect to the AP[0m
[0;32mI (29488) WIFI_EXAMPLE: connect to the AP fail[0m
[0;32mI (29798) WIFI_EXAMPLE: retry to connect to the AP[0m
[0;32mI (31898) WIFI_EXAMPLE: connect to the AP fail[0m
[0;32mI (32208) WIFI_EXAMPLE: retry to connect to the AP[0m
[0;32mI (34308) WIFI_EXAMPLE: connect to the AP fail[0m
[0;32mI (34628) WIFI_EXAMPLE: retry to connect to the AP[0m
[0;32mI (36728) WIFI_EXAMPLE: connect to the AP fail[0m
[0;32mI (37038) WIFI_EXAMPLE: retry to connect to the AP[0m
[0;32mI (39138) WIFI_EXAMPLE: connect to the AP fail[0m
[0;32mI (39448) WIFI_EXAMPLE: retry to connect to the AP[0m
[0;32mI (41548) WIFI_EXAMPLE: connect to the AP fail[0m
[0;32mI (41858) WIFI_EXAMPLE: retry to connect to the AP[0m
[0;32mI (43958) WIFI_EXAMPLE: connect to the AP fail[0m
[0;32mI (44278) WIFI_EXAMPLE: retry to connect to the AP[0m
[0;32mI (46378) WIFI_EXAMPLE: connect to the AP fail[0m
[0;32mI (46688) WIFI_EXAMPLE: retry to connect to the AP[0m
[0;32mI (48788) WIFI_EXAMPLE: connect to the AP fail[0m
[0;32mI (49098) WIFI_EXAMPLE: retry to connect to the AP[0m
[0;32mI (51198) WIFI_EXAMPLE: connect to the AP fail[0m
[0;32mI (51508) WIFI_EXAMPLE: retry to connect to the AP[0m
[0;32mI (53608) WIFI_EXAMPLE: connect to the AP fail[0m
[0;32mI (53928) WIFI_EXAMPLE: retry to connect to the AP[0m
[0;32mI (56028) WIFI_EXAMPLE: connect to the AP fail[0m
[0;32mI (56338) WIFI_EXAMPLE: retry to connect to the AP[0m
[0;32mI (58438) WIFI_EXAMPLE: connect to the AP fail[0m
[0;32mI (58748) WIFI_EXAMPLE: retry to connect to the AP[0m
[0;32mI (60848) WIFI_EXAMPLE: connect to the AP fail[0m
[0;32mI (61158) WIFI_EXAMPLE: retry to connect to the AP[0m
I (62378) wifi:new:<11,0>, old:<1,0>, ap:<255,255>, sta:<11,0>, prof:1
I (62378) wifi:state: init -> auth (b0)
I (62388) wifi:state: auth -> assoc (0)
I (62438) wifi:state: assoc -> run (10)
I (62458) wifi:connected with Ebisu, aid = 1, channel 11, BW20, bssid = 52:77:05:8c:0d:72
I (62458) wifi:security: WPA2-PSK, phy: bgn, rssi: -40
I (62538) wifi:pm start, type: 1

I (62538) wifi:AP's beacon interval = 102400 us, DTIM period = 2
[0;32mI (63258) WIFI_EXAMPLE: connect to the AP fail[0m
I (63268) wifi:<ba-add>idx:0 (ifx:0, 52:77:05:8c:0d:72), tid:0, ssn:2, winSize:64
[0;32mI (64258) esp_netif_handlers: sta ip: 192.168.43.46, mask: 255.255.255.0, gw: 192.168.43.1[0m
[0;32mI (64258) WIFI_EXAMPLE: got ip:192.168.43.46[0m
[0;32mI (64368) MQTT: Other event id:7[0m
I (64918) wifi:<ba-add>idx:1 (ifx:0, 52:77:05:8c:0d:72), tid:4, ssn:0, winSize:64
[0;32mI (66358) MQTT: MQTT_EVENT_CONNECTED[0m
[0;32mI (66358) MQTT: sent subscribe successful, msg_id=47413[0m
[0;32mI (66648) MQTT: MQTT_EVENT_SUBSCRIBED, msg_id=47413[0m
[0;32mI (68198) MQTT: MQTT_EVENT_DATA[0m
TOPIC=esp_sub
DATA={"finished":false,"loop":false,"play":true,"songID":5,"stop":true,"volume":4}
CURRENT VALUE
finished: 0
play: 0
songID: -1
volume: -1
stop: 0
RECEIVED VALUE
finished: 0
play: 1
songID: 5
volume: 4
stop: 1

Play song id and set volume[0;32mI (68218) MQTT: Published data to MQTT broker, msg_id=0[0m
[0;32mI (69218) ESP32: Send data[0m
7E FF 06 06 00 00 0C FE E9 EF 
[0;32mI (71218) ESP32: Send data[0m
7E FF 06 03 00 00 05 FE F3 EF 

 Stop[0;32mI (72258) MQTT: Published data to MQTT broker, msg_id=0[0m
[0;32mI (73258) ESP32: Send data[0m
7E FF 06 16 00 00 00 FE E5 EF 
[0;32mI (77008) MQTT: MQTT_EVENT_DATA[0m
TOPIC=esp_sub
DATA={"finished":false,"loop":false,"play":true,"songID":7,"stop":true,"volume":4}
CURRENT VALUE
finished: 0
play: 1
songID: 5
volume: 4
stop: 1
RECEIVED VALUE
finished: 0
play: 1
songID: 7
volume: 4
stop: 1

play song id[0;32mI (77028) MQTT: Published data to MQTT broker, msg_id=0[0m
[0;32mI (78028) ESP32: Send data[0m
7E FF 06 03 00 00 07 FE F1 EF 
[0;32mI (105028) RX_TASK: Read 10 bytes: '7E'[0m
[0;32mI (105028) RX_TASK: Read 10 bytes: 'FF'[0m
[0;32mI (105028) RX_TASK: Read 10 bytes: '06'[0m
[0;32mI (105028) RX_TASK: Read 10 bytes: '40'[0m
[0;32mI (105028) RX_TASK: Read 10 bytes: '00'[0m
[0;32mI (105038) RX_TASK: Read 10 bytes: '00'[0m
[0;32mI (105038) RX_TASK: Read 10 bytes: '03'[0m
[0;32mI (105048) RX_TASK: Read 10 bytes: 'FE'[0m
[0;32mI (105048) RX_TASK: Read 10 bytes: 'B8'[0m
[0;32mI (105058) RX_TASK: Read 10 bytes: 'EF'[0m
[0;32mI (106488) RX_TASK: Read 10 bytes: '7E'[0m
[0;32mI (106488) RX_TASK: Read 10 bytes: 'FF'[0m
[0;32mI (106488) RX_TASK: Read 10 bytes: '06'[0m
[0;32mI (106488) RX_TASK: Read 10 bytes: '40'[0m
[0;32mI (106498) RX_TASK: Read 10 bytes: '00'[0m
[0;32mI (106498) RX_TASK: Read 10 bytes: '00'[0m
[0;32mI (106508) RX_TASK: Read 10 bytes: '03'[0m
[0;32mI (106508) RX_TASK: Read 10 bytes: 'FE'[0m
[0;32mI (106518) RX_TASK: Read 10 bytes: 'B8'[0m
[0;32mI (106518) RX_TASK: Read 10 bytes: 'EF'[0m
[0;32mI (106908) MQTT: MQTT_EVENT_DATA[0m
TOPIC=esp_sub
DATA={"finished":false,"loop":false,"play":true,"songID":7,"stop":false,"volume":4}
CURRENT VALUE
finished: 0
play: 1
songID: 7
volume: 4
stop: 1
RECEIVED VALUE
finished: 0
play: 1
songID: 7
volume: 4
stop: 0
[0;32mI (111818) MQTT: MQTT_EVENT_DATA[0m
TOPIC=esp_sub
DATA={"finished":false,"loop":false,"play":true,"songID":7,"stop":true,"volume":4}
CURRENT VALUE
finished: 0
play: 1
songID: -1
volume: -1
stop: 0
RECEIVED VALUE
finished: 0
play: 1
songID: 7
volume: 4
stop: 1

Play song id and set volume[0;32mI (111838) MQTT: Published data to MQTT broker, msg_id=0[0m
[0;32mI (112838) ESP32: Send data[0m
7E FF 06 06 00 00 0C FE E9 EF 
[0;32mI (114838) ESP32: Send data[0m
7E FF 06 03 00 00 07 FE F1 EF 

 Stop[0;32mI (115878) MQTT: Published data to MQTT broker, msg_id=0[0m
[0;32mI (116878) ESP32: Send data[0m
7E FF 06 16 00 00 00 FE E5 EF 
[0;32mI (123088) MQTT: MQTT_EVENT_DATA[0m
TOPIC=esp_sub
DATA={"finished":false,"loop":false,"play":false,"songID":0,"stop":false,"volume":4}
CURRENT VALUE
finished: 0
play: 1
songID: 7
volume: 4
stop: 1
RECEIVED VALUE
finished: 0
play: 0
songID: 0
volume: 4
stop: 0
[0;32mI (127388) MQTT: MQTT_EVENT_DATA[0m
TOPIC=esp_sub
DATA={"finished":false,"loop":false,"play":true,"songID":1,"stop":false,"volume":4}
CURRENT VALUE
finished: 0
play: 0
songID: -1
volume: -1
stop: 0
RECEIVED VALUE
finished: 0
play: 1
songID: 1
volume: 4
stop: 0

Play song id and set volume[0;32mI (127408) MQTT: Published data to MQTT broker, msg_id=0[0m
[0;32mI (128408) ESP32: Send data[0m
7E FF 06 06 00 00 0C FE E9 EF 
[0;32mI (130408) ESP32: Send data[0m
7E FF 06 03 00 00 01 FE F7 EF 
[0;32mI (143968) MQTT: MQTT_EVENT_DATA[0m
TOPIC=esp_sub
DATA={"finished":false,"loop":false,"play":true,"songID":1,"stop":true,"volume":4}
CURRENT VALUE
finished: 0
play: 1
songID: 1
volume: 4
stop: 0
RECEIVED VALUE
finished: 0
play: 1
songID: 1
volume: 4
stop: 1

 Stop[0;32mI (143988) MQTT: Published data to MQTT broker, msg_id=0[0m
[0;32mI (144998) ESP32: Send data[0m
7E FF 06 16 00 00 00 FE E5 EF 
ets Jun  8 2016 00:22:57

rst:0x1 (POWERON_RESET),boot:0x13 (SPI_FAST_FLASH_BOOT)
configsip: 0, SPIWP:0xee
clk_drv:0x00,q_drv:0x00,d_drv:0x00,cs0_drv:0x00,hd_drv:0x00,wp_drv:0x00
mode:DIO, clock div:2
load:0x3fff0030,len:7084
ho 0 tail 12 room 4
load:0x40078000,len:15584
load:0x40080400,len:4
load:0x40080404,len:3876
entry 0x4008064c
[0;32mI (31) boot: ESP-IDF v5.1.2-dirty 2nd stage bootloader[0m
[0;32mI (31) boot: compile time May 22 2024 21:43:34[0m
[0;32mI (31) boot: Multicore bootloader[0m
[0;32mI (36) boot: chip revision: v1.0[0m
[0;32mI (39) boot.esp32: SPI Speed      : 40MHz[0m
[0;32mI (44) boot.esp32: SPI Mode       : DIO[0m
[0;32mI (49) boot.esp32: SPI Flash Size : 4MB[0m
[0;32mI (53) boot: Enabling RNG early entropy source...[0m
[0;32mI (59) boot: Partition Table:[0m
[0;32mI (62) boot: ## Label            Usage          Type ST Offset   Length[0m
[0;32mI (69) boot:  0 nvs              WiFi data        01 02 00009000 00006000[0m
[0;32mI (77) boot:  1 phy_init         RF data          01 01 0000f000 00001000[0m
[0;32mI (84) boot:  2 factory          factory app      00 00 00010000 00100000[0m
[0;32mI (92) boot: End of partition table[0m
[0;32mI (96) esp_image: segment 0: paddr=00010020 vaddr=3f400020 size=26d84h (159108) map[0m
[0;32mI (162) esp_image: segment 1: paddr=00036dac vaddr=3ffb0000 size=03f74h ( 16244) load[0m
[0;32mI (169) esp_image: segment 2: paddr=0003ad28 vaddr=40080000 size=052f0h ( 21232) load[0m
[0;32mI (178) esp_image: segment 3: paddr=00040020 vaddr=400d0020 size=a125ch (660060) map[0m
[0;32mI (416) esp_image: segment 4: paddr=000e1284 vaddr=400852f0 size=11d60h ( 73056) load[0m
[0;32mI (458) boot: Loaded app from partition at offset 0x10000[0m
[0;32mI (459) boot: Disabling RNG early entropy source...[0m
[0;32mI (470) cpu_start: Multicore app[0m
[0;32mI (470) cpu_start: Pro cpu up.[0m
[0;32mI (471) cpu_start: Starting app cpu, entry point is 0x400814a8[0m
[0;32mI (0) cpu_start: App cpu up.[0m
[0;32mI (488) cpu_start: Pro cpu start user code[0m
[0;32mI (488) cpu_start: cpu freq: 160000000 Hz[0m
[0;32mI (488) cpu_start: Application information:[0m
[0;32mI (493) cpu_start: Project name:     IoT_Speaker[0m
[0;32mI (498) cpu_start: App version:      d8a2ac6-dirty[0m
[0;32mI (504) cpu_start: Compile time:     Jun 10 2024 16:24:46[0m
[0;32mI (510) cpu_start: ELF file SHA256:  45e2f64715273fba...[0m
[0;32mI (516) cpu_start: ESP-IDF:          v5.1.2-dirty[0m
[0;32mI (521) cpu_start: Min chip rev:     v0.0[0m
[0;32mI (526) cpu_start: Max chip rev:     v3.99 [0m
[0;32mI (531) cpu_start: Chip rev:         v1.0[0m
[0;32mI (536) heap_init: Initializing. RAM available for dynamic allocation:[0m
[0;32mI (543) heap_init: At 3FFAE6E0 len 00001920 (6 KiB): DRAM[0m
[0;32mI (549) heap_init: At 3FFB8A90 len 00027570 (157 KiB): DRAM[0m
[0;32mI (555) heap_init: At 3FFE0440 len 00003AE0 (14 KiB): D/IRAM[0m
[0;32mI (561) heap_init: At 3FFE4350 len 0001BCB0 (111 KiB): D/IRAM[0m
[0;32mI (568) heap_init: At 40097050 len 00008FB0 (35 KiB): IRAM[0m
[0;32mI (576) spi_flash: detected chip: generic[0m
[0;32mI (579) spi_flash: flash io: dio[0m
[0;32mI (584) app_start: Starting scheduler on CPU0[0m
[0;32mI (588) app_start: Starting scheduler on CPU1[0m
[0;32mI (588) main_task: Started on CPU0[0m
[0;32mI (598) main_task: Calling app_main()[0m
I (658) wifi:wifi driver task: 3ffc0ba8, prio:23, stack:6656, core=0
I (678) wifi:wifi firmware version: 91b9630
I (678) wifi:wifi certification version: v7.0
I (678) wifi:config NVS flash: enabled
I (678) wifi:config nano formating: disabled
I (678) wifi:Init data frame dynamic rx buffer num: 32
I (688) wifi:Init static rx mgmt buffer num: 5
I (688) wifi:Init management short buffer num: 32
I (688) wifi:Init dynamic tx buffer num: 32
I (698) wifi:Init static rx buffer size: 1600
I (698) wifi:Init static rx buffer num: 10
I (708) wifi:Init dynamic rx buffer num: 32
[0;32mI (708) wifi_init: rx ba win: 6[0m
[0;32mI (708) wifi_init: tcpip mbox: 32[0m
[0;32mI (718) wifi_init: udp mbox: 6[0m
[0;32mI (718) wifi_init: tcp mbox: 6[0m
[0;32mI (728) wifi_init: tcp tx win: 5744[0m
[0;32mI (728) wifi_init: tcp rx win: 5744[0m
[0;32mI (728) wifi_init: tcp mss: 1440[0m
[0;32mI (738) wifi_init: WiFi IRAM OP enabled[0m
[0;32mI (738) wifi_init: WiFi RX IRAM OP enabled[0m
[0;32mI (748) phy_init: phy_version 4780,16b31a7,Sep 22 2023,20:42:16[0m
I (838) wifi:mode : sta (a4:e5:7c:f7:c2:fc)
I (838) wifi:enable tsf
[0;32mI (838) WIFI_EXAMPLE: wifi_init_sta finished.[0m
[0;32mI (848) SSD1306: Legacy i2c driver is used[0m
[0;32mI (848) gpio: GPIO[15]| InputEn: 0| OutputEn: 0| OpenDrain: 0| Pullup: 1| Pulldown: 0| Intr:0 [0m
I (908) wifi:new:<11,0>, old:<1,0>, ap:<255,255>, sta:<11,0>, prof:1
I (908) wifi:state: init -> auth (b0)
[0;32mI (908) SSD1306: OLED configured successfully[0m
I (908) wifi:state: auth -> assoc (0)
I (918) wifi:state: assoc -> run (10)
I (978) wifi:connected with Ebisu, aid = 1, channel 11, BW20, bssid = 52:77:05:8c:0d:72
I (978) wifi:security: WPA2-PSK, phy: bgn, rssi: -34
I (988) wifi:pm start, type: 1

I (998) wifi:<ba-add>idx:0 (ifx:0, 52:77:05:8c:0d:72), tid:0, ssn:2, winSize:64
I (1008) wifi:AP's beacon interval = 102400 us, DTIM period = 2
[0;32mI (1988) esp_netif_handlers: sta ip: 192.168.43.46, mask: 255.255.255.0, gw: 192.168.43.1[0m
[0;32mI (1988) WIFI_EXAMPLE: got ip:192.168.43.46[0m
[0;32mI (2098) MQTT: Other event id:7[0m
I (2648) wifi:<ba-add>idx:1 (ifx:0, 52:77:05:8c:0d:72), tid:4, ssn:0, winSize:64
[0;32mI (4088) MQTT: MQTT_EVENT_CONNECTED[0m
[0;32mI (4088) MQTT: sent subscribe successful, msg_id=6778[0m
[0;32mI (4498) MQTT: MQTT_EVENT_SUBSCRIBED, msg_id=6778[0m
[0;32mI (22518) MQTT: MQTT_EVENT_DATA[0m
TOPIC=esp_sub
DATA={"finished":false,"loop":false,"play":true,"songID":4,"stop":true,"volume":4}
CURRENT VALUE
finished: 0
play: 0
songID: -1
volume: -1
stop: 0
RECEIVED VALUE
finished: 0
play: 1
songID: 4
volume: 4
stop: 1

Play song id and set volume[0;32mI (22528) MQTT: Published data to MQTT broker, msg_id=0[0m
[0;32mI (23538) ESP32: Send data[0m
7E FF 06 06 00 00 0C FE E9 EF 
[0;32mI (25538) ESP32: Send data[0m
7E FF 06 03 00 00 04 FE F4 EF 

 Stop[0;32mI (26578) MQTT: Published data to MQTT broker, msg_id=0[0m
[0;32mI (27578) ESP32: Send data[0m
7E FF 06 16 00 00 00 FE E5 EF 
[0;32mI (35618) MQTT: MQTT_EVENT_DATA[0m
TOPIC=esp_sub
DATA={"finished":false,"loop":false,"play":true,"songID":3,"stop":true,"volume":4}
CURRENT VALUE
finished: 0
play: 1
songID: 4
volume: 4
stop: 1
RECEIVED VALUE
finished: 0
play: 1
songID: 3
volume: 4
stop: 1

play song id[0;32mI (35638) MQTT: Published data to MQTT broker, msg_id=0[0m
[0;32mI (36648) ESP32: Send data[0m
7E FF 06 03 00 00 03 FE F5 EF 
[0;32mI (54058) MQTT: MQTT_EVENT_DATA[0m
TOPIC=esp_sub
DATA={"finished":false,"loop":false,"play":false,"songID":0,"stop":false,"volume":4}
CURRENT VALUE
finished: 0
play: 1
songID: 3
volume: 4
stop: 1
RECEIVED VALUE
finished: 0
play: 0
songID: 0
volume: 4
stop: 0
ets Jun  8 2016 00:22:57

rst:0x1 (POWERON_RESET),boot:0x13 (SPI_FAST_FLASH_BOOT)
configsip: 0, SPIWP:0xee
clk_drv:0x00,q_drv:0x00,d_drv:0x00,cs0_drv:0x00,hd_drv:0x00,wp_drv:0x00
mode:DIO, clock div:2
load:0x3fff0030,len:7084
ho 0 tail 12 room 4
load:0x40078000,len:15584
load:0x40080400,len:4
load:0x40080404,len:3876
entry 0x4008064c
[0;32mI (31) boot: ESP-IDF v5.1.2-dirty 2nd stage bootloader[0m
[0;32mI (31) boot: compile time May 22 2024 21:43:34[0m
[0;32mI (31) boot: Multicore bootloader[0m
[0;32mI (36) boot: chip revision: v1.0[0m
[0;32mI (39) boot.esp32: SPI Speed      : 40MHz[0m
[0;32mI (44) boot.esp32: SPI Mode       : DIO[0m
[0;32mI (49) boot.esp32: SPI Flash Size : 4MB[0m
[0;32mI (53) boot: Enabling RNG early entropy source...[0m
[0;32mI (59) boot: Partition Table:[0m
[0;32mI (62) boot: ## Label            Usage          Type ST Offset   Length[0m
[0;32mI (69) boot:  0 nvs              WiFi data        01 02 00009000 00006000[0m
[0;32mI (77) boot:  1 phy_init         RF data          01 01 0000f000 00001000[0m
[0;32mI (84) boot:  2 factory          factory app      00 00 00010000 00100000[0m
[0;32mI (92) boot: End of partition table[0m
[0;32mI (96) esp_image: segment 0: paddr=00010020 vaddr=3f400020 size=26d84h (159108) map[0m
[0;32mI (162) esp_image: segment 1: paddr=00036dac vaddr=3ffb0000 size=03f74h ( 16244) load[0m
[0;32mI (169) esp_image: segment 2: paddr=0003ad28 vaddr=40080000 size=052f0h ( 21232) load[0m
[0;32mI (178) esp_image: segment 3: paddr=00040020 vaddr=400d0020 size=a125ch (660060) map[0m
[0;32mI (416) esp_image: segment 4: paddr=000e1284 vaddr=400852f0 size=11d60h ( 73056) load[0m
[0;32mI (458) boot: Loaded app from partition at offset 0x10000[0m
[0;32mI (459) boot: Disabling RNG early entropy source...[0m
[0;32mI (470) cpu_start: Multicore app[0m
[0;32mI (470) cpu_start: Pro cpu up.[0m
[0;32mI (471) cpu_start: Starting app cpu, entry point is 0x400814a8[0m
[0;32mI (0) cpu_start: App cpu up.[0m
[0;32mI (488) cpu_start: Pro cpu start user code[0m
[0;32mI (488) cpu_start: cpu freq: 160000000 Hz[0m
[0;32mI (488) cpu_start: Application information:[0m
[0;32mI (493) cpu_start: Project name:     IoT_Speaker[0m
[0;32mI (498) cpu_start: App version:      d8a2ac6-dirty[0m
[0;32mI (504) cpu_start: Compile time:     Jun 10 2024 16:24:46[0m
[0;32mI (510) cpu_start: ELF file SHA256:  45e2f64715273fba...[0m
[0;32mI (516) cpu_start: ESP-IDF:          v5.1.2-dirty[0m
[0;32mI (521) cpu_start: Min chip rev:     v0.0[0m
[0;32mI (526) cpu_start: Max chip rev:     v3.99 [0m
[0;32mI (531) cpu_start: Chip rev:         v1.0[0m
[0;32mI (536) heap_init: Initializing. RAM available for dynamic allocation:[0m
[0;32mI (543) heap_init: At 3FFAE6E0 len 00001920 (6 KiB): DRAM[0m
[0;32mI (549) heap_init: At 3FFB8A90 len 00027570 (157 KiB): DRAM[0m
[0;32mI (555) heap_init: At 3FFE0440 len 00003AE0 (14 KiB): D/IRAM[0m
[0;32mI (561) heap_init: At 3FFE4350 len 0001BCB0 (111 KiB): D/IRAM[0m
[0;32mI (568) heap_init: At 40097050 len 00008FB0 (35 KiB): IRAM[0m
[0;32mI (576) spi_flash: detected chip: generic[0m
[0;32mI (579) spi_flash: flash io: dio[0m
[0;32mI (584) app_start: Starting scheduler on CPU0[0m
[0;32mI (588) app_start: Starting scheduler on CPU1[0m
[0;32mI (588) main_task: Started on CPU0[0m
[0;32mI (598) main_task: Calling app_main()[0m
I (658) wifi:wifi driver task: 3ffc0ba8, prio:23, stack:6656, core=0
I (678) wifi:wifi firmware version: 91b9630
I (678) wifi:wifi certification version: v7.0
I (678) wifi:config NVS flash: enabled
I (678) wifi:config nano formating: disabled
I (678) wifi:Init data frame dynamic rx buffer num: 32
I (688) wifi:Init static rx mgmt buffer num: 5
I (688) wifi:Init management short buffer num: 32
I (688) wifi:Init dynamic tx buffer num: 32
I (698) wifi:Init static rx buffer size: 1600
I (698) wifi:Init static rx buffer num: 10
I (708) wifi:Init dynamic rx buffer num: 32
[0;32mI (708) wifi_init: rx ba win: 6[0m
[0;32mI (708) wifi_init: tcpip mbox: 32[0m
[0;32mI (718) wifi_init: udp mbox: 6[0m
[0;32mI (718) wifi_init: tcp mbox: 6[0m
[0;32mI (728) wifi_init: tcp tx win: 5744[0m
[0;32mI (728) wifi_init: tcp rx win: 5744[0m
[0;32mI (728) wifi_init: tcp mss: 1440[0m
[0;32mI (738) wifi_init: WiFi IRAM OP enabled[0m
[0;32mI (738) wifi_init: WiFi RX IRAM OP enabled[0m
[0;32mI (748) phy_init: phy_version 4780,16b31a7,Sep 22 2023,20:42:16[0m
I (838) wifi:mode : sta (a4:e5:7c:f7:c2:fc)
I (838) wifi:enable tsf
[0;32mI (838) WIFI_EXAMPLE: wifi_init_sta finished.[0m
[0;32mI (848) SSD1306: Legacy i2c driver is used[0m
[0;32mI (848) gpio: GPIO[15]| InputEn: 0| OutputEn: 0| OpenDrain: 0| Pullup: 1| Pulldown: 0| Intr:0 [0m
I (858) wifi:new:<11,0>, old:<1,0>, ap:<255,255>, sta:<11,0>, prof:1
I (858) wifi:state: init -> auth (b0)
I (868) wifi:state: auth -> assoc (0)
I (868) wifi:state: assoc -> run (10)
[0;32mI (918) SSD1306: OLED configured successfully[0m
I (948) wifi:connected with Ebisu, aid = 1, channel 11, BW20, bssid = 52:77:05:8c:0d:72
I (948) wifi:security: WPA2-PSK, phy: bgn, rssi: -48
I (958) wifi:pm start, type: 1

I (958) wifi:AP's beacon interval = 102400 us, DTIM period = 2
I (988) wifi:<ba-add>idx:0 (ifx:0, 52:77:05:8c:0d:72), tid:0, ssn:2, winSize:64
[0;32mI (1968) esp_netif_handlers: sta ip: 192.168.43.46, mask: 255.255.255.0, gw: 192.168.43.1[0m
[0;32mI (1968) WIFI_EXAMPLE: got ip:192.168.43.46[0m
[0;32mI (2078) MQTT: Other event id:7[0m
I (2648) wifi:<ba-add>idx:1 (ifx:0, 52:77:05:8c:0d:72), tid:4, ssn:0, winSize:64
[0;32mI (4128) MQTT: MQTT_EVENT_CONNECTED[0m
[0;32mI (4138) MQTT: sent subscribe successful, msg_id=13698[0m
[0;32mI (4548) MQTT: MQTT_EVENT_SUBSCRIBED, msg_id=13698[0m
[0;32mI (9258) MQTT: MQTT_EVENT_DATA[0m
TOPIC=esp_sub
DATA={"finished":false,"loop":false,"play":true,"songID":2,"stop":false,"volume":4}
CURRENT VALUE
finished: 0
play: 0
songID: -1
volume: -1
stop: 0
RECEIVED VALUE
finished: 0
play: 1
songID: 2
volume: 4
stop: 0

Play song id and set volume[0;32mI (9268) MQTT: Published data to MQTT broker, msg_id=0[0m
[0;32mI (10278) ESP32: Send data[0m
7E FF 06 06 00 00 0C FE E9 EF 
[0;32mI (12278) ESP32: Send data[0m
7E FF 06 03 00 00 02 FE F6 EF 
[0;32mI (42018) MQTT: MQTT_EVENT_DATA[0m
TOPIC=esp_sub
DATA={"finished":false,"loop":false,"play":true,"songID":2,"stop":true,"volume":4}
CURRENT VALUE
finished: 0
play: 1
songID: 2
volume: 4
stop: 0
RECEIVED VALUE
finished: 0
play: 1
songID: 2
volume: 4
stop: 1

 Stop[0;32mI (42038) MQTT: Published data to MQTT broker, msg_id=0[0m
[0;32mI (43038) ESP32: Send data[0m
7E FF 06 16 00 00 00 FE E5 EF 
