ï¿½Hhï¿½Úšï¿½j%ï¿½(35) boot: chip revision: v3.1[0m
[0ï¿½ets Jul 29 2019 12:21:46

rst:0x1 (POWERON_RESET),boot:0x13 (SPI_FAST_FLASH_BOOT)
configsip: 0, SPIWP:0xee
clk_drv:0x00,q_drv:0x00,d_drv:0x00,cs0_drv:0x00,hd_drv:0x00,wp_drv:0x00
mode:DIO, clock div:2
load:0x3fff0030,len:7080
load:0x40078000,len:15584
load:0x40080400,len:4
ho 8 tail 4 room 4
load:0x40080404,len:3876
entry 0x4008064c
[0;32mI (31) boot: ESP-IDF v5.1.2 2nd stage bootloader[0m
[0;32mI (31) boot: compile time May 20 2024 15:24:38[0m
[0;32mI (31) boot: Multicore bootloader[0m
[0;32mI (35) boot: chip revision: v3.1[0m
[0;32mI (39) boot.esp32: SPI Speed      : 40MHz[0m
[0;32mI (44) boot.esp32: SPI Mode       : DIO[0m
[0;32mI (48) boot.esp32: SPI Flash Size : 2MB[0m
[0;32mI (53) boot: Enabling RNG early entropy source...[0m
[0;32mI (58) boot: Partition Table:[0m
[0;32mI (62) boot: ## Label            Usage          Type ST Offset   Length[0m
[0;32mI (69) boot:  0 nvs              WiFi data        01 02 00009000 00006000[0m
[0;32mI (77) boot:  1 phy_init         RF data          01 01 0000f000 00001000[0m
[0;32mI (84) boot:  2 factory          factory app      00 00 00010000 00100000[0m
[0;32mI (92) boot: End of partition table[0m
[0;32mI (96) esp_image: segment 0: paddr=00010020 vaddr=3f400020 size=26024h (155684) map[0m
[0;32mI (160) esp_image: segment 1: paddr=0003604c vaddr=3ffb0000 size=03b44h ( 15172) load[0m
[0;32mI (167) esp_image: segment 2: paddr=00039b98 vaddr=40080000 size=06480h ( 25728) load[0m
[0;32mI (178) esp_image: segment 3: paddr=00040020 vaddr=400d0020 size=9e7d4h (649172) map[0m
[0;32mI (412) esp_image: segment 4: paddr=000de7fc vaddr=40086480 size=10524h ( 66852) load[0m
[0;32mI (452) boot: Loaded app from partition at offset 0x10000[0m
[0;32mI (452) boot: Disabling RNG early entropy source...[0m
[0;32mI (463) cpu_start: Multicore app[0m
[0;32mI (464) cpu_start: Pro cpu up.[0m
[0;32mI (464) cpu_start: Starting app cpu, entry point is 0x4008146c[0m
[0;32mI (0) cpu_start: App cpu up.[0m
[0;32mI (481) cpu_start: Pro cpu start user code[0m
[0;32mI (481) cpu_start: cpu freq: 160000000 Hz[0m
[0;32mI (482) cpu_start: Application information:[0m
[0;32mI (486) cpu_start: Project name:     IoT_Speaker[0m
[0;32mI (492) cpu_start: App version:      f46fe8d-dirty[0m
[0;32mI (497) cpu_start: Compile time:     May 20 2024 15:23:59[0m
[0;32mI (503) cpu_start: ELF file SHA256:  cf63dba69ec0a7ed...[0m
[0;32mI (509) cpu_start: ESP-IDF:          v5.1.2[0m
[0;32mI (514) cpu_start: Min chip rev:     v0.0[0m
[0;32mI (519) cpu_start: Max chip rev:     v3.99 [0m
[0;32mI (523) cpu_start: Chip rev:         v3.1[0m
[0;32mI (528) heap_init: Initializing. RAM available for dynamic allocation:[0m
[0;32mI (536) heap_init: At 3FFAE6E0 len 00001920 (6 KiB): DRAM[0m
[0;32mI (541) heap_init: At 3FFB81E8 len 00027E18 (159 KiB): DRAM[0m
[0;32mI (548) heap_init: At 3FFE0440 len 00003AE0 (14 KiB): D/IRAM[0m
[0;32mI (554) heap_init: At 3FFE4350 len 0001BCB0 (111 KiB): D/IRAM[0m
[0;32mI (560) heap_init: At 400969A4 len 0000965C (37 KiB): IRAM[0m
[0;32mI (568) spi_flash: detected chip: generic[0m
[0;32mI (571) spi_flash: flash io: dio[0m
[0;33mW (575) spi_flash: Detected size(4096k) larger than the size in the binary image header(2048k). Using the size in the binary image header.[0m
[0;32mI (589) app_start: Starting scheduler on CPU0[0m
[0;32mI (593) app_start: Starting scheduler on CPU1[0m
[0;32mI (593) main_task: Started on CPU0[0m
[0;32mI (603) main_task: Calling app_main()[0m
I (653) wifi:wifi driver task: 3ffc01d8, prio:23, stack:6656, core=0
I (663) wifi:wifi firmware version: 91b9630
I (663) wifi:wifi certification version: v7.0
I (663) wifi:config NVS flash: enabled
I (673) wifi:config nano formating: disabled
I (673) wifi:Init data frame dynamic rx buffer num: 32
I (673) wifi:Init static rx mgmt buffer num: 5
I (683) wifi:Init management short buffer num: 32
I (683) wifi:Init dynamic tx buffer num: 32
I (693) wifi:Init static rx buffer size: 1600
I (693) wifi:Init static rx buffer num: 10
I (693) wifi:Init dynamic rx buffer num: 32
[0;32mI (703) wifi_init: rx ba win: 6[0m
[0;32mI (703) wifi_init: tcpip mbox: 32[0m
[0;32mI (713) wifi_init: udp mbox: 6[0m
[0;32mI (713) wifi_init: tcp mbox: 6[0m
[0;32mI (713) wifi_init: tcp tx win: 5744[0m
[0;32mI (723) wifi_init: tcp rx win: 5744[0m
[0;32mI (723) wifi_init: tcp mss: 1440[0m
[0;32mI (733) wifi_init: WiFi IRAM OP enabled[0m
[0;32mI (733) wifi_init: WiFi RX IRAM OP enabled[0m
[0;32mI (743) phy_init: phy_version 4780,16b31a7,Sep 22 2023,20:42:16[0m
I (833) wifi:mode : sta (d8:bc:38:fc:1d:e0)
I (833) wifi:enable tsf
[0;32mI (833) WIFI_EXAMPLE: wifi_init_sta finished.[0m
I (853) wifi:new:<1,0>, old:<1,0>, ap:<255,255>, sta:<1,0>, prof:1
I (853) wifi:state: init -> auth (b0)
I (883) wifi:state: auth -> assoc (0)
I (903) wifi:state: assoc -> run (10)
I (963) wifi:connected with KTMT - SinhVien, aid = 4, channel 1, BW20, bssid = 62:bf:1e:f1:2e:8e
I (973) wifi:security: WPA2-PSK, phy: bgn, rssi: -55
I (973) wifi:pm start, type: 1

I (1023) wifi:<ba-add>idx:0 (ifx:0, 62:bf:1e:f1:2e:8e), tid:0, ssn:0, winSize:64
I (1063) wifi:AP's beacon interval = 102400 us, DTIM period = 2
[0;32mI (1843) ESP32: Send data[0m
[0;32mI (1983) esp_netif_handlers: sta ip: 192.168.155.134, mask: 255.255.255.0, gw: 192.168.155.1[0m
[0;32mI (1983) WIFI_EXAMPLE: got ip:192.168.155.134[0m
[0;32mI (1983) MQTT: Other event id:7[0m
I (2403) wifi:<ba-add>idx:1 (ifx:0, 62:bf:1e:f1:2e:8e), tid:7, ssn:0, winSize:64
7E FF 06 06 00 00 0F FE E6 EF 
[0;32mI (3653) MQTT: MQTT_EVENT_CONNECTED[0m
[0;32mI (3653) MQTT: sent subscribe successful, msg_id=47548[0m
[0;32mI (3943) MQTT: MQTT_EVENT_SUBSCRIBED, msg_id=47548[0m
[0;32mI (3943) ESP32: Send data[0m
7E FF 06 03 00 00 03 FE F5 EF 
[0;32mI (5243) main_task: Returned from app_main()[0m
[0;32mI (193843) RX_TASK: Read 10 bytes: '7E'[0m
[0;32mI (193843) RX_TASK: Read 10 bytes: 'FF'[0m
[0;32mI (193843) RX_TASK: Read 10 bytes: '06'[0m
[0;32mI (193843) RX_TASK: Read 10 bytes: '3D'[0m
[0;32mI (193843) RX_TASK: Read 10 bytes: '00'[0m
[0;32mI (193853) RX_TASK: Read 10 bytes: '00'[0m
[0;32mI (193853) RX_TASK: Read 10 bytes: '03'[0m
[0;32mI (193863) RX_TASK: Read 10 bytes: 'FE'[0m
[0;32mI (193863) RX_TASK: Read 10 bytes: 'BB'[0m
[0;32mI (193873) RX_TASK: Read 10 bytes: 'EF'[0m
[0;32mI (193893) RX_TASK: Read 10 bytes: '7E'[0m
[0;32mI (193893) RX_TASK: Read 10 bytes: 'FF'[0m
[0;32mI (193893) RX_TASK: Read 10 bytes: '06'[0m
[0;32mI (193893) RX_TASK: Read 10 bytes: '40'[0m
[0;32mI (193903) RX_TASK: Read 10 bytes: '00'[0m
[0;32mI (193903) RX_TASK: Read 10 bytes: '00'[0m
[0;32mI (193913) RX_TASK: Read 10 bytes: '03'[0m
[0;32mI (193913) RX_TASK: Read 10 bytes: 'FE'[0m
[0;32mI (193923) RX_TASK: Read 10 bytes: 'B8'[0m
[0;32mI (193923) RX_TASK: Read 10 bytes: 'EF'[0m
[0;32mI (193953) RX_TASK: Read 10 bytes: '7E'[0m
[0;32mI (193953) RX_TASK: Read 10 bytes: 'FF'[0m
[0;32mI (193953) RX_TASK: Read 10 bytes: '06'[0m
[0;32mI (193953) RX_TASK: Read 10 bytes: '40'[0m
[0;32mI (193953) RX_TASK: Read 10 bytes: '00'[0m
[0;32mI (193963) RX_TASK: Read 10 bytes: '00'[0m
[0;32mI (193963) RX_TASK: Read 10 bytes: '03'[0m
[0;32mI (193973) RX_TASK: Read 10 bytes: 'FE'[0m
[0;32mI (193973) RX_TASK: Read 10 bytes: 'B8'[0m
[0;32mI (193983) RX_TASK: Read 10 bytes: 'EF'[0m
[0;32mI (194003) RX_TASK: Read 10 bytes: '7E'[0m
[0;32mI (194003) RX_TASK: Read 10 bytes: 'FF'[0m
[0;32mI (194003) RX_TASK: Read 10 bytes: '06'[0m
[0;32mI (194003) RX_TASK: Read 10 bytes: '40'[0m
[0;32mI (194013) RX_TASK: Read 10 bytes: '00'[0m
[0;32mI (194013) RX_TASK: Read 10 bytes: '00'[0m
[0;32mI (194023) RX_TASK: Read 10 bytes: '03'[0m
[0;32mI (194023) RX_TASK: Read 10 bytes: 'FE'[0m
[0;32mI (194033) RX_TASK: Read 10 bytes: 'B8'[0m
[0;32mI (194033) RX_TASK: Read 10 bytes: 'EF'[0m
[0;32mI (194063) RX_TASK: Read 10 bytes: '7E'[0m
[0;32mI (194063) RX_TASK: Read 10 bytes: 'FF'[0m
[0;32mI (194063) RX_TASK: Read 10 bytes: '06'[0m
[0;32mI (194063) RX_TASK: Read 10 bytes: '40'[0m
[0;32mI (194063) RX_TASK: Read 10 bytes: '00'[0m
[0;32mI (194073) RX_TASK: Read 10 bytes: '00'[0m
[0;32mI (194073) RX_TASK: Read 10 bytes: '03'[0m
[0;32mI (194083) RX_TASK: Read 10 bytes: 'FE'[0m
[0;32mI (194083) RX_TASK: Read 10 bytes: 'B8'[0m
[0;32mI (194093) RX_TASK: Read 10 bytes: 'EF'[0m
[0;32mI (194113) RX_TASK: Read 10 bytes: '7E'[0m
[0;32mI (194113) RX_TASK: Read 10 bytes: 'FF'[0m
[0;32mI (194113) RX_TASK: Read 10 bytes: '06'[0m
[0;32mI (194113) RX_TASK: Read 10 bytes: '40'[0m
[0;32mI (194123) RX_TASK: Read 10 bytes: '00'[0m
[0;32mI (194123) RX_TASK: Read 10 bytes: '00'[0m
[0;32mI (194133) RX_TASK: Read 10 bytes: '03'[0m
[0;32mI (194133) RX_TASK: Read 10 bytes: 'FE'[0m
[0;32mI (194143) RX_TASK: Read 10 bytes: 'B8'[0m
[0;32mI (194143) RX_TASK: Read 10 bytes: 'EF'[0m
[0;32mI (194163) RX_TASK: Read 10 bytes: '7E'[0m
[0;32mI (194163) RX_TASK: Read 10 bytes: 'FF'[0m
[0;32mI (194163) RX_TASK: Read 10 bytes: '06'[0m
[0;32mI (194163) RX_TASK: Read 10 bytes: '40'[0m
[0;32mI (194163) RX_TASK: Read 10 bytes: '00'[0m
[0;32mI (194173) RX_TASK: Read 10 bytes: '00'[0m
[0;32mI (194173) RX_TASK: Read 10 bytes: '03'[0m
[0;32mI (194183) RX_TASK: Read 10 bytes: 'FE'[0m
[0;32mI (194183) RX_TASK: Read 10 bytes: 'B8'[0m
[0;32mI (194193) RX_TASK: Read 10 bytes: 'EF'[0m
[0;32mI (222463) MQTT: MQTT_EVENT_DATA[0m
TOPIC=esp_sub
DATA={"finished":true,"play":true,"songID":3,"volume":8}
CURRENT VALUEfinished: 0
play: 0
songID: 0
volume: 0
RECEIVED VALUEfinished: 1
play: 1
songID: 3
volume: 8
[0;32mI (223473) ESP32: Send data[0m
7E FF 06 03 00 00 03 FE F5 EF 
[0;32mI (229943) MQTT: MQTT_EVENT_DATA[0m
TOPIC=esp_sub
DATA={"finished":true,"play":true,"songID":4,"volume":8}
CURRENT VALUEfinished: 0
play: 0
songID: 0
volume: 0
RECEIVED VALUEfinished: 1
play: 1
songID: 4
volume: 8
[0;32mI (230953) ESP32: Send data[0m
7E FF 06 03 00 00 04 FE F4 EF 
[0;32mI (240073) MQTT: MQTT_EVENT_DATA[0m
TOPIC=esp_sub
DATA={"finished":true,"play":true,"songID":6,"volume":8}
CURRENT VALUEfinished: 0
play: 0
songID: 0
volume: 0
RECEIVED VALUEfinished: 1
play: 1
songID: 6
volume: 8
[0;32mI (241083) ESP32: Send data[0m
7E FF 06 03 00 00 06 FE F2 EF 
[0;32mI (254163) MQTT: MQTT_EVENT_DATA[0m
TOPIC=esp_sub
DATA={"finished":true,"play":true,"songID":2,"volume":8}
CURRENT VALUEfinished: 0
play: 0
songID: 0
volume: 0
RECEIVED VALUEfinished: 1
play: 1
songID: 2
volume: 8
[0;32mI (255173) ESP32: Send data[0m
7E FF 06 03 00 00 02 FE F6 EF 
[0;32mI (277253) MQTT: MQTT_EVENT_DATA[0m
TOPIC=esp_sub
DATA={"finished":true,"play":true,"songID":1,"volume":8}
CURRENT VALUEfinished: 0
play: 0
songID: 0
volume: 0
RECEIVED VALUEfinished: 1
play: 1
songID: 1
volume: 8
[0;32mI (278263) ESP32: Send data[0m
7E FF 06 03 00 00 01 FE F7 EF 
0m
[0;32mI (36) boot: chip revision: v3ï¿½ets Jul 29 2019 12:21:46

rst:0x1 (POWERON_RESET),boot:0x13 (SPI_FAST_FLASH_BOOT)
configsip: 0, SPIWP:0xee
clk_drv:0x00,q_drv:0x00,d_drv:0x00,cs0_drv:0x00,hd_drv:0x00,wp_drv:0x00
mode:DIO, clock div:2
load:0x3fff0030,len:7084
ho 0 tail 12 room 4
load:0x40078000,len:15584
load:0x40080400,len:4
load:0x40080404,len:3876
entry 0x4008064c
[0;32mI (31) boot: ESP-IDF v5.1.2-dirty 2nd stage bootloader[0m
[0;32mI (31) boot: compile time May 20 2024 14:37:48[0m
[0;32mI (31) boot: Multicore bootloader[0m
[0;32mI (36) boot: chip revision: v3.1[0m
[0;32mI (40) boot.esp32: SPI Speed      : 40MHz[0m
[0;32mI (44) boot.esp32: SPI Mode       : DIO[0m
[0;32mI (49) boot.esp32: SPI Flash Size : 2MB[0m
[0;32mI (53) boot: Enabling RNG early entropy source...[0m
[0;32mI (59) boot: Partition Table:[0m
[0;32mI (62) boot: ## Label            Usage          Type ST Offset   Length[0m
[0;32mI (70) boot:  0 nvs              WiFi data        01 02 00009000 00006000[0m
[0;32mI (77) boot:  1 phy_init         RF data          01 01 0000f000 00001000[0m
[0;32mI (85) boot:  2 factory          factory app      00 00 00010000 00100000[0m
[0;32mI (92) boot: End of partition table[0m
[0;32mI (96) esp_image: segment 0: paddr=00010020 vaddr=3f400020 size=26024h (155684) map[0m
[0;32mI (161) esp_image: segment 1: paddr=0003604c vaddr=3ffb0000 size=03b44h ( 15172) load[0m
[0;32mI (167) esp_image: segment 2: paddr=00039b98 vaddr=40080000 size=06480h ( 25728) load[0m
[0;32mI (178) esp_image: segment 3: paddr=00040020 vaddr=400d0020 size=9e818h (649240) map[0m
[0;32mI (413) esp_image: segment 4: paddr=000de840 vaddr=40086480 size=10524h ( 66852) load[0m
[0;32mI (452) boot: Loaded app from partition at offset 0x10000[0m
[0;32mI (452) boot: Disabling RNG early entropy source...[0m
[0;32mI (464) cpu_start: Multicore app[0m
[0;32mI (464) cpu_start: Pro cpu up.[0m
[0;32mI (464) cpu_start: Starting app cpu, entry point is 0x4008146c[0m
[0;32mI (0) cpu_start: App cpu up.[0m
[0;32mI (482) cpu_start: Pro cpu start user code[0m
[0;32mI (482) cpu_start: cpu freq: 160000000 Hz[0m
[0;32mI (482) cpu_start: Application information:[0m
[0;32mI (487) cpu_start: Project name:     IoT_Speaker[0m
[0;32mI (492) cpu_start: App version:      f46fe8d[0m
[0;32mI (497) cpu_start: Compile time:     May 20 2024 14:37:10[0m
[0;32mI (503) cpu_start: ELF file SHA256:  aa1e056d52a7c4fa...[0m
[0;32mI (509) cpu_start: ESP-IDF:          v5.1.2-dirty[0m
[0;32mI (514) cpu_start: Min chip rev:     v0.0[0m
[0;32mI (519) cpu_start: Max chip rev:     v3.99 [0m
[0;32mI (524) cpu_start: Chip rev:         v3.1[0m
[0;32mI (529) heap_init: Initializing. RAM available for dynamic allocation:[0m
[0;32mI (536) heap_init: At 3FFAE6E0 len 00001920 (6 KiB): DRAM[0m
[0;32mI (542) heap_init: At 3FFB81E8 len 00027E18 (159 KiB): DRAM[0m
[0;32mI (548) heap_init: At 3FFE0440 len 00003AE0 (14 KiB): D/IRAM[0m
[0;32mI (555) heap_init: At 3FFE4350 len 0001BCB0 (111 KiB): D/IRAM[0m
[0;32mI (561) heap_init: At 400969A4 len 0000965C (37 KiB): IRAM[0m
[0;32mI (569) spi_flash: detected chip: generic[0m
[0;32mI (572) spi_flash: flash io: dio[0m
[0;33mW (576) spi_flash: Detected size(4096k) larger than the size in the binary image header(2048k). Using the size in the binary image header.[0m
[0;32mI (590) app_start: Starting scheduler on CPU0[0m
[0;32mI (594) app_start: Starting scheduler on CPU1[0m
[0;32mI (594) main_task: Started on CPU0[0m
[0;32mI (604) main_task: Calling app_main()[0m
I (654) wifi:wifi driver task: 3ffc01d8, prio:23, stack:6656, core=0
I (664) wifi:wifi firmware version: 91b9630
I (664) wifi:wifi certification version: v7.0
I (664) wifi:config NVS flash: enabled
I (664) wifi:config nano formating: disabled
I (674) wifi:Init data frame dynamic rx buffer num: 32
I (674) wifi:Init static rx mgmt buffer num: 5
I (684) wifi:Init management short buffer num: 32
I (684) wifi:Init dynamic tx buffer num: 32
I (694) wifi:Init static rx buffer size: 1600
I (694) wifi:Init static rx buffer num: 10
I (694) wifi:Init dynamic rx buffer num: 32
[0;32mI (704) wifi_init: rx ba win: 6[0m
[0;32mI (704) wifi_init: tcpip mbox: 32[0m
[0;32mI (714) wifi_init: udp mbox: 6[0m
[0;32mI (714) wifi_init: tcp mbox: 6[0m
[0;32mI (714) wifi_init: tcp tx win: 5744[0m
[0;32mI (724) wifi_init: tcp rx win: 5744[0m
[0;32mI (724) wifi_init: tcp mss: 1440[0m
[0;32mI (734) wifi_init: WiFi IRAM OP enabled[0m
[0;32mI (734) wifi_init: WiFi RX IRAM OP enabled[0m
[0;32mI (744) phy_init: phy_version 4780,16b31a7,Sep 22 2023,20:42:16[0m
I (834) wifi:mode : sta (d8:bc:38:fc:1d:e0)
I (834) wifi:enable tsf
[0;32mI (834) WIFI_EXAMPLE: wifi_init_st