_FLASH_BOOT)YYï¿½"%=m[0m
[0;32mI (49) boot.esp32: SPI Flash Size : 2MB[0m
[0;32mI (5ï¿½ets Jun  8 2016 00:22:57

rst:0x1 (POWERON_RESET),boot:0x13 (SPI_FAST_FLASH_BOOT)
configsip: 0, SPIWP:0xee
clk_drv:0x00,q_drv:0x00,d_drv:0x00,cs0_drv:0x00,hd_drv:0x00,wp_drv:0x00
mode:DIO, clock div:2
load:0x3fff0030,len:7084
ho 0 tail 12 room 4
load:0x40078000,len:15584
load:0x40080400,len:4
load:0x40080404,len:3876
entry 0x4008064c
[0;32mI (31) boot: ESP-IDF v5.1.2-dirty 2nd stage bootloader[0m
[0;32mI (31) boot: compile time May 20 2024 14:37:48[0m
[0;32mI (31) boot: Multicore bootloader[0m
[0;32mI (36) boot: chip revision: v1.0[0m
[0;32mI (39) boot.esp32: SPI Speed      : 40MHz[0m
[0;32mI (44) boot.esp32: SPI Mode       : DIO[0m
[0;32mI (49) boot.esp32: SPI Flash Size : 2MB[0m
[0;32mI (53) boot: Enabling RNG early entropy source...[0m
[0;32mI (58) boot: Partition Table:[0m
[0;32mI (62) boot: ## Label            Usage          Type ST Offset   Length[0m
[0;32mI (69) boot:  0 nvs              WiFi data        01 02 00009000 00006000[0m
[0;32mI (77) boot:  1 phy_init         RF data          01 01 0000f000 00001000[0m
[0;32mI (84) boot:  2 factory          factory app      00 00 00010000 00100000[0m
[0;32mI (92) boot: End of partition table[0m
[0;32mI (96) esp_image: segment 0: paddr=00010020 vaddr=3f400020 size=26024h (155684) map[0m
[0;32mI (161) esp_image: segment 1: paddr=0003604c vaddr=3ffb0000 size=03b44h ( 15172) load[0m
[0;32mI (167) esp_image: segment 2: paddr=00039b98 vaddr=40080000 size=06480h ( 25728) load[0m
[0;32mI (178) esp_image: segment 3: paddr=00040020 vaddr=400d0020 size=9e87ch (649340) map[0m
[0;32mI (412) esp_image: segment 4: paddr=000de8a4 vaddr=40086480 size=10524h ( 66852) load[0m
[0;32mI (452) boot: Loaded app from partition at offset 0x10000[0m
[0;32mI (452) boot: Disabling RNG early entropy source...[0m
[0;32mI (463) cpu_start: Multicore app[0m
[0;32mI (464) cpu_start: Pro cpu up.[0m
[0;32mI (464) cpu_start: Starting app cpu, entry point is 0x4008146c[0m
[0;32mI (0) cpu_start: App cpu up.[0m
[0;32mI (482) cpu_start: Pro cpu start user code[0m
[0;32mI (482) cpu_start: cpu freq: 160000000 Hz[0m
[0;32mI (482) cpu_start: Application information:[0m
[0;32mI (487) cpu_start: Project name:     IoT_Speaker[0m
[0;32mI (492) cpu_start: App version:      f46fe8d[0m
[0;32mI (497) cpu_start: Compile time:     May 20 2024 14:37:10[0m
[0;32mI (503) cpu_start: ELF file SHA256:  9af43bf6712fd021...[0m
[0;32mI (509) cpu_start: ESP-IDF:          v5.1.2-dirty[0m
[0;32mI (514) cpu_start: Min chip rev:     v0.0[0m
[0;32mI (519) cpu_start: Max chip rev:     v3.99 [0m
[0;32mI (524) cpu_start: Chip rev:         v1.0[0m
[0;32mI (529) heap_init: Initializing. RAM available for dynamic allocation:[0m
[0;32mI (536) heap_init: At 3FFAE6E0 len 00001920 (6 KiB): DRAM[0m
[0;32mI (542) heap_init: At 3FFB81E8 len 00027E18 (159 KiB): DRAM[0m
[0;32mI (548) heap_init: At 3FFE0440 len 00003AE0 (14 KiB): D/IRAM[0m
[0;32mI (554) heap_init: At 3FFE4350 len 0001BCB0 (111 KiB): D/IRAM[0m
[0;32mI (561) heap_init: At 400969A4 len 0000965C (37 KiB): IRAM[0m
[0;32mI (569) spi_flash: detected chip: generic[0m
[0;32mI (572) spi_flash: flash io: dio[0m
[0;33mW (576) spi_flash: Detected size(4096k) larger than the size in the binary image header(2048k). Using the size in the binary image header.[0m
[0;32mI (590) app_start: Starting scheduler on CPU0[0m
[0;32mI (594) app_start: Starting scheduler on CPU1[0m
[0;32mI (594) main_task: Started on CPU0[0m
[0;32mI (604) main_task: Calling app_main()[0m
I (644) wifi:wifi driver task: 3ffc023c, prio:23, stack:6656, core=0
I (654) wifi:wifi firmware version: 91b9630
I (664) wifi:wifi certification version: v7.0
I (664) wifi:config NVS flash: enabled
I (664) wifi:config nano formating: disabled
I (664) wifi:Init data frame dynamic rx buffer num: 32
I (664) wifi:Init static rx mgmt buffer num: 5
I (674) wifi:Init management short buffer num: 32
I (674) wifi:Init dynamic tx buffer num: 32
I (684) wifi:Init static rx buffer size: 1600
I (684) wifi:Init static rx buffer num: 10
I (684) wifi:Init dynamic rx buffer num: 32
[0;32mI (694) wifi_init: rx ba win: 6[0m
[0;32mI (694) wifi_init: tcpip mbox: 32[0m
[0;32mI (704) wifi_init: udp mbox: 6[0m
[0;32mI (704) wifi_init: tcp mbox: 6[0m
[0;32mI (704) wifi_init: tcp tx win: 5744[0m
[0;32mI (714) wifi_init: tcp rx win: 5744[0m
[0;32mI (714) wifi_init: tcp mss: 1440[0m
[0;32mI (724) wifi_init: WiFi IRAM OP enabled[0m
[0;32mI (724) wifi_init: WiFi RX IRAM OP enabled[0m
[0;32mI (734) phy_init: phy_version 4780,16b31a7,Sep 22 2023,20:42:16[0m
I (824) wifi:mode : sta (a4:e5:7c:f7:c2:fc)
I (824) wifi:enable tsf
[0;32mI (824) WIFI_EXAMPLE: wifi_init_sta finished.[0m
I (844) wifi:new:<11,0>, old:<1,0>, ap:<255,255>, sta:<11,0>, prof:1
I (844) wifi:state: init -> auth (b0)
I (854) wifi:state: auth -> assoc (0)
I (854) wifi:state: assoc -> run (10)
I (864) wifi:connected with A06.15, aid = 2, channel 11, BW20, bssid = 60:59:47:e4:83:40
I (864) wifi:security: WPA2-PSK, phy: bgn, rssi: -49
I (874) wifi:pm start, type: 1

I (1044) wifi:AP's beacon interval = 204800 us, DTIM period = 1
[0;32mI (1834) ESP32: Send data[0m
[0;32mI (1874) esp_netif_handlers: sta ip: 192.168.1.97, mask: 255.255.255.0, gw: 192.168.1.1[0m
[0;32mI (1874) WIFI_EXAMPLE: got ip:192.168.1.97[0m
[0;32mI (1874) MQTT: Other event id:7[0m
I (1894) wifi:<ba-add>idx:0 (ifx:0, 60:59:47:e4:83:40), tid:0, ssn:5, winSize:64
I (1914) wifi:<ba-add>idx:1 (ifx:0, 60:59:47:e4:83:40), tid:7, ssn:5, winSize:64
7E FF 06 06 00 00 0F FE E6 EF 
[0;32mI (3834) ESP32: Send data[0m
7E FF 06 03 00 00 01 FE F7 EF 
[0;32mI (5964) MQTT: MQTT_EVENT_CONNECTED[0m
[0;32mI (5974) MQTT: sent subscribe successful, msg_id=35510[0m
[0;32mI (6584) MQTT: MQTT_EVENT_SUBSCRIBED, msg_id=35510[0m
[0;32mI (12114) MQTT: MQTT_EVENT_DATA[0m
TOPIC=esp_sub
DATA={"finished":false,"play":true,"songID":3,"volume":20}
CURRENT VALUE
finished: 0
play: 0
songID: 0
volume: 0
RECEIVED VALUE
finished: 0
play: 1
songID: 3
volume: 20
[0;32mI (13124) ESP32: Send data[0m
7E FF 06 03 00 00 03 FE F5 EF 
[0;32mI (15124) ESP32: Send data[0m
7E FF 06 06 00 00 14 FE E1 EF 
[0;32mI (17124) ESP32: Send data[0m
7E FF 06 0D 00 00 00 FE EE EF 
[0;32mI (25634) MQTT: MQTT_EVENT_DATA[0m
TOPIC=esp_sub
DATA={"finished":false,"play":true,"songID":3,"volume":4}
CURRENT VALUE
finished: 0
play: 1
songID: 3
volume: 20
RECEIVED VALUE
finished: 0
play: 1
songID: 3
volume: 4
[0;32mI (26644) ESP32: Send data[0m
7E FF 06 06 00 00 04 FE F1 EF 
[0;32mI (33204) MQTT: MQTT_EVENT_DATA[0m
TOPIC=esp_sub
DATA={"finished":false,"play":true,"songID":3,"volume":7}
CURRENT VALUE
finished: 0
play: 1
songID: 3
volume: 4
RECEIVED VALUE
finished: 0
play: 1
songID: 3
volume: 7
[0;32mI (34214) ESP32: Send data[0m
7E FF 06 06 00 00 07 FE EE EF 
[0;32mI (41404) MQTT: MQTT_EVENT_DATA[0m
TOPIC=esp_sub
DATA={"finished":false,"play":true,"songID":3,"volume":10}
CURRENT VALUE
finished: 0
play: 1
songID: 3
volume: 7
RECEIVED VALUE
finished: 0
play: 1
songID: 3
volume: 10
[0;32mI (42414) ESP32: Send data[0m
7E FF 06 06 00 00 0A FE EB EF 
[0;32mI (56554) MQTT: MQTT_EVENT_DATA[0m
TOPIC=esp_sub
DATA={"finished":false,"play":true,"songID":3,"volume":15}
CURRENT VALUE
finished: 0
play: 1
songID: 3
volume: 10
RECEIVED VALUE
finished: 0
play: 1
songID: 3
volume: 15
[0;32mI (57564) ESP32: Send data[0m
7E FF 06 06 00 00 0F FE E6 EF 
[0;32mI (58564) MQTT: MQTT_EVENT_DATA[0m
TOPIC=esp_sub
DATA={"finished":false,"play":false,"songID":3,"volume":15}
CURRENT VALUE
finished: 0
play: 1
songID: 3
volume: 15
RECEIVED VALUE
finished: 0
play: 0
songID: 3
volume: 15
[0;32mI (59574) ESP32: Send data[0m
7E FF 06 0E 00 00 00 FE ED EF 
[0;32mI (61144) MQTT: MQTT_EVENT_DATA[0m
TOPIC=esp_sub
DATA={"finished":false,"play":true,"songID":3,"volume":15}
CURRENT VALUE
finished: 0
play: 0
songID: 3
volume: 15
RECEIVED VALUE
finished: 0
play: 1
songID: 3
volume: 15
[0;32mI (62154) ESP32: Send data[0m
7E FF 06 0D 00 00 00 FE EE EF 
[0;32mI (79904) MQTT: MQTT_EVENT_DATA[0m
TOPIC=esp_sub
DATA={"finished":false,"play":false,"songID":3,"volume":15}
CURRENT VALUE
finished: 0
play: 1
songID: 3
volume: 15
RECEIVED VALUE
finished: 0
play: 0
songID: 3
volume: 15
[0;32mI (80914) ESP32: Send data[0m
7E FF 06 0E 00 00 00 FE ED EF 
[0;32mI (143394) MQTT: MQTT_EVENT_DATA[0m
TOPIC=esp_sub
DATA={"finished":false,"play":false,"songID":2,"volume":15}
CURRENT VALUE
finished: 0
play: 0
songID: 3
volume: 15
RECEIVED VALUE
finished: 0
play: 0
songID: 2
volume: 15
[0;32mI (144404) ESP32: Send data[0m
7E FF 06 03 00 00 02 FE F6 EF 
[0;32mI (145404) MQTT: MQTT_EVENT_DATA[0m
TOPIC=esp_sub
DATA={"finished":false,"play":false,"songID":1,"volume":15}
CURRENT VALUE
finished: 0
play: 0
songID: 2
volume: 15
RECEIVED VALUE
finished: 0
play: 0
songID: 1
volume: 15
[0;32mI (146414) ESP32: Send data[0m
7E FF 06 03 00 00 01 FE F7 EF 
[0;32mI (147414) MQTT: MQTT_EVENT_DATA[0m
TOPIC=esp_sub
DATA={"finished":true,"play":false,"songID":1,"volume":15}
CURRENT VALUE
finished: 0
play: 0
songID: 1
volume: 15
RECEIVED VALUE
finished: 1
play: 0
songID: 1
volume: 15
[0;32mI (147424) MQTT: MQTT_EVENT_DATA[0m
TOPIC=esp_sub
DATA={"finished":true,"play":false,"songID":2,"volume":15}
CURRENT VALUE
finished: 1
play: 0
songID: 1
volume: 15
RECEIVED VALUE
finished: 1
play: 0
songID: 2
volume: 15
[0;32mI (148444) ESP32: Send data[0m
7E FF 06 03 00 00 02 FE F6 EF 
[0;32mI (150444) ESP32: Send data[0m
7E FF 06 03 00 00 02 FE F6 EF 
[0;32mI (151444) MQTT: MQTT_EVENT_DATA[0m
TOPIC=esp_sub
DATA={"finished":true,"play":true,"songID":2,"volume":15}
CURRENT VALUE
finished: 1
play: 0
songID: 2
volume: 15
RECEIVED VALUE
finished: 1
play: 1
songID: 2
volume: 15
[0;32mI (152454) ESP32: Send data[0m
7E FF 06 0D 00 00 00 FE EE EF 
[0;32mI (154454) ESP32: Send data[0m
7E FF 06 03 00 00 02 FE F6 EF 
[0;32mI (155454) MQTT: MQTT_EVENT_DATA[0m
TOPIC=esp_sub
DATA={"finished":true,"play":true,"songID":1,"volume":15}
CURRENT VALUE
finished: 1
play: 1
songID: 2
volume: 15
RECEIVED VALUE
finished: 1
play: 1
songID: 1
volume: 15
[0;32mI (156464) ESP32: Send data[0m
7E FF 06 03 00 00 01 FE F7 EF 
[0;32mI (158464) ESP32: Send data[0m
7E FF 06 03 00 00 01 FE F7 EF 
[0;32mI (159464) MQTT: MQTT_EVENT_DATA[0m
TOPIC=esp_sub
DATA={"finished":true,"play":false,"songID":1,"volume":15}
CURRENT VALUE
finished: 1
play: 1
songID: 1
volume: 15
RECEIVED VALUE
finished: 1
play: 0
songID: 1
volume: 15
[0;32mI (160474) ESP32: Send data[0m
7E FF 06 0E 00 00 00 FE ED EF 
[0;32mI (162474) ESP32: Send data[0m
7E FF 06 03 00 00 01 FE F7 EF 
[0;32mI (163474) MQTT: MQTT_EVENT_DATA[0m
TOPIC=esp_sub
DATA={"finished":true,"play":true,"songID":1,"volume":15}
CURRENT VALUE
finished: 1
play: 0
songID: 1
volume: 15
RECEIVED VALUE
finished: 1
play: 1
songID: 1
volume: 15
[0;32mI (164484) ESP32: Send data[0m
7E FF 06 0D 00 00 00 FE EE EF 
[0;32mI (166484) ESP32: Send data[0m
7E FF 06 03 00 00 01 FE F7 EF 
[0;32mI (167484) MQTT: MQTT_EVENT_DATA[0m
TOPIC=esp_sub
DATA={"finished":true,"play":false,"songID":1,"volume":15}
CURRENT VALUE
finished: 1
play: 1
songID: 1
volume: 15
RECEIVED VALUE
finished: 1
play: 0
songID: 1
volume: 15
[0;32mI (168494) ESP32: Send data[0m
7E FF 06 0E 00 00 00 FE ED EF 
[0;32mI (170494) ESP32: Send data[0m
7E FF 06 03 00 00 01 FE F7 EF 
